
Memory Configuration

Name             Origin             Length             Attributes
flash            0x08000000         0x00020000         xr
SRAM             0x20000000         0x00005000         xrw
*default*        0x00000000         0xffffffff

Linker script and memory map


.text           0x08000000      0x220
 *(.vector*)
 .vectors       0x08000000       0x50 startup.o
 *(.text*)
 .text          0x08000050       0xb8 main.o
                0x08000050                main
 .text          0x08000108        0x8 startup.o
 .text          0x08000110      0x110 cortex_m3.elf

.glue_7         0x08000220        0x0
 .glue_7        0x00000000        0x0 linker stubs

.glue_7t        0x08000220        0x0
 .glue_7t       0x00000000        0x0 linker stubs

.vfp11_veneer   0x08000220        0x0
 .vfp11_veneer  0x00000000        0x0 linker stubs

.v4_bx          0x08000220        0x0
 .v4_bx         0x00000000        0x0 linker stubs

.iplt           0x08000220        0x0
 .iplt          0x00000000        0x0 main.o

.rel.dyn        0x08000220        0x0
 .rel.iplt      0x00000000        0x0 main.o

.data           0x08000220        0x0
 *(.data)
 .data          0x08000220        0x0 main.o
 .data          0x08000220        0x0 startup.o

.igot.plt       0x08000220        0x0
 .igot.plt      0x00000000        0x0 main.o

.bss            0x20000000        0x0
 *(.bss)
 .bss           0x20000000        0x0 main.o
 .bss           0x20000000        0x0 startup.o
LOAD main.o
LOAD startup.o
LOAD cortex_m3.elf
OUTPUT(a.out elf32-littlearm)

.debug_info     0x00000000      0x234
 .debug_info    0x00000000       0xab main.o
 .debug_info    0x000000ab       0x6f startup.o
 .debug_info    0x0000011a      0x11a cortex_m3.elf

.debug_abbrev   0x00000000       0xe0
 .debug_abbrev  0x00000000       0x5c main.o
 .debug_abbrev  0x0000005c       0x14 startup.o
 .debug_abbrev  0x00000070       0x70 cortex_m3.elf

.debug_loc      0x00000000       0x70
 .debug_loc     0x00000000       0x38 main.o
 .debug_loc     0x00000038       0x38 cortex_m3.elf

.debug_aranges  0x00000000       0x80
 .debug_aranges
                0x00000000       0x20 main.o
 .debug_aranges
                0x00000020       0x20 startup.o
 .debug_aranges
                0x00000040       0x40 cortex_m3.elf

.debug_line     0x00000000      0x122
 .debug_line    0x00000000       0x56 main.o
 .debug_line    0x00000056       0x3b startup.o
 .debug_line    0x00000091       0x91 cortex_m3.elf

.debug_str      0x00000000       0xae
 .debug_str     0x00000000       0xae main.o
                                 0xe7 (size before relaxing)
 .debug_str     0x00000000       0xae cortex_m3.elf

.comment        0x00000000       0x11
 .comment       0x00000000       0x11 main.o
                                 0x12 (size before relaxing)
 .comment       0x00000000       0x11 cortex_m3.elf

.ARM.attributes
                0x00000000       0x31
 .ARM.attributes
                0x00000000       0x33 main.o
 .ARM.attributes
                0x00000033       0x21 startup.o
 .ARM.attributes
                0x00000054       0x31 cortex_m3.elf

.debug_frame    0x00000000       0x58
 .debug_frame   0x00000000       0x2c main.o
 .debug_frame   0x0000002c       0x2c cortex_m3.elf
