
Allocating common symbols
Common symbol       size              file

pr_state            0x1               main.o
AM_state            0x1               alarm_monitor.o
MA_state            0x1               main.o
pr_pointerstate     0x4               pressure.o
alarm_monitor_pointer_state
                    0x4               alarm_monitor.o
AD_state            0x1               alarm_driver.o
alarm_driver_pointer
                    0x4               alarm_driver.o
main_pointer        0x4               mainalgorithm.o

Memory Configuration

Name             Origin             Length             Attributes
flash            0x08000000         0x00020000         xr
sram             0x20000000         0x00005000         xrw
*default*        0x00000000         0xffffffff

Linker script and memory map


.text           0x08000000      0x518
 *(.vectors*)
 .vectors       0x08000000       0x1c startup.o
                0x08000000                vectors
 *(.text*)
 .text          0x0800001c       0xdc alarm_driver.o
                0x0800001c                Start_Alarm
                0x08000038                Stop_Alarm
                0x08000054                ST_alarm_d_init
                0x08000080                ST_alarm_d_on
                0x080000b0                ST_alarm_d_off
                0x080000e0                ST_alarm_d_waiting
 .text          0x080000f8       0xb4 alarm_monitor.o
                0x080000f8                High_Pressure_Detected
                0x08000138                ST_alarmon_
                0x08000164                ST_alarmoff_
                0x0800017c                ST_alarmwaiting_
 .text          0x080001ac      0x10c driver.o
                0x080001ac                Delay
                0x080001d0                getPressureVal
                0x080001e8                Set_Alarm_actuator
                0x08000238                GPIO_INITIALIZATION
 .text          0x080002b8       0x8c main.o
                0x080002b8                setup
                0x0800030c                main
 .text          0x08000344       0x6c mainalgorithm.o
                0x08000344                ST_MA_high_pressure_detected
 .text          0x080003b0       0xac pressure.o
                0x080003b0                ST_pressure_init
                0x080003dc                ST_pressure_reading
                0x08000414                ST_pressure_waiting
                0x08000444                get_pval
 .text          0x0800045c       0xbc startup.o
                0x0800045c                NMI_Handler
                0x0800045c                H_Fault_Handler
                0x0800045c                Default_Hundler
                0x0800045c                MM_Fault_Handler
                0x0800045c                Bus_Fault
                0x0800045c                Usage_Fault_Handler
                0x08000468                Reset_Hundler
                0x08000518                _E_TEXT = .

.glue_7         0x08000518        0x0
 .glue_7        0x00000000        0x0 linker stubs

.glue_7t        0x08000518        0x0
 .glue_7t       0x00000000        0x0 linker stubs

.vfp11_veneer   0x08000518        0x0
 .vfp11_veneer  0x00000000        0x0 linker stubs

.v4_bx          0x08000518        0x0
 .v4_bx         0x00000000        0x0 linker stubs

.iplt           0x08000518        0x0
 .iplt          0x00000000        0x0 alarm_driver.o

.rel.dyn        0x08000518        0x0
 .rel.iplt      0x00000000        0x0 alarm_driver.o

.data           0x20000000        0x4 load address 0x08000518
                0x20000000                _S_DATA = .
 *(.data*)
 .data          0x20000000        0x0 alarm_driver.o
 .data          0x20000000        0x0 alarm_monitor.o
 .data          0x20000000        0x0 driver.o
 .data          0x20000000        0x0 main.o
 .data          0x20000000        0x4 mainalgorithm.o
 .data          0x20000004        0x0 pressure.o
 .data          0x20000004        0x0 startup.o
                0x20000004                . = ALIGN (0x4)
                0x20000004                _E_DATA = .

.igot.plt       0x20000004        0x0 load address 0x0800051c
 .igot.plt      0x00000000        0x0 alarm_driver.o

.bss            0x20000004     0x1024 load address 0x0800051c
                0x20000004                _S_BSS = .
 *(.bss*)
 .bss           0x20000004        0x0 alarm_driver.o
 .bss           0x20000004        0x0 alarm_monitor.o
 .bss           0x20000004        0x0 driver.o
 .bss           0x20000004        0x0 main.o
 .bss           0x20000004        0x4 mainalgorithm.o
 .bss           0x20000008        0x4 pressure.o
 .bss           0x2000000c        0x0 startup.o
                0x2000000c                _E_BSS = .
                0x2000000c                . = ALIGN (0x4)
                0x2000100c                . = (. + 0x1000)
 *fill*         0x2000000c     0x1000 
                0x2000100c                _STACK_TOP = .
 COMMON         0x2000100c        0x8 alarm_driver.o
                0x2000100c                AD_state
                0x20001010                alarm_driver_pointer
 COMMON         0x20001014        0x8 alarm_monitor.o
                0x20001014                AM_state
                0x20001018                alarm_monitor_pointer_state
 COMMON         0x2000101c        0x2 main.o
                0x2000101c                pr_state
                0x2000101d                MA_state
 *fill*         0x2000101e        0x2 
 COMMON         0x20001020        0x4 mainalgorithm.o
                0x20001020                main_pointer
 COMMON         0x20001024        0x4 pressure.o
                0x20001024                pr_pointerstate
LOAD alarm_driver.o
LOAD alarm_monitor.o
LOAD driver.o
LOAD main.o
LOAD mainalgorithm.o
LOAD pressure.o
LOAD startup.o
OUTPUT(pressure_detector.elf elf32-littlearm)

.debug_info     0x00000000      0x88b
 .debug_info    0x00000000      0x14a alarm_driver.o
 .debug_info    0x0000014a      0x12e alarm_monitor.o
 .debug_info    0x00000278      0x103 driver.o
 .debug_info    0x0000037b      0x197 main.o
 .debug_info    0x00000512      0x11e mainalgorithm.o
 .debug_info    0x00000630      0x12f pressure.o
 .debug_info    0x0000075f      0x12c startup.o

.debug_abbrev   0x00000000      0x472
 .debug_abbrev  0x00000000       0x92 alarm_driver.o
 .debug_abbrev  0x00000092       0xa5 alarm_monitor.o
 .debug_abbrev  0x00000137       0x9d driver.o
 .debug_abbrev  0x000001d4       0xa5 main.o
 .debug_abbrev  0x00000279       0x8b mainalgorithm.o
 .debug_abbrev  0x00000304       0xb9 pressure.o
 .debug_abbrev  0x000003bd       0xb5 startup.o

.debug_loc      0x00000000      0x424
 .debug_loc     0x00000000      0x108 alarm_driver.o
 .debug_loc     0x00000108       0xbc alarm_monitor.o
 .debug_loc     0x000001c4       0xc8 driver.o
 .debug_loc     0x0000028c       0x58 main.o
 .debug_loc     0x000002e4       0x2c mainalgorithm.o
 .debug_loc     0x00000310       0xb0 pressure.o
 .debug_loc     0x000003c0       0x64 startup.o

.debug_aranges  0x00000000       0xe0
 .debug_aranges
                0x00000000       0x20 alarm_driver.o
 .debug_aranges
                0x00000020       0x20 alarm_monitor.o
 .debug_aranges
                0x00000040       0x20 driver.o
 .debug_aranges
                0x00000060       0x20 main.o
 .debug_aranges
                0x00000080       0x20 mainalgorithm.o
 .debug_aranges
                0x000000a0       0x20 pressure.o
 .debug_aranges
                0x000000c0       0x20 startup.o

.debug_line     0x00000000      0x326
 .debug_line    0x00000000       0x66 alarm_driver.o
 .debug_line    0x00000066       0x64 alarm_monitor.o
 .debug_line    0x000000ca       0x98 driver.o
 .debug_line    0x00000162       0x9c main.o
 .debug_line    0x000001fe       0x67 mainalgorithm.o
 .debug_line    0x00000265       0x58 pressure.o
 .debug_line    0x000002bd       0x69 startup.o

.debug_str      0x00000000      0x3dd
 .debug_str     0x00000000      0x16b alarm_driver.o
                                0x1a4 (size before relaxing)
 .debug_str     0x0000016b       0xa7 alarm_monitor.o
                                0x18f (size before relaxing)
 .debug_str     0x00000212       0x4c driver.o
                                0x13d (size before relaxing)
 .debug_str     0x0000025e       0x74 main.o
                                0x201 (size before relaxing)
 .debug_str     0x000002d2       0x3e mainalgorithm.o
                                0x178 (size before relaxing)
 .debug_str     0x00000310       0x4d pressure.o
                                0x171 (size before relaxing)
 .debug_str     0x0000035d       0x80 startup.o
                                 0xfa (size before relaxing)

.comment        0x00000000       0x11
 .comment       0x00000000       0x11 alarm_driver.o
                                 0x12 (size before relaxing)
 .comment       0x00000000       0x12 alarm_monitor.o
 .comment       0x00000000       0x12 driver.o
 .comment       0x00000000       0x12 main.o
 .comment       0x00000000       0x12 mainalgorithm.o
 .comment       0x00000000       0x12 pressure.o
 .comment       0x00000000       0x12 startup.o

.ARM.attributes
                0x00000000       0x33
 .ARM.attributes
                0x00000000       0x33 alarm_driver.o
 .ARM.attributes
                0x00000033       0x33 alarm_monitor.o
 .ARM.attributes
                0x00000066       0x33 driver.o
 .ARM.attributes
                0x00000099       0x33 main.o
 .ARM.attributes
                0x000000cc       0x33 mainalgorithm.o
 .ARM.attributes
                0x000000ff       0x33 pressure.o
 .ARM.attributes
                0x00000132       0x33 startup.o

.debug_frame    0x00000000      0x2d8
 .debug_frame   0x00000000       0xa8 alarm_driver.o
 .debug_frame   0x000000a8       0x80 alarm_monitor.o
 .debug_frame   0x00000128       0x78 driver.o
 .debug_frame   0x000001a0       0x48 main.o
 .debug_frame   0x000001e8       0x2c mainalgorithm.o
 .debug_frame   0x00000214       0x78 pressure.o
 .debug_frame   0x0000028c       0x4c startup.o
