../stm32_f103c6_drivers.c/stm32_f103c6_EXTI_driver.c:22:6:NVIC_EXTI_ENABLE	16	static
../stm32_f103c6_drivers.c/stm32_f103c6_EXTI_driver.c:65:6:NVIC_EXTI_DISABLE	16	static
../stm32_f103c6_drivers.c/stm32_f103c6_EXTI_driver.c:108:13:update	24	static
../stm32_f103c6_drivers.c/stm32_f103c6_EXTI_driver.c:167:6:MCAL_EXTI_GPIO_INIT	16	static
../stm32_f103c6_drivers.c/stm32_f103c6_EXTI_driver.c:170:6:MCAL_EXTI_DEINIT	4	static
../stm32_f103c6_drivers.c/stm32_f103c6_EXTI_driver.c:188:6:MCAL_EXTI_UPDATE	16	static
../stm32_f103c6_drivers.c/stm32_f103c6_EXTI_driver.c:194:6:EXTI0_IRQHandler	8	static
../stm32_f103c6_drivers.c/stm32_f103c6_EXTI_driver.c:200:6:EXTI1_IRQHandler	8	static
../stm32_f103c6_drivers.c/stm32_f103c6_EXTI_driver.c:206:6:EXTI2_IRQHandler	8	static
../stm32_f103c6_drivers.c/stm32_f103c6_EXTI_driver.c:212:6:EXTI3_IRQHandler	8	static
../stm32_f103c6_drivers.c/stm32_f103c6_EXTI_driver.c:218:6:EXTI4_IRQHandler	8	static
../stm32_f103c6_drivers.c/stm32_f103c6_EXTI_driver.c:224:6:EXTI9_5_IRQHandler	8	static
../stm32_f103c6_drivers.c/stm32_f103c6_EXTI_driver.c:248:6:EXTI15_10_IRQHandler	8	static
