D:/ks embedded system ass/unit15 RTOS/ABDO_RTOS1/CMSIS/core_cm3 (1).h:1641:22:__NVIC_SetPriority	16	static
D:/ks embedded system ass/unit15 RTOS/ABDO_RTOS1/CMSIS/core_cm3 (1).h:1839:26:SysTick_Config	16	static
../RTOS/cortexM_os_porting.c:12:6:HardFault_Handler	4	static
../RTOS/cortexM_os_porting.c:17:6:MemManage_Handler	4	static
../RTOS/cortexM_os_porting.c:22:6:BusFault_Handler	4	static
../RTOS/cortexM_os_porting.c:27:6:UsageFault_Handler	4	static
../RTOS/cortexM_os_porting.c:34:28:SVC_Handler	0	static,ignoring_inline_asm
../RTOS/cortexM_os_porting.c:45:6:HAL_init	8	static
../RTOS/cortexM_os_porting.c:52:6:trigger_OS_PendSV	4	static
../RTOS/cortexM_os_porting.c:59:6:start_tick	8	static
