../RTOS/schedular.c:50:6:idle_task	4	static,ignoring_inline_asm
../RTOS/schedular.c:60:28:PendSV_Handler	0	static,ignoring_inline_asm
../RTOS/schedular.c:124:6:decide_what_next	8	static
../RTOS/schedular.c:148:6:bubbleSort	24	static
../RTOS/schedular.c:168:6:MYRTOS_update_mySchedule	24	static
../RTOS/schedular.c:223:6:OS_svc_services	24	static
../RTOS/schedular.c:255:6:SysTick_Handler	8	static
../RTOS/schedular.c:268:6:OS_svc_set_id	16	static,ignoring_inline_asm
../RTOS/schedular.c:288:6:MYRTOS_update_taskwaiting_time	16	static
../RTOS/schedular.c:312:6:OS_create_mainstack	4	static
../RTOS/schedular.c:328:6:OS_create_task_stack	24	static
../RTOS/schedular.c:366:16:MYRTOS_init	16	static
../RTOS/schedular.c:399:16:MYRTOS_CreateTask	24	static
../RTOS/schedular.c:429:6:MYRTOS_activate_task	16	static
../RTOS/schedular.c:434:6:MYRTOS_terminate_task	16	static
../RTOS/schedular.c:440:6:MYRTOS_start	8	static,ignoring_inline_asm
../RTOS/schedular.c:461:6:MYRTOS_taskwait	16	static
../RTOS/schedular.c:470:16:MYRTOS_Aquire_mutex	16	static
../RTOS/schedular.c:500:6:MYRTOS_release_mutex	16	static
