../MCAL/EXTI.c:37:6:Enable_NVIC	16	static
../MCAL/EXTI.c:76:6:Disable_NVIC	16	static
../MCAL/EXTI.c:119:6:Update_EXTI	24	static
../MCAL/EXTI.c:193:6:MCAL_EXTI_GPIO_DeInit	4	static
../MCAL/EXTI.c:227:6:MCAL_EXTI_GPIO_init	16	static
../MCAL/EXTI.c:241:6:MCAL_EXTI_GPIO_Update	16	static
../MCAL/EXTI.c:256:6:EXTI0_IRQHandler	8	static
../MCAL/EXTI.c:264:6:EXTI1_IRQHandler	8	static
../MCAL/EXTI.c:270:6:EXTI2_IRQHandler	8	static
../MCAL/EXTI.c:276:6:EXTI3_IRQHandler	8	static
../MCAL/EXTI.c:282:6:EXTI4_IRQHandler	8	static
../MCAL/EXTI.c:287:6:EXTI9_5_IRQHandler	8	static
../MCAL/EXTI.c:296:6:EXTI15_10_IRQHandler	8	static
