
Memory Configuration

Name             Origin             Length             Attributes
flash            0x00000000         0x20000000         xr
SRAM             0x20000000         0x20000000         xrw
*default*        0x00000000         0xffffffff

Linker script and memory map


.text           0x00000000      0x1f8
 *(.vector*)
 .vectors       0x00000000       0x1c startup.o
                0x00000000                g_p_fn_vectors
 *(.text*)
 .text          0x0000001c      0x120 main.o
                0x0000001c                main
 .text          0x0000013c       0xbc startup.o
                0x0000013c                NMI_Handler
                0x0000013c                H_Fault_Handler
                0x0000013c                Default_Hundler
                0x0000013c                MM_Fault_Handler
                0x0000013c                Bus_Fault
                0x0000013c                Usage_Fault_Handler
                0x00000148                Reset_Hundler
                0x000001f8                _E_TEXT = .

.glue_7         0x000001f8        0x0
 .glue_7        0x00000000        0x0 linker stubs

.glue_7t        0x000001f8        0x0
 .glue_7t       0x00000000        0x0 linker stubs

.vfp11_veneer   0x000001f8        0x0
 .vfp11_veneer  0x00000000        0x0 linker stubs

.v4_bx          0x000001f8        0x0
 .v4_bx         0x00000000        0x0 linker stubs

.iplt           0x000001f8        0x0
 .iplt          0x00000000        0x0 main.o

.rel.dyn        0x000001f8        0x0
 .rel.iplt      0x00000000        0x0 main.o

.data           0x20000000        0x0 load address 0x000001f8
                0x20000000                _S_DATA = .
 *(.data)
 .data          0x20000000        0x0 main.o
 .data          0x20000000        0x0 startup.o
                0x20000000                _E_DATA = .

.igot.plt       0x20000000        0x0 load address 0x000001f8
 .igot.plt      0x00000000        0x0 main.o

.bss            0x20000000      0x404 load address 0x000001f8
                0x20000000                . = ALIGN (0x4)
                0x20000000                _S_BSS = .
 *(.bss)
 .bss           0x20000000        0x4 main.o
 .bss           0x20000004      0x400 startup.o
                0x20000404                _E_BSS = .
LOAD main.o
LOAD startup.o
OUTPUT(cortex_m4_lab4.elf elf32-littlearm)

.debug_info     0x00000000      0x1fe
 .debug_info    0x00000000       0xac main.o
 .debug_info    0x000000ac      0x152 startup.o

.debug_abbrev   0x00000000      0x122
 .debug_abbrev  0x00000000       0x5a main.o
 .debug_abbrev  0x0000005a       0xc8 startup.o

.debug_loc      0x00000000       0x90
 .debug_loc     0x00000000       0x2c main.o
 .debug_loc     0x0000002c       0x64 startup.o

.debug_aranges  0x00000000       0x40
 .debug_aranges
                0x00000000       0x20 main.o
 .debug_aranges
                0x00000020       0x20 startup.o

.debug_line     0x00000000       0xca
 .debug_line    0x00000000       0x63 main.o
 .debug_line    0x00000063       0x67 startup.o

.debug_str      0x00000000      0x124
 .debug_str     0x00000000       0x9e main.o
                                 0xd7 (size before relaxing)
 .debug_str     0x0000009e       0x86 startup.o
                                 0xe3 (size before relaxing)

.comment        0x00000000       0x11
 .comment       0x00000000       0x11 main.o
                                 0x12 (size before relaxing)
 .comment       0x00000000       0x12 startup.o

.ARM.attributes
                0x00000000       0x33
 .ARM.attributes
                0x00000000       0x33 main.o
 .ARM.attributes
                0x00000033       0x33 startup.o

.debug_frame    0x00000000       0x74
 .debug_frame   0x00000000       0x28 main.o
 .debug_frame   0x00000028       0x4c startup.o
