Archive member included to satisfy reference by file (symbol)

D:/STM32CubeIDE_1.13.0/STM32CubeIDE/plugins/com.st.stm32cube.ide.mcu.externaltools.gnu-tools-for-stm32.11.3.rel1.win32_1.1.0.202305231506/tools/bin/../lib/gcc/arm-none-eabi/11.3.1/../../../../arm-none-eabi/lib/thumb/v7-m/nofp\libc_nano.a(libc_a-exit.o)
                              D:/STM32CubeIDE_1.13.0/STM32CubeIDE/plugins/com.st.stm32cube.ide.mcu.externaltools.gnu-tools-for-stm32.11.3.rel1.win32_1.1.0.202305231506/tools/bin/../lib/gcc/arm-none-eabi/11.3.1/../../../../arm-none-eabi/lib/thumb/v7-m/nofp/crt0.o (exit)
D:/STM32CubeIDE_1.13.0/STM32CubeIDE/plugins/com.st.stm32cube.ide.mcu.externaltools.gnu-tools-for-stm32.11.3.rel1.win32_1.1.0.202305231506/tools/bin/../lib/gcc/arm-none-eabi/11.3.1/../../../../arm-none-eabi/lib/thumb/v7-m/nofp\libc_nano.a(libc_a-findfp.o)
                              D:/STM32CubeIDE_1.13.0/STM32CubeIDE/plugins/com.st.stm32cube.ide.mcu.externaltools.gnu-tools-for-stm32.11.3.rel1.win32_1.1.0.202305231506/tools/bin/../lib/gcc/arm-none-eabi/11.3.1/../../../../arm-none-eabi/lib/thumb/v7-m/nofp\libc_nano.a(libc_a-exit.o) (__stdio_exit_handler)
D:/STM32CubeIDE_1.13.0/STM32CubeIDE/plugins/com.st.stm32cube.ide.mcu.externaltools.gnu-tools-for-stm32.11.3.rel1.win32_1.1.0.202305231506/tools/bin/../lib/gcc/arm-none-eabi/11.3.1/../../../../arm-none-eabi/lib/thumb/v7-m/nofp\libc_nano.a(libc_a-fwalk.o)
                              D:/STM32CubeIDE_1.13.0/STM32CubeIDE/plugins/com.st.stm32cube.ide.mcu.externaltools.gnu-tools-for-stm32.11.3.rel1.win32_1.1.0.202305231506/tools/bin/../lib/gcc/arm-none-eabi/11.3.1/../../../../arm-none-eabi/lib/thumb/v7-m/nofp\libc_nano.a(libc_a-findfp.o) (_fwalk_sglue)
D:/STM32CubeIDE_1.13.0/STM32CubeIDE/plugins/com.st.stm32cube.ide.mcu.externaltools.gnu-tools-for-stm32.11.3.rel1.win32_1.1.0.202305231506/tools/bin/../lib/gcc/arm-none-eabi/11.3.1/../../../../arm-none-eabi/lib/thumb/v7-m/nofp\libc_nano.a(libc_a-stdio.o)
                              D:/STM32CubeIDE_1.13.0/STM32CubeIDE/plugins/com.st.stm32cube.ide.mcu.externaltools.gnu-tools-for-stm32.11.3.rel1.win32_1.1.0.202305231506/tools/bin/../lib/gcc/arm-none-eabi/11.3.1/../../../../arm-none-eabi/lib/thumb/v7-m/nofp\libc_nano.a(libc_a-findfp.o) (__sread)
D:/STM32CubeIDE_1.13.0/STM32CubeIDE/plugins/com.st.stm32cube.ide.mcu.externaltools.gnu-tools-for-stm32.11.3.rel1.win32_1.1.0.202305231506/tools/bin/../lib/gcc/arm-none-eabi/11.3.1/../../../../arm-none-eabi/lib/thumb/v7-m/nofp\libc_nano.a(libc_a-memset.o)
                              D:/STM32CubeIDE_1.13.0/STM32CubeIDE/plugins/com.st.stm32cube.ide.mcu.externaltools.gnu-tools-for-stm32.11.3.rel1.win32_1.1.0.202305231506/tools/bin/../lib/gcc/arm-none-eabi/11.3.1/../../../../arm-none-eabi/lib/thumb/v7-m/nofp/crt0.o (memset)
D:/STM32CubeIDE_1.13.0/STM32CubeIDE/plugins/com.st.stm32cube.ide.mcu.externaltools.gnu-tools-for-stm32.11.3.rel1.win32_1.1.0.202305231506/tools/bin/../lib/gcc/arm-none-eabi/11.3.1/../../../../arm-none-eabi/lib/thumb/v7-m/nofp\libc_nano.a(libc_a-closer.o)
                              D:/STM32CubeIDE_1.13.0/STM32CubeIDE/plugins/com.st.stm32cube.ide.mcu.externaltools.gnu-tools-for-stm32.11.3.rel1.win32_1.1.0.202305231506/tools/bin/../lib/gcc/arm-none-eabi/11.3.1/../../../../arm-none-eabi/lib/thumb/v7-m/nofp\libc_nano.a(libc_a-stdio.o) (_close_r)
D:/STM32CubeIDE_1.13.0/STM32CubeIDE/plugins/com.st.stm32cube.ide.mcu.externaltools.gnu-tools-for-stm32.11.3.rel1.win32_1.1.0.202305231506/tools/bin/../lib/gcc/arm-none-eabi/11.3.1/../../../../arm-none-eabi/lib/thumb/v7-m/nofp\libc_nano.a(libc_a-reent.o)
                              D:/STM32CubeIDE_1.13.0/STM32CubeIDE/plugins/com.st.stm32cube.ide.mcu.externaltools.gnu-tools-for-stm32.11.3.rel1.win32_1.1.0.202305231506/tools/bin/../lib/gcc/arm-none-eabi/11.3.1/../../../../arm-none-eabi/lib/thumb/v7-m/nofp\libc_nano.a(libc_a-closer.o) (errno)
D:/STM32CubeIDE_1.13.0/STM32CubeIDE/plugins/com.st.stm32cube.ide.mcu.externaltools.gnu-tools-for-stm32.11.3.rel1.win32_1.1.0.202305231506/tools/bin/../lib/gcc/arm-none-eabi/11.3.1/../../../../arm-none-eabi/lib/thumb/v7-m/nofp\libc_nano.a(libc_a-impure.o)
                              D:/STM32CubeIDE_1.13.0/STM32CubeIDE/plugins/com.st.stm32cube.ide.mcu.externaltools.gnu-tools-for-stm32.11.3.rel1.win32_1.1.0.202305231506/tools/bin/../lib/gcc/arm-none-eabi/11.3.1/../../../../arm-none-eabi/lib/thumb/v7-m/nofp\libc_nano.a(libc_a-reent.o) (_impure_ptr)
D:/STM32CubeIDE_1.13.0/STM32CubeIDE/plugins/com.st.stm32cube.ide.mcu.externaltools.gnu-tools-for-stm32.11.3.rel1.win32_1.1.0.202305231506/tools/bin/../lib/gcc/arm-none-eabi/11.3.1/../../../../arm-none-eabi/lib/thumb/v7-m/nofp\libc_nano.a(libc_a-lseekr.o)
                              D:/STM32CubeIDE_1.13.0/STM32CubeIDE/plugins/com.st.stm32cube.ide.mcu.externaltools.gnu-tools-for-stm32.11.3.rel1.win32_1.1.0.202305231506/tools/bin/../lib/gcc/arm-none-eabi/11.3.1/../../../../arm-none-eabi/lib/thumb/v7-m/nofp\libc_nano.a(libc_a-stdio.o) (_lseek_r)
[...]
Memory Configuration

Name             Origin             Length             Attributes
RAM              0x0000000020000000 0x0000000000002800 xrw
FLASH            0x0000000008000000 0x0000000000008000 xr
*default*        0x0000000000000000 0xffffffffffffffff

Linker script and memory map

LOAD D:/STM32CubeIDE_1.13.0/STM32CubeIDE/plugins/com.st.stm32cube.ide.mcu.externaltools.gnu-tools-for-stm32.11.3.rel1.win32_1.1.0.202305231506/tools/bin/../lib/gcc/arm-none-eabi/11.3.1/thumb/v7-m/nofp/crti.o
LOAD D:/STM32CubeIDE_1.13.0/STM32CubeIDE/plugins/com.st.stm32cube.ide.mcu.externaltools.gnu-tools-for-stm32.11.3.rel1.win32_1.1.0.202305231506/tools/bin/../lib/gcc/arm-none-eabi/11.3.1/thumb/v7-m/nofp/crtbegin.o
LOAD D:/STM32CubeIDE_1.13.0/STM32CubeIDE/plugins/com.st.stm32cube.ide.mcu.externaltools.gnu-tools-for-stm32.11.3.rel1.win32_1.1.0.202305231506/tools/bin/../lib/gcc/arm-none-eabi/11.3.1/../../../../arm-none-eabi/lib/thumb/v7-m/nofp/crt0.o
LOAD ./Src/main.o
LOAD ./Src/syscalls.o
LOAD ./Src/sysmem.o
LOAD ./Startup/startup_stm32f103c6tx.o
LOAD ./stm32_drivers_/RCC_clock_configuration.o
LOAD ./stm32_drivers_/stm32_f103c6_SPI_driver.o
LOAD ./stm32_drivers_/stm32_f103c6_gpio_driver.o
LOAD ./stm32_drivers_/stm32_f103c6_uart_driver.o
START GROUP
LOAD D:/STM32CubeIDE_1.13.0/STM32CubeIDE/plugins/com.st.stm32cube.ide.mcu.externaltools.gnu-tools-for-stm32.11.3.rel1.win32_1.1.0.202305231506/tools/bin/../lib/gcc/arm-none-eabi/11.3.1/../../../../arm-none-eabi/lib/thumb/v7-m/nofp\libc_nano.a
LOAD D:/STM32CubeIDE_1.13.0/STM32CubeIDE/plugins/com.st.stm32cube.ide.mcu.externaltools.gnu-tools-for-stm32.11.3.rel1.win32_1.1.0.202305231506/tools/bin/../lib/gcc/arm-none-eabi/11.3.1/../../../../arm-none-eabi/lib/thumb/v7-m/nofp\libm.a
END GROUP
START GROUP
LOAD D:/STM32CubeIDE_1.13.0/STM32CubeIDE/plugins/com.st.stm32cube.ide.mcu.externaltools.gnu-tools-for-stm32.11.3.rel1.win32_1.1.0.202305231506/tools/bin/../lib/gcc/arm-none-eabi/11.3.1/thumb/v7-m/nofp\libgcc.a
LOAD D:/STM32CubeIDE_1.13.0/STM32CubeIDE/plugins/com.st.stm32cube.ide.mcu.externaltools.gnu-tools-for-stm32.11.3.rel1.win32_1.1.0.202305231506/tools/bin/../lib/gcc/arm-none-eabi/11.3.1/../../../../arm-none-eabi/lib/thumb/v7-m/nofp\libc_nano.a
END GROUP
START GROUP
LOAD D:/STM32CubeIDE_1.13.0/STM32CubeIDE/plugins/com.st.stm32cube.ide.mcu.externaltools.gnu-tools-for-stm32.11.3.rel1.win32_1.1.0.202305231506/tools/bin/../lib/gcc/arm-none-eabi/11.3.1/thumb/v7-m/nofp\libgcc.a
LOAD D:/STM32CubeIDE_1.13.0/STM32CubeIDE/plugins/com.st.stm32cube.ide.mcu.externaltools.gnu-tools-for-stm32.11.3.rel1.win32_1.1.0.202305231506/tools/bin/../lib/gcc/arm-none-eabi/11.3.1/../../../../arm-none-eabi/lib/thumb/v7-m/nofp\libc_nano.a
LOAD D:/STM32CubeIDE_1.13.0/STM32CubeIDE/plugins/com.st.stm32cube.ide.mcu.externaltools.gnu-tools-for-stm32.11.3.rel1.win32_1.1.0.202305231506/tools/bin/../lib/gcc/arm-none-eabi/11.3.1/../../../../arm-none-eabi/lib/thumb/v7-m/nofp\libnosys.a
END GROUP
START GROUP
LOAD D:/STM32CubeIDE_1.13.0/STM32CubeIDE/plugins/com.st.stm32cube.ide.mcu.externaltools.gnu-tools-for-stm32.11.3.rel1.win32_1.1.0.202305231506/tools/bin/../lib/gcc/arm-none-eabi/11.3.1/thumb/v7-m/nofp\libgcc.a
LOAD D:/STM32CubeIDE_1.13.0/STM32CubeIDE/plugins/com.st.stm32cube.ide.mcu.externaltools.gnu-tools-for-stm32.11.3.rel1.win32_1.1.0.202305231506/tools/bin/../lib/gcc/arm-none-eabi/11.3.1/../../../../arm-none-eabi/lib/thumb/v7-m/nofp\libc_nano.a
LOAD D:/STM32CubeIDE_1.13.0/STM32CubeIDE/plugins/com.st.stm32cube.ide.mcu.externaltools.gnu-tools-for-stm32.11.3.rel1.win32_1.1.0.202305231506/tools/bin/../lib/gcc/arm-none-eabi/11.3.1/../../../../arm-none-eabi/lib/thumb/v7-m/nofp\libnosys.a
END GROUP
LOAD D:/STM32CubeIDE_1.13.0/STM32CubeIDE/plugins/com.st.stm32cube.ide.mcu.externaltools.gnu-tools-for-stm32.11.3.rel1.win32_1.1.0.202305231506/tools/bin/../lib/gcc/arm-none-eabi/11.3.1/thumb/v7-m/nofp/crtend.o
LOAD D:/STM32CubeIDE_1.13.0/STM32CubeIDE/plugins/com.st.stm32cube.ide.mcu.externaltools.gnu-tools-for-stm32.11.3.rel1.win32_1.1.0.202305231506/tools/bin/../lib/gcc/arm-none-eabi/11.3.1/thumb/v7-m/nofp/crtn.o
                0x0000000020002800                _estack = (ORIGIN (RAM) + LENGTH (RAM))
                0x0000000000000200                _Min_Heap_Size = 0x200
                0x0000000000000400                _Min_Stack_Size = 0x400

.isr_vector     0x0000000008000000      0x130
                0x0000000008000000                . = ALIGN (0x4)
 *(.isr_vector)
 .isr_vector    0x0000000008000000      0x130 ./Startup/startup_stm32f103c6tx.o
                0x0000000008000000                g_pfnVectors
                0x0000000008000130                . = ALIGN (0x4)

.text           0x0000000008000130      0xdd4
                0x0000000008000130                . = ALIGN (0x4)
 *(.text)
 .text          0x0000000008000130       0x40 D:/STM32CubeIDE_1.13.0/STM32CubeIDE/plugins/com.st.stm32cube.ide.mcu.externaltools.gnu-tools-for-stm32.11.3.rel1.win32_1.1.0.202305231506/tools/bin/../lib/gcc/arm-none-eabi/11.3.1/thumb/v7-m/nofp/crtbegin.o
 *(.text*)
 .text.uart_irq_callback
                0x0000000008000170       0x4c ./Src/main.o
                0x0000000008000170                uart_irq_callback
 .text.main     0x00000000080001bc       0xb8 ./Src/main.o
                0x00000000080001bc                main
 .text.clock_init
                0x0000000008000274       0x4c ./Src/main.o
                0x0000000008000274                clock_init
 .text.Reset_Handler
                0x00000000080002c0       0x50 ./Startup/startup_stm32f103c6tx.o
                0x00000000080002c0                Reset_Handler
 .text.Default_Handler
                0x0000000008000310        0x2 ./Startup/startup_stm32f103c6tx.o
                0x0000000008000310                EXTI2_IRQHandler
                0x0000000008000310                TIM8_TRG_COM_IRQHandler
                0x0000000008000310                TIM8_CC_IRQHandler
                0x0000000008000310                DebugMon_Handler
                0x0000000008000310                TIM1_CC_IRQHandler
                0x0000000008000310                HardFault_Handler
                0x0000000008000310                TIM6_IRQHandler
                0x0000000008000310                SysTick_Handler
                0x0000000008000310                PVD_IRQHandler
                0x0000000008000310                SDIO_IRQHandler
                0x0000000008000310                PendSV_Handler
                0x0000000008000310                NMI_Handler
                0x0000000008000310                EXTI3_IRQHandler
                0x0000000008000310                USB_HP_CAN_TX_IRQHandler
                0x0000000008000310                EXTI0_IRQHandler
                0x0000000008000310                I2C2_EV_IRQHandler
                0x0000000008000310                UsageFault_Handler
                0x0000000008000310                ADC1_2_IRQHandler
                0x0000000008000310                CAN_SCE_IRQHandler
                0x0000000008000310                TAMPER_IRQHandler
                0x0000000008000310                TIM8_UP_IRQHandler
                0x0000000008000310                DMA2_Channel2_IRQHandler
                0x0000000008000310                DMA1_Channel4_IRQHandler
                0x0000000008000310                RTC_IRQHandler
                0x0000000008000310                DMA1_Channel7_IRQHandler
                0x0000000008000310                UART5_IRQHandler
                0x0000000008000310                ADC3_IRQHandler
                0x0000000008000310                TIM4_IRQHandler
                0x0000000008000310                CAN_RX1_IRQHandler
                0x0000000008000310                DMA2_Channel1_IRQHandler
                0x0000000008000310                I2C1_EV_IRQHandler
                0x0000000008000310                DMA1_Channel6_IRQHandler
                0x0000000008000310                UART4_IRQHandler
                0x0000000008000310                TIM3_IRQHandler
                0x0000000008000310                RCC_IRQHandler
                0x0000000008000310                TIM1_TRG_COM_IRQHandler
                0x0000000008000310                DMA1_Channel1_IRQHandler
                0x0000000008000310                Default_Handler
                0x0000000008000310                EXTI15_10_IRQHandler
                0x0000000008000310                TIM7_IRQHandler
                0x0000000008000310                TIM5_IRQHandler
                0x0000000008000310                EXTI9_5_IRQHandler
                0x0000000008000310                USB_LP_CAN_RX0_IRQHandler
                0x0000000008000310                MemManage_Handler
                0x0000000008000310                SVC_Handler
                0x0000000008000310                DMA1_Channel5_IRQHandler
                0x0000000008000310                EXTI4_IRQHandler
                0x0000000008000310                DMA1_Channel3_IRQHandler
                0x0000000008000310                FSMC_IRQHandler
                0x0000000008000310                TIM1_UP_IRQHandler
                0x0000000008000310                WWDG_IRQHandler
                0x0000000008000310                TIM2_IRQHandler
                0x0000000008000310                TIM1_BRK_IRQHandler
                0x0000000008000310                EXTI1_IRQHandler
                0x0000000008000310                RTCAlarm_IRQHandler
                0x0000000008000310                DMA2_Channel4_5_IRQHandler
                0x0000000008000310                I2C2_ER_IRQHandler
                0x0000000008000310                DMA1_Channel2_IRQHandler
                0x0000000008000310                TIM8_BRK_IRQHandler
                0x0000000008000310                FLASH_IRQHandler
                0x0000000008000310                BusFault_Handler
                0x0000000008000310                SPI3_IRQHandler
                0x0000000008000310                I2C1_ER_IRQHandler
                0x0000000008000310                DMA2_Channel3_IRQHandler
 *fill*         0x0000000008000312        0x2 
 .text.MCAL_RCC_GetSysCLK
                0x0000000008000314       0x34 ./stm32_drivers_/RCC_clock_configuration.o
                0x0000000008000314                MCAL_RCC_GetSysCLK
 .text.MCAL_RCC_GetHCLKFreq
                0x0000000008000348       0x2c ./stm32_drivers_/RCC_clock_configuration.o
                0x0000000008000348                MCAL_RCC_GetHCLKFreq
 .text.MCAL_RCC_GetPCLK1Freq
                0x0000000008000374       0x28 ./stm32_drivers_/RCC_clock_configuration.o
                0x0000000008000374                MCAL_RCC_GetPCLK1Freq
 .text.MCAL_RCC_GetPCLK2Freq
                0x000000000800039c       0x28 ./stm32_drivers_/RCC_clock_configuration.o
                0x000000000800039c                MCAL_RCC_GetPCLK2Freq
 .text.MCAL_SPI_INIT
                0x00000000080003c4      0x1ac ./stm32_drivers_/stm32_f103c6_SPI_driver.o
                0x00000000080003c4                MCAL_SPI_INIT
 .text.MCAL_GPIO_SPI_PINCONFIG
                0x0000000008000570      0x220 ./stm32_drivers_/stm32_f103c6_SPI_driver.o
                0x0000000008000570                MCAL_GPIO_SPI_PINCONFIG
 .text.MCAL_SPI_TX_RX_DATA
                0x0000000008000790       0x58 ./stm32_drivers_/stm32_f103c6_SPI_driver.o
                0x0000000008000790                MCAL_SPI_TX_RX_DATA
 .text.SPI1_IRQHandler
                0x00000000080007e8       0x60 ./stm32_drivers_/stm32_f103c6_SPI_driver.o
                0x00000000080007e8                SPI1_IRQHandler
 .text.SPI2_IRQHandler
                0x0000000008000848       0x60 ./stm32_drivers_/stm32_f103c6_SPI_driver.o
                0x0000000008000848                SPI2_IRQHandler
 .text.get_pin_position
                0x00000000080008a8      0x170 ./stm32_drivers_/stm32_f103c6_gpio_driver.o
                0x00000000080008a8                get_pin_position
 .text.MCAL_GPIO_INIT
                0x0000000008000a18      0x116 ./stm32_drivers_/stm32_f103c6_gpio_driver.o
                0x0000000008000a18                MCAL_GPIO_INIT
 .text.MCAL_GPIO_WRITE_PIN
                0x0000000008000b2e       0x2e ./stm32_drivers_/stm32_f103c6_gpio_driver.o
                0x0000000008000b2e                MCAL_GPIO_WRITE_PIN
 .text.MCAL_uart_init
                0x0000000008000b5c      0x198 ./stm32_drivers_/stm32_f103c6_uart_driver.o
                0x0000000008000b5c                MCAL_uart_init
 .text.MCAL_GPIO_uart_init
                0x0000000008000cf4       0xcc ./stm32_drivers_/stm32_f103c6_uart_driver.o
                0x0000000008000cf4                MCAL_GPIO_uart_init
 .text.MCAL_uart_send
                0x0000000008000dc0       0x44 ./stm32_drivers_/stm32_f103c6_uart_driver.o
                0x0000000008000dc0                MCAL_uart_send
 .text.MCAL_uart_recieve
                0x0000000008000e04       0x64 ./stm32_drivers_/stm32_f103c6_uart_driver.o
                0x0000000008000e04                MCAL_uart_recieve
 .text.USART1_IRQHandler
                0x0000000008000e68       0x14 ./stm32_drivers_/stm32_f103c6_uart_driver.o
                0x0000000008000e68                USART1_IRQHandler
 .text.USART2_IRQHandler
                0x0000000008000e7c       0x14 ./stm32_drivers_/stm32_f103c6_uart_driver.o
                0x0000000008000e7c                USART2_IRQHandler
 .text.USART3_IRQHandler
                0x0000000008000e90       0x14 ./stm32_drivers_/stm32_f103c6_uart_driver.o
                0x0000000008000e90                USART3_IRQHandler
 .text.__libc_init_array
                0x0000000008000ea4       0x48 D:/STM32CubeIDE_1.13.0/STM32CubeIDE/plugins/com.st.stm32cube.ide.mcu.externaltools.gnu-tools-for-stm32.11.3.rel1.win32_1.1.0.202305231506/tools/bin/../lib/gcc/arm-none-eabi/11.3.1/../../../../arm-none-eabi/lib/thumb/v7-m/nofp\libc_nano.a(libc_a-init.o)
                0x0000000008000ea4                __libc_init_array
 *(.glue_7)
 .glue_7        0x0000000008000eec        0x0 linker stubs
 *(.glue_7t)
 .glue_7t       0x0000000008000eec        0x0 linker stubs
 *(.eh_frame)
 .eh_frame      0x0000000008000eec        0x0 D:/STM32CubeIDE_1.13.0/STM32CubeIDE/plugins/com.st.stm32cube.ide.mcu.externaltools.gnu-tools-for-stm32.11.3.rel1.win32_1.1.0.202305231506/tools/bin/../lib/gcc/arm-none-eabi/11.3.1/thumb/v7-m/nofp/crtbegin.o
 *(.init)
 .init          0x0000000008000eec        0x4 D:/STM32CubeIDE_1.13.0/STM32CubeIDE/plugins/com.st.stm32cube.ide.mcu.externaltools.gnu-tools-for-stm32.11.3.rel1.win32_1.1.0.202305231506/tools/bin/../lib/gcc/arm-none-eabi/11.3.1/thumb/v7-m/nofp/crti.o
                0x0000000008000eec                _init
 .init          0x0000000008000ef0        0x8 D:/STM32CubeIDE_1.13.0/STM32CubeIDE/plugins/com.st.stm32cube.ide.mcu.externaltools.gnu-tools-for-stm32.11.3.rel1.win32_1.1.0.202305231506/tools/bin/../lib/gcc/arm-none-eabi/11.3.1/thumb/v7-m/nofp/crtn.o
 *(.fini)
 .fini          0x0000000008000ef8        0x4 D:/STM32CubeIDE_1.13.0/STM32CubeIDE/plugins/com.st.stm32cube.ide.mcu.externaltools.gnu-tools-for-stm32.11.3.rel1.win32_1.1.0.202305231506/tools/bin/../lib/gcc/arm-none-eabi/11.3.1/thumb/v7-m/nofp/crti.o
                0x0000000008000ef8                _fini
 .fini          0x0000000008000efc        0x8 D:/STM32CubeIDE_1.13.0/STM32CubeIDE/plugins/com.st.stm32cube.ide.mcu.externaltools.gnu-tools-for-stm32.11.3.rel1.win32_1.1.0.202305231506/tools/bin/../lib/gcc/arm-none-eabi/11.3.1/thumb/v7-m/nofp/crtn.o
                0x0000000008000f04                . = ALIGN (0x4)
                0x0000000008000f04                _etext = .

.vfp11_veneer   0x0000000008000f04        0x0
 .vfp11_veneer  0x0000000008000f04        0x0 linker stubs

.v4_bx          0x0000000008000f04        0x0
 .v4_bx         0x0000000008000f04        0x0 linker stubs

.iplt           0x0000000008000f04        0x0
 .iplt          0x0000000008000f04        0x0 D:/STM32CubeIDE_1.13.0/STM32CubeIDE/plugins/com.st.stm32cube.ide.mcu.externaltools.gnu-tools-for-stm32.11.3.rel1.win32_1.1.0.202305231506/tools/bin/../lib/gcc/arm-none-eabi/11.3.1/thumb/v7-m/nofp/crtbegin.o

.rodata         0x0000000008000f04       0x2c
                0x0000000008000f04                . = ALIGN (0x4)
 *(.rodata)
 *(.rodata*)
 .rodata.APB_PRESCALER
                0x0000000008000f04        0x8 ./stm32_drivers_/RCC_clock_configuration.o
                0x0000000008000f04                APB_PRESCALER
 .rodata.AHB_PRESCALER
                0x0000000008000f0c       0x22 ./stm32_drivers_/RCC_clock_configuration.o
                0x0000000008000f0c                AHB_PRESCALER
                0x0000000008000f30                . = ALIGN (0x4)
 *fill*         0x0000000008000f2e        0x2 

.rel.dyn        0x0000000008000f30        0x0
 .rel.iplt      0x0000000008000f30        0x0 D:/STM32CubeIDE_1.13.0/STM32CubeIDE/plugins/com.st.stm32cube.ide.mcu.externaltools.gnu-tools-for-stm32.11.3.rel1.win32_1.1.0.202305231506/tools/bin/../lib/gcc/arm-none-eabi/11.3.1/thumb/v7-m/nofp/crtbegin.o

.ARM.extab      0x0000000008000f30        0x0
                0x0000000008000f30                . = ALIGN (0x4)
 *(.ARM.extab* .gnu.linkonce.armextab.*)
                0x0000000008000f30                . = ALIGN (0x4)

.ARM            0x0000000008000f30        0x0
                0x0000000008000f30                . = ALIGN (0x4)
                0x0000000008000f30                __exidx_start = .
 *(.ARM.exidx*)
                0x0000000008000f30                __exidx_end = .
                0x0000000008000f30                . = ALIGN (0x4)

.preinit_array  0x0000000008000f30        0x0
                0x0000000008000f30                . = ALIGN (0x4)
                0x0000000008000f30                PROVIDE (__preinit_array_start = .)
 *(.preinit_array*)
                0x0000000008000f30                PROVIDE (__preinit_array_end = .)
                0x0000000008000f30                . = ALIGN (0x4)

.init_array     0x0000000008000f30        0x4
                0x0000000008000f30                . = ALIGN (0x4)
                0x0000000008000f30                PROVIDE (__init_array_start = .)
 *(SORT_BY_NAME(.init_array.*))
 *(.init_array*)
 .init_array    0x0000000008000f30        0x4 D:/STM32CubeIDE_1.13.0/STM32CubeIDE/plugins/com.st.stm32cube.ide.mcu.externaltools.gnu-tools-for-stm32.11.3.rel1.win32_1.1.0.202305231506/tools/bin/../lib/gcc/arm-none-eabi/11.3.1/thumb/v7-m/nofp/crtbegin.o
                0x0000000008000f34                PROVIDE (__init_array_end = .)
                0x0000000008000f34                . = ALIGN (0x4)

.fini_array     0x0000000008000f34        0x4
                0x0000000008000f34                . = ALIGN (0x4)
                [!provide]                        PROVIDE (__fini_array_start = .)
 *(SORT_BY_NAME(.fini_array.*))
 *(.fini_array*)
 .fini_array    0x0000000008000f34        0x4 D:/STM32CubeIDE_1.13.0/STM32CubeIDE/plugins/com.st.stm32cube.ide.mcu.externaltools.gnu-tools-for-stm32.11.3.rel1.win32_1.1.0.202305231506/tools/bin/../lib/gcc/arm-none-eabi/11.3.1/thumb/v7-m/nofp/crtbegin.o
                [!provide]                        PROVIDE (__fini_array_end = .)
                0x0000000008000f38                . = ALIGN (0x4)
                0x0000000008000f38                _sidata = LOADADDR (.data)

.data           0x0000000020000000        0x0 load address 0x0000000008000f38
                0x0000000020000000                . = ALIGN (0x4)
                0x0000000020000000                _sdata = .
 *(.data)
 *(.data*)
 *(.RamFunc)
 *(.RamFunc*)
                0x0000000020000000                . = ALIGN (0x4)
                0x0000000020000000                _edata = .

.igot.plt       0x0000000020000000        0x0 load address 0x0000000008000f38
 .igot.plt      0x0000000020000000        0x0 D:/STM32CubeIDE_1.13.0/STM32CubeIDE/plugins/com.st.stm32cube.ide.mcu.externaltools.gnu-tools-for-stm32.11.3.rel1.win32_1.1.0.202305231506/tools/bin/../lib/gcc/arm-none-eabi/11.3.1/thumb/v7-m/nofp/crtbegin.o
                0x0000000020000000                . = ALIGN (0x4)

.bss            0x0000000020000000       0x68 load address 0x0000000008000f38
                0x0000000020000000                _sbss = .
                0x0000000020000000                __bss_start__ = _sbss
 *(.bss)
 .bss           0x0000000020000000       0x1c D:/STM32CubeIDE_1.13.0/STM32CubeIDE/plugins/com.st.stm32cube.ide.mcu.externaltools.gnu-tools-for-stm32.11.3.rel1.win32_1.1.0.202305231506/tools/bin/../lib/gcc/arm-none-eabi/11.3.1/thumb/v7-m/nofp/crtbegin.o
 *(.bss*)
 .bss.ch        0x000000002000001c        0x1 ./Src/main.o
                0x000000002000001c                ch
 *fill*         0x000000002000001d        0x3 
 .bss.Global_config
                0x0000000020000020        0x8 ./stm32_drivers_/stm32_f103c6_SPI_driver.o
                0x0000000020000020                Global_config
 .bss.Global_SPI1
                0x0000000020000028       0x18 ./stm32_drivers_/stm32_f103c6_SPI_driver.o
                0x0000000020000028                Global_SPI1
 .bss.Global_SPI2
                0x0000000020000040       0x18 ./stm32_drivers_/stm32_f103c6_SPI_driver.o
                0x0000000020000040                Global_SPI2
 .bss.Global_UART_Config
                0x0000000020000058        0x4 ./stm32_drivers_/stm32_f103c6_uart_driver.o
                0x0000000020000058                Global_UART_Config
 .bss.Global_UARTx_Cnfg
                0x000000002000005c        0xc ./stm32_drivers_/stm32_f103c6_uart_driver.o
                0x000000002000005c                Global_UARTx_Cnfg
 *(COMMON)
                0x0000000020000068                . = ALIGN (0x4)
                0x0000000020000068                _ebss = .
                0x0000000020000068                __bss_end__ = _ebss

._user_heap_stack
                0x0000000020000068      0x600 load address 0x0000000008000f38
                0x0000000020000068                . = ALIGN (0x8)
                [!provide]                        PROVIDE (end = .)
                0x0000000020000068                PROVIDE (_end = .)
                0x0000000020000268                . = (. + _Min_Heap_Size)
 *fill*         0x0000000020000068      0x200 
                0x0000000020000668                . = (. + _Min_Stack_Size)
 *fill*         0x0000000020000268      0x400 
                0x0000000020000668                . = ALIGN (0x8)

/DISCARD/
 libc.a(*)
 libm.a(*)
 libgcc.a(*)

.ARM.attributes
                0x0000000000000000       0x29
 *(.ARM.attributes)
 .ARM.attributes
                0x0000000000000000       0x1d D:/STM32CubeIDE_1.13.0/STM32CubeIDE/plugins/com.st.stm32cube.ide.mcu.externaltools.gnu-tools-for-stm32.11.3.rel1.win32_1.1.0.202305231506/tools/bin/../lib/gcc/arm-none-eabi/11.3.1/thumb/v7-m/nofp/crti.o
 .ARM.attributes
                0x000000000000001d       0x2d D:/STM32CubeIDE_1.13.0/STM32CubeIDE/plugins/com.st.stm32cube.ide.mcu.externaltools.gnu-tools-for-stm32.11.3.rel1.win32_1.1.0.202305231506/tools/bin/../lib/gcc/arm-none-eabi/11.3.1/thumb/v7-m/nofp/crtbegin.o
 .ARM.attributes
                0x000000000000004a       0x2d ./Src/main.o
 .ARM.attributes
                0x0000000000000077       0x21 ./Startup/startup_stm32f103c6tx.o
 .ARM.attributes
                0x0000000000000098       0x2d ./stm32_drivers_/RCC_clock_configuration.o
 .ARM.attributes
                0x00000000000000c5       0x2d ./stm32_drivers_/stm32_f103c6_SPI_driver.o
 .ARM.attributes
                0x00000000000000f2       0x2d ./stm32_drivers_/stm32_f103c6_gpio_driver.o
 .ARM.attributes
                0x000000000000011f       0x2d ./stm32_drivers_/stm32_f103c6_uart_driver.o
 .ARM.attributes
                0x000000000000014c       0x2d D:/STM32CubeIDE_1.13.0/STM32CubeIDE/plugins/com.st.stm32cube.ide.mcu.externaltools.gnu-tools-for-stm32.11.3.rel1.win32_1.1.0.202305231506/tools/bin/../lib/gcc/arm-none-eabi/11.3.1/../../../../arm-none-eabi/lib/thumb/v7-m/nofp\libc_nano.a(libc_a-init.o)
 .ARM.attributes
                0x0000000000000179       0x1d D:/STM32CubeIDE_1.13.0/STM32CubeIDE/plugins/com.st.stm32cube.ide.mcu.externaltools.gnu-tools-for-stm32.11.3.rel1.win32_1.1.0.202305231506/tools/bin/../lib/gcc/arm-none-eabi/11.3.1/thumb/v7-m/nofp/crtn.o
OUTPUT(SPI_stm32_driver.elf elf32-littlearm)
LOAD linker stubs
LOAD D:/STM32CubeIDE_1.13.0/STM32CubeIDE/plugins/com.st.stm32cube.ide.mcu.externaltools.gnu-tools-for-stm32.11.3.rel1.win32_1.1.0.202305231506/tools/bin/../lib/gcc/arm-none-eabi/11.3.1/../../../../arm-none-eabi/lib/thumb/v7-m/nofp\libc.a
LOAD D:/STM32CubeIDE_1.13.0/STM32CubeIDE/plugins/com.st.stm32cube.ide.mcu.externaltools.gnu-tools-for-stm32.11.3.rel1.win32_1.1.0.202305231506/tools/bin/../lib/gcc/arm-none-eabi/11.3.1/../../../../arm-none-eabi/lib/thumb/v7-m/nofp\libm.a
LOAD D:/STM32CubeIDE_1.13.0/STM32CubeIDE/plugins/com.st.stm32cube.ide.mcu.externaltools.gnu-tools-for-stm32.11.3.rel1.win32_1.1.0.202305231506/tools/bin/../lib/gcc/arm-none-eabi/11.3.1/thumb/v7-m/nofp\libgcc.a

.comment        0x0000000000000000       0x43
 .comment       0x0000000000000000       0x43 D:/STM32CubeIDE_1.13.0/STM32CubeIDE/plugins/com.st.stm32cube.ide.mcu.externaltools.gnu-tools-for-stm32.11.3.rel1.win32_1.1.0.202305231506/tools/bin/../lib/gcc/arm-none-eabi/11.3.1/thumb/v7-m/nofp/crtbegin.o
                                         0x44 (size before relaxing)
 .comment       0x0000000000000043       0x44 ./Src/main.o
 .comment       0x0000000000000043       0x44 ./stm32_drivers_/RCC_clock_configuration.o
 .comment       0x0000000000000043       0x44 ./stm32_drivers_/stm32_f103c6_SPI_driver.o
 .comment       0x0000000000000043       0x44 ./stm32_drivers_/stm32_f103c6_gpio_driver.o
 .comment       0x0000000000000043       0x44 ./stm32_drivers_/stm32_f103c6_uart_driver.o

.debug_info     0x0000000000000000     0x1aa5
 .debug_info    0x0000000000000000      0x718 ./Src/main.o
 .debug_info    0x0000000000000718       0x22 ./Startup/startup_stm32f103c6tx.o
 .debug_info    0x000000000000073a      0x25e ./stm32_drivers_/RCC_clock_configuration.o
 .debug_info    0x0000000000000998      0x678 ./stm32_drivers_/stm32_f103c6_SPI_driver.o
 .debug_info    0x0000000000001010      0x4ac ./stm32_drivers_/stm32_f103c6_gpio_driver.o
 .debug_info    0x00000000000014bc      0x5e9 ./stm32_drivers_/stm32_f103c6_uart_driver.o

.debug_abbrev   0x0000000000000000      0x7a9
 .debug_abbrev  0x0000000000000000      0x178 ./Src/main.o
 .debug_abbrev  0x0000000000000178       0x12 ./Startup/startup_stm32f103c6tx.o
 .debug_abbrev  0x000000000000018a       0xda ./stm32_drivers_/RCC_clock_configuration.o
 .debug_abbrev  0x0000000000000264      0x1f0 ./stm32_drivers_/stm32_f103c6_SPI_driver.o
 .debug_abbrev  0x0000000000000454      0x191 ./stm32_drivers_/stm32_f103c6_gpio_driver.o
 .debug_abbrev  0x00000000000005e5      0x1c4 ./stm32_drivers_/stm32_f103c6_uart_driver.o

.debug_loc      0x0000000000000000      0x9f2
 .debug_loc     0x0000000000000000       0xaa ./Src/main.o
 .debug_loc     0x00000000000000aa       0xc8 ./stm32_drivers_/RCC_clock_configuration.o
 .debug_loc     0x0000000000000172      0x2bc ./stm32_drivers_/stm32_f103c6_SPI_driver.o
 .debug_loc     0x000000000000042e      0x330 ./stm32_drivers_/stm32_f103c6_gpio_driver.o
 .debug_loc     0x000000000000075e      0x294 ./stm32_drivers_/stm32_f103c6_uart_driver.o

.debug_aranges  0x0000000000000000      0x1a8
 .debug_aranges
                0x0000000000000000       0x30 ./Src/main.o
 .debug_aranges
                0x0000000000000030       0x28 ./Startup/startup_stm32f103c6tx.o
 .debug_aranges
                0x0000000000000058       0x38 ./stm32_drivers_/RCC_clock_configuration.o
 .debug_aranges
                0x0000000000000090       0x58 ./stm32_drivers_/stm32_f103c6_SPI_driver.o
 .debug_aranges
                0x00000000000000e8       0x60 ./stm32_drivers_/stm32_f103c6_gpio_driver.o
 .debug_aranges
                0x0000000000000148       0x60 ./stm32_drivers_/stm32_f103c6_uart_driver.o

.debug_ranges   0x0000000000000000      0x150
 .debug_ranges  0x0000000000000000       0x20 ./Src/main.o
 .debug_ranges  0x0000000000000020       0x20 ./Startup/startup_stm32f103c6tx.o
 .debug_ranges  0x0000000000000040       0x28 ./stm32_drivers_/RCC_clock_configuration.o
 .debug_ranges  0x0000000000000068       0x48 ./stm32_drivers_/stm32_f103c6_SPI_driver.o
 .debug_ranges  0x00000000000000b0       0x50 ./stm32_drivers_/stm32_f103c6_gpio_driver.o
 .debug_ranges  0x0000000000000100       0x50 ./stm32_drivers_/stm32_f103c6_uart_driver.o

.debug_macro    0x0000000000000000     0x2810
 .debug_macro   0x0000000000000000      0x1b1 ./Src/main.o
 .debug_macro   0x00000000000001b1      0xaa2 ./Src/main.o
 .debug_macro   0x0000000000000c53       0x22 ./Src/main.o
 .debug_macro   0x0000000000000c75       0x8e ./Src/main.o
 .debug_macro   0x0000000000000d03       0x51 ./Src/main.o
 .debug_macro   0x0000000000000d54      0x103 ./Src/main.o
 .debug_macro   0x0000000000000e57       0x6a ./Src/main.o
 .debug_macro   0x0000000000000ec1      0x1df ./Src/main.o
 .debug_macro   0x00000000000010a0       0x24 ./Src/main.o
 .debug_macro   0x00000000000010c4       0x61 ./Src/main.o
 .debug_macro   0x0000000000001125       0x43 ./Src/main.o
 .debug_macro   0x0000000000001168       0x34 ./Src/main.o
 .debug_macro   0x000000000000119c       0x16 ./Src/main.o
 .debug_macro   0x00000000000011b2      0x10e ./Src/main.o
 .debug_macro   0x00000000000012c0       0x8d ./Src/main.o
 .debug_macro   0x000000000000134d       0x16 ./Src/main.o
 .debug_macro   0x0000000000001363       0x43 ./Src/main.o
 .debug_macro   0x00000000000013a6       0x34 ./Src/main.o
 .debug_macro   0x00000000000013da       0x10 ./Src/main.o
 .debug_macro   0x00000000000013ea       0x58 ./Src/main.o
 .debug_macro   0x0000000000001442       0x8e ./Src/main.o
 .debug_macro   0x00000000000014d0       0x1c ./Src/main.o
 .debug_macro   0x00000000000014ec      0x177 ./Src/main.o
 .debug_macro   0x0000000000001663      0x369 ./Src/main.o
 .debug_macro   0x00000000000019cc       0x16 ./Src/main.o
 .debug_macro   0x00000000000019e2       0x29 ./Src/main.o
 .debug_macro   0x0000000000001a0b       0x1c ./Src/main.o
 .debug_macro   0x0000000000001a27       0x35 ./Src/main.o
 .debug_macro   0x0000000000001a5c       0x10 ./Src/main.o
 .debug_macro   0x0000000000001a6c       0x1c ./Src/main.o
 .debug_macro   0x0000000000001a88       0x16 ./Src/main.o
 .debug_macro   0x0000000000001a9e      0x147 ./Src/main.o
 .debug_macro   0x0000000000001be5      0x289 ./Src/main.o
 .debug_macro   0x0000000000001e6e       0xca ./Src/main.o
 .debug_macro   0x0000000000001f38       0xc6 ./Src/main.o
 .debug_macro   0x0000000000001ffe       0x16 ./Src/main.o
 .debug_macro   0x0000000000002014       0xe8 ./Src/main.o
 .debug_macro   0x00000000000020fc      0x189 ./stm32_drivers_/RCC_clock_configuration.o
 .debug_macro   0x0000000000002285       0x10 ./stm32_drivers_/RCC_clock_configuration.o
 .debug_macro   0x0000000000002295      0x1a5 ./stm32_drivers_/stm32_f103c6_SPI_driver.o
 .debug_macro   0x000000000000243a      0x180 ./stm32_drivers_/stm32_f103c6_gpio_driver.o
 .debug_macro   0x00000000000025ba       0xc4 ./stm32_drivers_/stm32_f103c6_gpio_driver.o
 .debug_macro   0x000000000000267e      0x192 ./stm32_drivers_/stm32_f103c6_uart_driver.o

.debug_line     0x0000000000000000     0x2869
 .debug_line    0x0000000000000000      0x6e5 ./Src/main.o
 .debug_line    0x00000000000006e5       0x84 ./Startup/startup_stm32f103c6tx.o
 .debug_line    0x0000000000000769      0x6c3 ./stm32_drivers_/RCC_clock_configuration.o
 .debug_line    0x0000000000000e2c      0x957 ./stm32_drivers_/stm32_f103c6_SPI_driver.o
 .debug_line    0x0000000000001783      0x858 ./stm32_drivers_/stm32_f103c6_gpio_driver.o
 .debug_line    0x0000000000001fdb      0x88e ./stm32_drivers_/stm32_f103c6_uart_driver.o

.debug_str      0x0000000000000000     0x98a6
 .debug_str     0x0000000000000000     0x94f1 ./Src/main.o
                                       0x9717 (size before relaxing)
 .debug_str     0x00000000000094f1       0x2f ./Startup/startup_stm32f103c6tx.o
                                         0x84 (size before relaxing)
 .debug_str     0x0000000000009520       0x9c ./stm32_drivers_/RCC_clock_configuration.o
                                       0x8ab6 (size before relaxing)
 .debug_str     0x00000000000095bc      0x128 ./stm32_drivers_/stm32_f103c6_SPI_driver.o
                                       0x907c (size before relaxing)
 .debug_str     0x00000000000096e4       0xec ./stm32_drivers_/stm32_f103c6_gpio_driver.o
                                       0x8b2f (size before relaxing)
 .debug_str     0x00000000000097d0       0xd6 ./stm32_drivers_/stm32_f103c6_uart_driver.o
                                       0x9285 (size before relaxing)

.debug_frame    0x0000000000000000      0x52c
 .debug_frame   0x0000000000000000       0x6c ./Src/main.o
 .debug_frame   0x000000000000006c       0x84 ./stm32_drivers_/RCC_clock_configuration.o
 .debug_frame   0x00000000000000f0      0x14c ./stm32_drivers_/stm32_f103c6_SPI_driver.o
 .debug_frame   0x000000000000023c      0x178 ./stm32_drivers_/stm32_f103c6_gpio_driver.o
 .debug_frame   0x00000000000003b4      0x14c ./stm32_drivers_/stm32_f103c6_uart_driver.o
 .debug_frame   0x0000000000000500       0x2c D:/STM32CubeIDE_1.13.0/STM32CubeIDE/plugins/com.st.stm32cube.ide.mcu.externaltools.gnu-tools-for-stm32.11.3.rel1.win32_1.1.0.202305231506/tools/bin/../lib/gcc/arm-none-eabi/11.3.1/../../../../arm-none-eabi/lib/thumb/v7-m/nofp\libc_nano.a(libc_a-init.o)
