../stm32_drivers/stm32_f103c6_uart_driver.c:19:6:MCAL_uart_init	24	static
../stm32_drivers/stm32_f103c6_uart_driver.c:88:6:MCAL_uart_deinit	16	static
../stm32_drivers/stm32_f103c6_uart_driver.c:112:6:MCAL_GPIO_uart_init	24	static
../stm32_drivers/stm32_f103c6_uart_driver.c:224:6:MCAL_uart_send	24	static
../stm32_drivers/stm32_f103c6_uart_driver.c:249:6:MCAL_uart_recieve	24	static
../stm32_drivers/stm32_f103c6_uart_driver.c:292:6:MCAL_uart_waiting	16	static
../stm32_drivers/stm32_f103c6_uart_driver.c:302:6:USART1_IRQHandler	8	static
../stm32_drivers/stm32_f103c6_uart_driver.c:308:6:USART2_IRQHandler	8	static
../stm32_drivers/stm32_f103c6_uart_driver.c:314:6:USART3_IRQHandler	8	static
