../stm32_drivers_/stm32_f103c6_uart_driver.c:21:6:MCAL_uart_init	24	static
../stm32_drivers_/stm32_f103c6_uart_driver.c:95:6:MCAL_uart_deinit	16	static
../stm32_drivers_/stm32_f103c6_uart_driver.c:119:6:MCAL_GPIO_uart_init	24	static
../stm32_drivers_/stm32_f103c6_uart_driver.c:231:6:MCAL_uart_send	24	static
../stm32_drivers_/stm32_f103c6_uart_driver.c:256:6:MCAL_uart_recieve	24	static
../stm32_drivers_/stm32_f103c6_uart_driver.c:299:6:MCAL_uart_waiting	16	static
../stm32_drivers_/stm32_f103c6_uart_driver.c:309:6:USART1_IRQHandler	8	static
../stm32_drivers_/stm32_f103c6_uart_driver.c:315:6:USART2_IRQHandler	8	static
../stm32_drivers_/stm32_f103c6_uart_driver.c:321:6:USART3_IRQHandler	8	static
