Archive member included to satisfy reference by file (symbol)

D:/STM32CubeIDE_1.13.0/STM32CubeIDE/STM32CubeIDE/plugins/com.st.stm32cube.ide.mcu.externaltools.gnu-tools-for-stm32.11.3.rel1.win32_1.1.0.202305231506/tools/bin/../lib/gcc/arm-none-eabi/11.3.1/../../../../arm-none-eabi/lib/thumb/v7-m/nofp\libc_nano.a(libc_a-exit.o)
                              D:/STM32CubeIDE_1.13.0/STM32CubeIDE/STM32CubeIDE/plugins/com.st.stm32cube.ide.mcu.externaltools.gnu-tools-for-stm32.11.3.rel1.win32_1.1.0.202305231506/tools/bin/../lib/gcc/arm-none-eabi/11.3.1/../../../../arm-none-eabi/lib/thumb/v7-m/nofp/crt0.o (exit)
D:/STM32CubeIDE_1.13.0/STM32CubeIDE/STM32CubeIDE/plugins/com.st.stm32cube.ide.mcu.externaltools.gnu-tools-for-stm32.11.3.rel1.win32_1.1.0.202305231506/tools/bin/../lib/gcc/arm-none-eabi/11.3.1/../../../../arm-none-eabi/lib/thumb/v7-m/nofp\libc_nano.a(libc_a-findfp.o)
                              D:/STM32CubeIDE_1.13.0/STM32CubeIDE/STM32CubeIDE/plugins/com.st.stm32cube.ide.mcu.externaltools.gnu-tools-for-stm32.11.3.rel1.win32_1.1.0.202305231506/tools/bin/../lib/gcc/arm-none-eabi/11.3.1/../../../../arm-none-eabi/lib/thumb/v7-m/nofp\libc_nano.a(libc_a-exit.o) (__stdio_exit_handler)
D:/STM32CubeIDE_1.13.0/STM32CubeIDE/STM32CubeIDE/plugins/com.st.stm32cube.ide.mcu.externaltools.gnu-tools-for-stm32.11.3.rel1.win32_1.1.0.202305231506/tools/bin/../lib/gcc/arm-none-eabi/11.3.1/../../../../arm-none-eabi/lib/thumb/v7-m/nofp\libc_nano.a(libc_a-fwalk.o)
                              D:/STM32CubeIDE_1.13.0/STM32CubeIDE/STM32CubeIDE/plugins/com.st.stm32cube.ide.mcu.externaltools.gnu-tools-for-stm32.11.3.rel1.win32_1.1.0.202305231506/tools/bin/../lib/gcc/arm-none-eabi/11.3.1/../../../../arm-none-eabi/lib/thumb/v7-m/nofp\libc_nano.a(libc_a-findfp.o) (_fwalk_sglue)
D:/STM32CubeIDE_1.13.0/STM32CubeIDE/STM32CubeIDE/plugins/com.st.stm32cube.ide.mcu.externaltools.gnu-tools-for-stm32.11.3.rel1.win32_1.1.0.202305231506/tools/bin/../lib/gcc/arm-none-eabi/11.3.1/../../../../arm-none-eabi/lib/thumb/v7-m/nofp\libc_nano.a(libc_a-stdio.o)
                              D:/STM32CubeIDE_1.13.0/STM32CubeIDE/STM32CubeIDE/plugins/com.st.stm32cube.ide.mcu.externaltools.gnu-tools-for-stm32.11.3.rel1.win32_1.1.0.202305231506/tools/bin/../lib/gcc/arm-none-eabi/11.3.1/../../../../arm-none-eabi/lib/thumb/v7-m/nofp\libc_nano.a(libc_a-findfp.o) (__sread)
D:/STM32CubeIDE_1.13.0/STM32CubeIDE/STM32CubeIDE/plugins/com.st.stm32cube.ide.mcu.externaltools.gnu-tools-for-stm32.11.3.rel1.win32_1.1.0.202305231506/tools/bin/../lib/gcc/arm-none-eabi/11.3.1/../../../../arm-none-eabi/lib/thumb/v7-m/nofp\libc_nano.a(libc_a-memset.o)
                              D:/STM32CubeIDE_1.13.0/STM32CubeIDE/STM32CubeIDE/plugins/com.st.stm32cube.ide.mcu.externaltools.gnu-tools-for-stm32.11.3.rel1.win32_1.1.0.202305231506/tools/bin/../lib/gcc/arm-none-eabi/11.3.1/../../../../arm-none-eabi/lib/thumb/v7-m/nofp/crt0.o (memset)
D:/STM32CubeIDE_1.13.0/STM32CubeIDE/STM32CubeIDE/plugins/com.st.stm32cube.ide.mcu.externaltools.gnu-tools-for-stm32.11.3.rel1.win32_1.1.0.202305231506/tools/bin/../lib/gcc/arm-none-eabi/11.3.1/../../../../arm-none-eabi/lib/thumb/v7-m/nofp\libc_nano.a(libc_a-closer.o)
                              D:/STM32CubeIDE_1.13.0/STM32CubeIDE/STM32CubeIDE/plugins/com.st.stm32cube.ide.mcu.externaltools.gnu-tools-for-stm32.11.3.rel1.win32_1.1.0.202305231506/tools/bin/../lib/gcc/arm-none-eabi/11.3.1/../../../../arm-none-eabi/lib/thumb/v7-m/nofp\libc_nano.a(libc_a-stdio.o) (_close_r)
D:/STM32CubeIDE_1.13.0/STM32CubeIDE/STM32CubeIDE/plugins/com.st.stm32cube.ide.mcu.externaltools.gnu-tools-for-stm32.11.3.rel1.win32_1.1.0.202305231506/tools/bin/../lib/gcc/arm-none-eabi/11.3.1/../../../../arm-none-eabi/lib/thumb/v7-m/nofp\libc_nano.a(libc_a-reent.o)
                              D:/STM32CubeIDE_1.13.0/STM32CubeIDE/STM32CubeIDE/plugins/com.st.stm32cube.ide.mcu.externaltools.gnu-tools-for-stm32.11.3.rel1.win32_1.1.0.202305231506/tools/bin/../lib/gcc/arm-none-eabi/11.3.1/../../../../arm-none-eabi/lib/thumb/v7-m/nofp\libc_nano.a(libc_a-closer.o) (errno)
D:/STM32CubeIDE_1.13.0/STM32CubeIDE/STM32CubeIDE/plugins/com.st.stm32cube.ide.mcu.externaltools.gnu-tools-for-stm32.11.3.rel1.win32_1.1.0.202305231506/tools/bin/../lib/gcc/arm-none-eabi/11.3.1/../../../../arm-none-eabi/lib/thumb/v7-m/nofp\libc_nano.a(libc_a-impure.o)
                              D:/STM32CubeIDE_1.13.0/STM32CubeIDE/STM32CubeIDE/plugins/com.st.stm32cube.ide.mcu.externaltools.gnu-tools-for-stm32.11.3.rel1.win32_1.1.0.202305231506/tools/bin/../lib/gcc/arm-none-eabi/11.3.1/../../../../arm-none-eabi/lib/thumb/v7-m/nofp\libc_nano.a(libc_a-reent.o) (_impure_ptr)
D:/STM32CubeIDE_1.13.0/STM32CubeIDE/STM32CubeIDE/plugins/com.st.stm32cube.ide.mcu.externaltools.gnu-tools-for-stm32.11.3.rel1.win32_1.1.0.202305231506/tools/bin/../lib/gcc/arm-none-eabi/11.3.1/../../../../arm-none-eabi/lib/thumb/v7-m/nofp\libc_nano.a(libc_a-lseekr.o)
[...]
Memory Configuration

Name             Origin             Length             Attributes
RAM              0x0000000020000000 0x0000000000005000 xrw
FLASH            0x0000000008000000 0x0000000000010000 xr
*default*        0x0000000000000000 0xffffffffffffffff

Linker script and memory map

LOAD D:/STM32CubeIDE_1.13.0/STM32CubeIDE/STM32CubeIDE/plugins/com.st.stm32cube.ide.mcu.externaltools.gnu-tools-for-stm32.11.3.rel1.win32_1.1.0.202305231506/tools/bin/../lib/gcc/arm-none-eabi/11.3.1/thumb/v7-m/nofp/crti.o
LOAD D:/STM32CubeIDE_1.13.0/STM32CubeIDE/STM32CubeIDE/plugins/com.st.stm32cube.ide.mcu.externaltools.gnu-tools-for-stm32.11.3.rel1.win32_1.1.0.202305231506/tools/bin/../lib/gcc/arm-none-eabi/11.3.1/thumb/v7-m/nofp/crtbegin.o
LOAD D:/STM32CubeIDE_1.13.0/STM32CubeIDE/STM32CubeIDE/plugins/com.st.stm32cube.ide.mcu.externaltools.gnu-tools-for-stm32.11.3.rel1.win32_1.1.0.202305231506/tools/bin/../lib/gcc/arm-none-eabi/11.3.1/../../../../arm-none-eabi/lib/thumb/v7-m/nofp/crt0.o
LOAD ./RTOS/MYRTOS_FIFO.o
LOAD ./RTOS/cortexM_os_porting.o
LOAD ./RTOS/schedular.o
LOAD ./Src/main.o
LOAD ./Src/syscalls.o
LOAD ./Src/sysmem.o
LOAD ./Startup/startup_stm32f103c8tx.o
START GROUP
LOAD D:/STM32CubeIDE_1.13.0/STM32CubeIDE/STM32CubeIDE/plugins/com.st.stm32cube.ide.mcu.externaltools.gnu-tools-for-stm32.11.3.rel1.win32_1.1.0.202305231506/tools/bin/../lib/gcc/arm-none-eabi/11.3.1/../../../../arm-none-eabi/lib/thumb/v7-m/nofp\libc_nano.a
LOAD D:/STM32CubeIDE_1.13.0/STM32CubeIDE/STM32CubeIDE/plugins/com.st.stm32cube.ide.mcu.externaltools.gnu-tools-for-stm32.11.3.rel1.win32_1.1.0.202305231506/tools/bin/../lib/gcc/arm-none-eabi/11.3.1/../../../../arm-none-eabi/lib/thumb/v7-m/nofp\libm.a
END GROUP
START GROUP
LOAD D:/STM32CubeIDE_1.13.0/STM32CubeIDE/STM32CubeIDE/plugins/com.st.stm32cube.ide.mcu.externaltools.gnu-tools-for-stm32.11.3.rel1.win32_1.1.0.202305231506/tools/bin/../lib/gcc/arm-none-eabi/11.3.1/thumb/v7-m/nofp\libgcc.a
LOAD D:/STM32CubeIDE_1.13.0/STM32CubeIDE/STM32CubeIDE/plugins/com.st.stm32cube.ide.mcu.externaltools.gnu-tools-for-stm32.11.3.rel1.win32_1.1.0.202305231506/tools/bin/../lib/gcc/arm-none-eabi/11.3.1/../../../../arm-none-eabi/lib/thumb/v7-m/nofp\libc_nano.a
END GROUP
START GROUP
LOAD D:/STM32CubeIDE_1.13.0/STM32CubeIDE/STM32CubeIDE/plugins/com.st.stm32cube.ide.mcu.externaltools.gnu-tools-for-stm32.11.3.rel1.win32_1.1.0.202305231506/tools/bin/../lib/gcc/arm-none-eabi/11.3.1/thumb/v7-m/nofp\libgcc.a
LOAD D:/STM32CubeIDE_1.13.0/STM32CubeIDE/STM32CubeIDE/plugins/com.st.stm32cube.ide.mcu.externaltools.gnu-tools-for-stm32.11.3.rel1.win32_1.1.0.202305231506/tools/bin/../lib/gcc/arm-none-eabi/11.3.1/../../../../arm-none-eabi/lib/thumb/v7-m/nofp\libc_nano.a
LOAD D:/STM32CubeIDE_1.13.0/STM32CubeIDE/STM32CubeIDE/plugins/com.st.stm32cube.ide.mcu.externaltools.gnu-tools-for-stm32.11.3.rel1.win32_1.1.0.202305231506/tools/bin/../lib/gcc/arm-none-eabi/11.3.1/../../../../arm-none-eabi/lib/thumb/v7-m/nofp\libnosys.a
END GROUP
START GROUP
LOAD D:/STM32CubeIDE_1.13.0/STM32CubeIDE/STM32CubeIDE/plugins/com.st.stm32cube.ide.mcu.externaltools.gnu-tools-for-stm32.11.3.rel1.win32_1.1.0.202305231506/tools/bin/../lib/gcc/arm-none-eabi/11.3.1/thumb/v7-m/nofp\libgcc.a
LOAD D:/STM32CubeIDE_1.13.0/STM32CubeIDE/STM32CubeIDE/plugins/com.st.stm32cube.ide.mcu.externaltools.gnu-tools-for-stm32.11.3.rel1.win32_1.1.0.202305231506/tools/bin/../lib/gcc/arm-none-eabi/11.3.1/../../../../arm-none-eabi/lib/thumb/v7-m/nofp\libc_nano.a
LOAD D:/STM32CubeIDE_1.13.0/STM32CubeIDE/STM32CubeIDE/plugins/com.st.stm32cube.ide.mcu.externaltools.gnu-tools-for-stm32.11.3.rel1.win32_1.1.0.202305231506/tools/bin/../lib/gcc/arm-none-eabi/11.3.1/../../../../arm-none-eabi/lib/thumb/v7-m/nofp\libnosys.a
END GROUP
LOAD D:/STM32CubeIDE_1.13.0/STM32CubeIDE/STM32CubeIDE/plugins/com.st.stm32cube.ide.mcu.externaltools.gnu-tools-for-stm32.11.3.rel1.win32_1.1.0.202305231506/tools/bin/../lib/gcc/arm-none-eabi/11.3.1/thumb/v7-m/nofp/crtend.o
LOAD D:/STM32CubeIDE_1.13.0/STM32CubeIDE/STM32CubeIDE/plugins/com.st.stm32cube.ide.mcu.externaltools.gnu-tools-for-stm32.11.3.rel1.win32_1.1.0.202305231506/tools/bin/../lib/gcc/arm-none-eabi/11.3.1/thumb/v7-m/nofp/crtn.o
                0x0000000020005000                _estack = (ORIGIN (RAM) + LENGTH (RAM))
                0x0000000000000200                _Min_Heap_Size = 0x200
                0x0000000000000400                _Min_Stack_Size = 0x400

.isr_vector     0x0000000008000000      0x130
                0x0000000008000000                . = ALIGN (0x4)
 *(.isr_vector)
 .isr_vector    0x0000000008000000      0x130 ./Startup/startup_stm32f103c8tx.o
                0x0000000008000000                g_pfnVectors
                0x0000000008000130                . = ALIGN (0x4)

.text           0x0000000008000130      0xc90
                0x0000000008000130                . = ALIGN (0x4)
 *(.text)
 .text          0x0000000008000130       0x40 D:/STM32CubeIDE_1.13.0/STM32CubeIDE/STM32CubeIDE/plugins/com.st.stm32cube.ide.mcu.externaltools.gnu-tools-for-stm32.11.3.rel1.win32_1.1.0.202305231506/tools/bin/../lib/gcc/arm-none-eabi/11.3.1/thumb/v7-m/nofp/crtbegin.o
 .text          0x0000000008000170       0x14 D:/STM32CubeIDE_1.13.0/STM32CubeIDE/STM32CubeIDE/plugins/com.st.stm32cube.ide.mcu.externaltools.gnu-tools-for-stm32.11.3.rel1.win32_1.1.0.202305231506/tools/bin/../lib/gcc/arm-none-eabi/11.3.1/../../../../arm-none-eabi/lib/thumb/v7-m/nofp\libc_nano.a(libc_a-strcmp.o)
                0x0000000008000170                strcmp
 *(.text*)
 .text.FIFO_init
                0x0000000008000184       0x44 ./RTOS/MYRTOS_FIFO.o
                0x0000000008000184                FIFO_init
 .text.FIFO_enqueue
                0x00000000080001c8       0x84 ./RTOS/MYRTOS_FIFO.o
                0x00000000080001c8                FIFO_enqueue
 .text.FIFO_dequeue
                0x000000000800024c       0x7a ./RTOS/MYRTOS_FIFO.o
                0x000000000800024c                FIFO_dequeue
 *fill*         0x00000000080002c6        0x2 
 .text.__NVIC_SetPriority
                0x00000000080002c8       0x54 ./RTOS/cortexM_os_porting.o
 .text.SysTick_Config
                0x000000000800031c       0x44 ./RTOS/cortexM_os_porting.o
 .text.HardFault_Handler
                0x0000000008000360        0x6 ./RTOS/cortexM_os_porting.o
                0x0000000008000360                HardFault_Handler
 .text.MemManage_Handler
                0x0000000008000366        0x6 ./RTOS/cortexM_os_porting.o
                0x0000000008000366                MemManage_Handler
 .text.BusFault_Handler
                0x000000000800036c        0x6 ./RTOS/cortexM_os_porting.o
                0x000000000800036c                BusFault_Handler
 .text.UsageFault_Handler
                0x0000000008000372        0x6 ./RTOS/cortexM_os_porting.o
                0x0000000008000372                UsageFault_Handler
 .text.SVC_Handler
                0x0000000008000378       0x14 ./RTOS/cortexM_os_porting.o
                0x0000000008000378                SVC_Handler
 .text.HAL_init
                0x000000000800038c       0x12 ./RTOS/cortexM_os_porting.o
                0x000000000800038c                HAL_init
 *fill*         0x000000000800039e        0x2 
 .text.trigger_OS_PendSV
                0x00000000080003a0       0x1c ./RTOS/cortexM_os_porting.o
                0x00000000080003a0                trigger_OS_PendSV
 .text.start_tick
                0x00000000080003bc       0x10 ./RTOS/cortexM_os_porting.o
                0x00000000080003bc                start_tick
 .text.idle_task
                0x00000000080003cc       0x18 ./RTOS/schedular.o
                0x00000000080003cc                idle_task
 .text.PendSV_Handler
                0x00000000080003e4      0x1c4 ./RTOS/schedular.o
                0x00000000080003e4                PendSV_Handler
 .text.decide_what_next
                0x00000000080005a8       0xa8 ./RTOS/schedular.o
                0x00000000080005a8                decide_what_next
 .text.bubbleSort
                0x0000000008000650       0xac ./RTOS/schedular.o
                0x0000000008000650                bubbleSort
 .text.MYRTOS_update_mySchedule
                0x00000000080006fc       0xe8 ./RTOS/schedular.o
                0x00000000080006fc                MYRTOS_update_mySchedule
 .text.OS_svc_services
                0x00000000080007e4       0x70 ./RTOS/schedular.o
                0x00000000080007e4                OS_svc_services
 .text.SysTick_Handler
                0x0000000008000854       0x20 ./RTOS/schedular.o
                0x0000000008000854                SysTick_Handler
 .text.OS_svc_set_id
                0x0000000008000874       0x34 ./RTOS/schedular.o
                0x0000000008000874                OS_svc_set_id
 .text.OS_create_mainstack
                0x00000000080008a8       0x30 ./RTOS/schedular.o
                0x00000000080008a8                OS_create_mainstack
 .text.OS_create_task_stack
                0x00000000080008d8       0x7e ./RTOS/schedular.o
                0x00000000080008d8                OS_create_task_stack
 *fill*         0x0000000008000956        0x2 
 .text.MYRTOS_init
                0x0000000008000958       0x88 ./RTOS/schedular.o
                0x0000000008000958                MYRTOS_init
 .text.MYRTOS_CreateTask
                0x00000000080009e0       0x7c ./RTOS/schedular.o
                0x00000000080009e0                MYRTOS_CreateTask
 .text.MYRTOS_activate_task
                0x0000000008000a5c       0x1e ./RTOS/schedular.o
                0x0000000008000a5c                MYRTOS_activate_task
 .text.MYRTOS_terminate_task
                0x0000000008000a7a       0x1e ./RTOS/schedular.o
                0x0000000008000a7a                MYRTOS_terminate_task
 .text.MYRTOS_start
                0x0000000008000a98       0x5c ./RTOS/schedular.o
                0x0000000008000a98                MYRTOS_start
 .text.task1    0x0000000008000af4       0x48 ./Src/main.o
                0x0000000008000af4                task1
 .text.task2    0x0000000008000b3c       0x50 ./Src/main.o
                0x0000000008000b3c                task2
 .text.task3    0x0000000008000b8c       0x50 ./Src/main.o
                0x0000000008000b8c                task3
 .text.task4    0x0000000008000bdc       0x40 ./Src/main.o
                0x0000000008000bdc                task4
 .text.main     0x0000000008000c1c       0xf0 ./Src/main.o
                0x0000000008000c1c                main
 .text.Reset_Handler
                0x0000000008000d0c       0x50 ./Startup/startup_stm32f103c8tx.o
                0x0000000008000d0c                Reset_Handler
 .text.Default_Handler
                0x0000000008000d5c        0x2 ./Startup/startup_stm32f103c8tx.o
                0x0000000008000d5c                EXTI2_IRQHandler
                0x0000000008000d5c                TIM8_TRG_COM_IRQHandler
                0x0000000008000d5c                TIM8_CC_IRQHandler
                0x0000000008000d5c                DebugMon_Handler
                0x0000000008000d5c                TIM1_CC_IRQHandler
                0x0000000008000d5c                TIM6_IRQHandler
                0x0000000008000d5c                PVD_IRQHandler
                0x0000000008000d5c                SDIO_IRQHandler
                0x0000000008000d5c                NMI_Handler
                0x0000000008000d5c                EXTI3_IRQHandler
                0x0000000008000d5c                USB_HP_CAN_TX_IRQHandler
                0x0000000008000d5c                EXTI0_IRQHandler
                0x0000000008000d5c                I2C2_EV_IRQHandler
                0x0000000008000d5c                ADC1_2_IRQHandler
                0x0000000008000d5c                SPI1_IRQHandler
                0x0000000008000d5c                CAN_SCE_IRQHandler
                0x0000000008000d5c                TAMPER_IRQHandler
                0x0000000008000d5c                TIM8_UP_IRQHandler
                0x0000000008000d5c                DMA2_Channel2_IRQHandler
                0x0000000008000d5c                DMA1_Channel4_IRQHandler
                0x0000000008000d5c                USART3_IRQHandler
                0x0000000008000d5c                RTC_IRQHandler
                0x0000000008000d5c                DMA1_Channel7_IRQHandler
                0x0000000008000d5c                UART5_IRQHandler
                0x0000000008000d5c                ADC3_IRQHandler
                0x0000000008000d5c                TIM4_IRQHandler
                0x0000000008000d5c                CAN_RX1_IRQHandler
                0x0000000008000d5c                DMA2_Channel1_IRQHandler
                0x0000000008000d5c                I2C1_EV_IRQHandler
                0x0000000008000d5c                DMA1_Channel6_IRQHandler
                0x0000000008000d5c                UART4_IRQHandler
                0x0000000008000d5c                TIM3_IRQHandler
                0x0000000008000d5c                RCC_IRQHandler
                0x0000000008000d5c                TIM1_TRG_COM_IRQHandler
                0x0000000008000d5c                DMA1_Channel1_IRQHandler
                0x0000000008000d5c                Default_Handler
                0x0000000008000d5c                EXTI15_10_IRQHandler
                0x0000000008000d5c                TIM7_IRQHandler
                0x0000000008000d5c                TIM5_IRQHandler
                0x0000000008000d5c                EXTI9_5_IRQHandler
                0x0000000008000d5c                SPI2_IRQHandler
                0x0000000008000d5c                USB_LP_CAN_RX0_IRQHandler
                0x0000000008000d5c                DMA1_Channel5_IRQHandler
                0x0000000008000d5c                EXTI4_IRQHandler
                0x0000000008000d5c                DMA1_Channel3_IRQHandler
                0x0000000008000d5c                FSMC_IRQHandler
                0x0000000008000d5c                TIM1_UP_IRQHandler
                0x0000000008000d5c                WWDG_IRQHandler
                0x0000000008000d5c                TIM2_IRQHandler
                0x0000000008000d5c                TIM1_BRK_IRQHandler
                0x0000000008000d5c                EXTI1_IRQHandler
                0x0000000008000d5c                RTCAlarm_IRQHandler
                0x0000000008000d5c                DMA2_Channel4_5_IRQHandler
                0x0000000008000d5c                USART2_IRQHandler
                0x0000000008000d5c                I2C2_ER_IRQHandler
                0x0000000008000d5c                DMA1_Channel2_IRQHandler
                0x0000000008000d5c                TIM8_BRK_IRQHandler
                0x0000000008000d5c                FLASH_IRQHandler
                0x0000000008000d5c                USART1_IRQHandler
                0x0000000008000d5c                SPI3_IRQHandler
                0x0000000008000d5c                I2C1_ER_IRQHandler
                0x0000000008000d5c                DMA2_Channel3_IRQHandler
 *fill*         0x0000000008000d5e        0x2 
 .text.__libc_init_array
                0x0000000008000d60       0x48 D:/STM32CubeIDE_1.13.0/STM32CubeIDE/STM32CubeIDE/plugins/com.st.stm32cube.ide.mcu.externaltools.gnu-tools-for-stm32.11.3.rel1.win32_1.1.0.202305231506/tools/bin/../lib/gcc/arm-none-eabi/11.3.1/../../../../arm-none-eabi/lib/thumb/v7-m/nofp\libc_nano.a(libc_a-init.o)
                0x0000000008000d60                __libc_init_array
 *(.glue_7)
 .glue_7        0x0000000008000da8        0x0 linker stubs
 *(.glue_7t)
 .glue_7t       0x0000000008000da8        0x0 linker stubs
 *(.eh_frame)
 .eh_frame      0x0000000008000da8        0x0 D:/STM32CubeIDE_1.13.0/STM32CubeIDE/STM32CubeIDE/plugins/com.st.stm32cube.ide.mcu.externaltools.gnu-tools-for-stm32.11.3.rel1.win32_1.1.0.202305231506/tools/bin/../lib/gcc/arm-none-eabi/11.3.1/thumb/v7-m/nofp/crtbegin.o
 *(.init)
 .init          0x0000000008000da8        0x4 D:/STM32CubeIDE_1.13.0/STM32CubeIDE/STM32CubeIDE/plugins/com.st.stm32cube.ide.mcu.externaltools.gnu-tools-for-stm32.11.3.rel1.win32_1.1.0.202305231506/tools/bin/../lib/gcc/arm-none-eabi/11.3.1/thumb/v7-m/nofp/crti.o
                0x0000000008000da8                _init
 .init          0x0000000008000dac        0x8 D:/STM32CubeIDE_1.13.0/STM32CubeIDE/STM32CubeIDE/plugins/com.st.stm32cube.ide.mcu.externaltools.gnu-tools-for-stm32.11.3.rel1.win32_1.1.0.202305231506/tools/bin/../lib/gcc/arm-none-eabi/11.3.1/thumb/v7-m/nofp/crtn.o
 *(.fini)
 .fini          0x0000000008000db4        0x4 D:/STM32CubeIDE_1.13.0/STM32CubeIDE/STM32CubeIDE/plugins/com.st.stm32cube.ide.mcu.externaltools.gnu-tools-for-stm32.11.3.rel1.win32_1.1.0.202305231506/tools/bin/../lib/gcc/arm-none-eabi/11.3.1/thumb/v7-m/nofp/crti.o
                0x0000000008000db4                _fini
 .fini          0x0000000008000db8        0x8 D:/STM32CubeIDE_1.13.0/STM32CubeIDE/STM32CubeIDE/plugins/com.st.stm32cube.ide.mcu.externaltools.gnu-tools-for-stm32.11.3.rel1.win32_1.1.0.202305231506/tools/bin/../lib/gcc/arm-none-eabi/11.3.1/thumb/v7-m/nofp/crtn.o
                0x0000000008000dc0                . = ALIGN (0x4)
                0x0000000008000dc0                _etext = .

.vfp11_veneer   0x0000000008000dc0        0x0
 .vfp11_veneer  0x0000000008000dc0        0x0 linker stubs

.v4_bx          0x0000000008000dc0        0x0
 .v4_bx         0x0000000008000dc0        0x0 linker stubs

.iplt           0x0000000008000dc0        0x0
 .iplt          0x0000000008000dc0        0x0 D:/STM32CubeIDE_1.13.0/STM32CubeIDE/STM32CubeIDE/plugins/com.st.stm32cube.ide.mcu.externaltools.gnu-tools-for-stm32.11.3.rel1.win32_1.1.0.202305231506/tools/bin/../lib/gcc/arm-none-eabi/11.3.1/thumb/v7-m/nofp/crtbegin.o

.rodata         0x0000000008000dc0       0x2c
                0x0000000008000dc0                . = ALIGN (0x4)
 *(.rodata)
 .rodata        0x0000000008000dc0        0xa ./RTOS/schedular.o
 *fill*         0x0000000008000dca        0x2 
 .rodata        0x0000000008000dcc       0x1e ./Src/main.o
 *(.rodata*)
                0x0000000008000dec                . = ALIGN (0x4)
 *fill*         0x0000000008000dea        0x2 

.rel.dyn        0x0000000008000dec        0x0
 .rel.iplt      0x0000000008000dec        0x0 D:/STM32CubeIDE_1.13.0/STM32CubeIDE/STM32CubeIDE/plugins/com.st.stm32cube.ide.mcu.externaltools.gnu-tools-for-stm32.11.3.rel1.win32_1.1.0.202305231506/tools/bin/../lib/gcc/arm-none-eabi/11.3.1/thumb/v7-m/nofp/crtbegin.o

.ARM.extab      0x0000000008000dec        0x0
                0x0000000008000dec                . = ALIGN (0x4)
 *(.ARM.extab* .gnu.linkonce.armextab.*)
                0x0000000008000dec                . = ALIGN (0x4)

.ARM            0x0000000008000dec        0x0
                0x0000000008000dec                . = ALIGN (0x4)
                0x0000000008000dec                __exidx_start = .
 *(.ARM.exidx*)
                0x0000000008000dec                __exidx_end = .
                0x0000000008000dec                . = ALIGN (0x4)

.preinit_array  0x0000000008000dec        0x0
                0x0000000008000dec                . = ALIGN (0x4)
                0x0000000008000dec                PROVIDE (__preinit_array_start = .)
 *(.preinit_array*)
                0x0000000008000dec                PROVIDE (__preinit_array_end = .)
                0x0000000008000dec                . = ALIGN (0x4)

.init_array     0x0000000008000dec        0x4
                0x0000000008000dec                . = ALIGN (0x4)
                0x0000000008000dec                PROVIDE (__init_array_start = .)
 *(SORT_BY_NAME(.init_array.*))
 *(.init_array*)
 .init_array    0x0000000008000dec        0x4 D:/STM32CubeIDE_1.13.0/STM32CubeIDE/STM32CubeIDE/plugins/com.st.stm32cube.ide.mcu.externaltools.gnu-tools-for-stm32.11.3.rel1.win32_1.1.0.202305231506/tools/bin/../lib/gcc/arm-none-eabi/11.3.1/thumb/v7-m/nofp/crtbegin.o
                0x0000000008000df0                PROVIDE (__init_array_end = .)
                0x0000000008000df0                . = ALIGN (0x4)

.fini_array     0x0000000008000df0        0x4
                0x0000000008000df0                . = ALIGN (0x4)
                [!provide]                        PROVIDE (__fini_array_start = .)
 *(SORT_BY_NAME(.fini_array.*))
 *(.fini_array*)
 .fini_array    0x0000000008000df0        0x4 D:/STM32CubeIDE_1.13.0/STM32CubeIDE/STM32CubeIDE/plugins/com.st.stm32cube.ide.mcu.externaltools.gnu-tools-for-stm32.11.3.rel1.win32_1.1.0.202305231506/tools/bin/../lib/gcc/arm-none-eabi/11.3.1/thumb/v7-m/nofp/crtbegin.o
                [!provide]                        PROVIDE (__fini_array_end = .)
                0x0000000008000df4                . = ALIGN (0x4)
                0x0000000008000df4                _sidata = LOADADDR (.data)

.data           0x0000000020000000        0x0 load address 0x0000000008000df4
                0x0000000020000000                . = ALIGN (0x4)
                0x0000000020000000                _sdata = .
 *(.data)
 *(.data*)
 *(.RamFunc)
 *(.RamFunc*)
                0x0000000020000000                . = ALIGN (0x4)
                0x0000000020000000                _edata = .

.igot.plt       0x0000000020000000        0x0 load address 0x0000000008000df4
 .igot.plt      0x0000000020000000        0x0 D:/STM32CubeIDE_1.13.0/STM32CubeIDE/STM32CubeIDE/plugins/com.st.stm32cube.ide.mcu.externaltools.gnu-tools-for-stm32.11.3.rel1.win32_1.1.0.202305231506/tools/bin/../lib/gcc/arm-none-eabi/11.3.1/thumb/v7-m/nofp/crtbegin.o
                0x0000000020000000                . = ALIGN (0x4)

.bss            0x0000000020000000      0x540 load address 0x0000000008000df4
                0x0000000020000000                _sbss = .
                0x0000000020000000                __bss_start__ = _sbss
 *(.bss)
 .bss           0x0000000020000000       0x1c D:/STM32CubeIDE_1.13.0/STM32CubeIDE/STM32CubeIDE/plugins/com.st.stm32cube.ide.mcu.externaltools.gnu-tools-for-stm32.11.3.rel1.win32_1.1.0.202305231506/tools/bin/../lib/gcc/arm-none-eabi/11.3.1/thumb/v7-m/nofp/crtbegin.o
 *(.bss*)
 .bss.Ready_queue
                0x000000002000001c       0x14 ./RTOS/schedular.o
                0x000000002000001c                Ready_queue
 .bss.fifo_buffer
                0x0000000020000030      0x190 ./RTOS/schedular.o
                0x0000000020000030                fifo_buffer
 .bss.OS_idle_task
                0x00000000200001c0       0x58 ./RTOS/schedular.o
 .bss.idle_taskled
                0x0000000020000218        0x4 ./RTOS/schedular.o
                0x0000000020000218                idle_taskled
 .bss.systimer_tick
                0x000000002000021c        0x4 ./RTOS/schedular.o
                0x000000002000021c                systimer_tick
 .bss.OS_control
                0x0000000020000220      0x1a8 ./RTOS/schedular.o
                0x0000000020000220                OS_control
 .bss.Tref_1    0x00000000200003c8       0x58 ./Src/main.o
                0x00000000200003c8                Tref_1
 .bss.Tref_2    0x0000000020000420       0x58 ./Src/main.o
                0x0000000020000420                Tref_2
 .bss.Tref_3    0x0000000020000478       0x58 ./Src/main.o
                0x0000000020000478                Tref_3
 .bss.Tref_4    0x00000000200004d0       0x58 ./Src/main.o
                0x00000000200004d0                Tref_4
 .bss.task1_led
                0x0000000020000528        0x2 ./Src/main.o
                0x0000000020000528                task1_led
 .bss.task2_led
                0x000000002000052a        0x2 ./Src/main.o
                0x000000002000052a                task2_led
 .bss.task3_led
                0x000000002000052c        0x2 ./Src/main.o
                0x000000002000052c                task3_led
 .bss.task4_led
                0x000000002000052e        0x2 ./Src/main.o
                0x000000002000052e                task4_led
 .bss.count.3   0x0000000020000530        0x4 ./Src/main.o
 .bss.count.2   0x0000000020000534        0x4 ./Src/main.o
 .bss.count.1   0x0000000020000538        0x4 ./Src/main.o
 .bss.count.0   0x000000002000053c        0x4 ./Src/main.o
 *(COMMON)
                0x0000000020000540                . = ALIGN (0x4)
                0x0000000020000540                _ebss = .
                0x0000000020000540                __bss_end__ = _ebss

._user_heap_stack
                0x0000000020000540      0x600 load address 0x0000000008000df4
                0x0000000020000540                . = ALIGN (0x8)
                [!provide]                        PROVIDE (end = .)
                0x0000000020000540                PROVIDE (_end = .)
                0x0000000020000740                . = (. + _Min_Heap_Size)
 *fill*         0x0000000020000540      0x200 
                0x0000000020000b40                . = (. + _Min_Stack_Size)
 *fill*         0x0000000020000740      0x400 
                0x0000000020000b40                . = ALIGN (0x8)

/DISCARD/
 libc.a(*)
 libm.a(*)
 libgcc.a(*)

.ARM.attributes
                0x0000000000000000       0x29
 *(.ARM.attributes)
 .ARM.attributes
                0x0000000000000000       0x1d D:/STM32CubeIDE_1.13.0/STM32CubeIDE/STM32CubeIDE/plugins/com.st.stm32cube.ide.mcu.externaltools.gnu-tools-for-stm32.11.3.rel1.win32_1.1.0.202305231506/tools/bin/../lib/gcc/arm-none-eabi/11.3.1/thumb/v7-m/nofp/crti.o
 .ARM.attributes
                0x000000000000001d       0x2d D:/STM32CubeIDE_1.13.0/STM32CubeIDE/STM32CubeIDE/plugins/com.st.stm32cube.ide.mcu.externaltools.gnu-tools-for-stm32.11.3.rel1.win32_1.1.0.202305231506/tools/bin/../lib/gcc/arm-none-eabi/11.3.1/thumb/v7-m/nofp/crtbegin.o
 .ARM.attributes
                0x000000000000004a       0x2d ./RTOS/MYRTOS_FIFO.o
 .ARM.attributes
                0x0000000000000077       0x2d ./RTOS/cortexM_os_porting.o
 .ARM.attributes
                0x00000000000000a4       0x2d ./RTOS/schedular.o
 .ARM.attributes
                0x00000000000000d1       0x2d ./Src/main.o
 .ARM.attributes
                0x00000000000000fe       0x21 ./Startup/startup_stm32f103c8tx.o
 .ARM.attributes
                0x000000000000011f       0x2d D:/STM32CubeIDE_1.13.0/STM32CubeIDE/STM32CubeIDE/plugins/com.st.stm32cube.ide.mcu.externaltools.gnu-tools-for-stm32.11.3.rel1.win32_1.1.0.202305231506/tools/bin/../lib/gcc/arm-none-eabi/11.3.1/../../../../arm-none-eabi/lib/thumb/v7-m/nofp\libc_nano.a(libc_a-init.o)
 .ARM.attributes
                0x000000000000014c       0x1b D:/STM32CubeIDE_1.13.0/STM32CubeIDE/STM32CubeIDE/plugins/com.st.stm32cube.ide.mcu.externaltools.gnu-tools-for-stm32.11.3.rel1.win32_1.1.0.202305231506/tools/bin/../lib/gcc/arm-none-eabi/11.3.1/../../../../arm-none-eabi/lib/thumb/v7-m/nofp\libc_nano.a(libc_a-strcmp.o)
 .ARM.attributes
                0x0000000000000167       0x1d D:/STM32CubeIDE_1.13.0/STM32CubeIDE/STM32CubeIDE/plugins/com.st.stm32cube.ide.mcu.externaltools.gnu-tools-for-stm32.11.3.rel1.win32_1.1.0.202305231506/tools/bin/../lib/gcc/arm-none-eabi/11.3.1/thumb/v7-m/nofp/crtn.o
OUTPUT(RTOS.elf elf32-littlearm)
LOAD linker stubs
LOAD D:/STM32CubeIDE_1.13.0/STM32CubeIDE/STM32CubeIDE/plugins/com.st.stm32cube.ide.mcu.externaltools.gnu-tools-for-stm32.11.3.rel1.win32_1.1.0.202305231506/tools/bin/../lib/gcc/arm-none-eabi/11.3.1/../../../../arm-none-eabi/lib/thumb/v7-m/nofp\libc.a
LOAD D:/STM32CubeIDE_1.13.0/STM32CubeIDE/STM32CubeIDE/plugins/com.st.stm32cube.ide.mcu.externaltools.gnu-tools-for-stm32.11.3.rel1.win32_1.1.0.202305231506/tools/bin/../lib/gcc/arm-none-eabi/11.3.1/../../../../arm-none-eabi/lib/thumb/v7-m/nofp\libm.a
LOAD D:/STM32CubeIDE_1.13.0/STM32CubeIDE/STM32CubeIDE/plugins/com.st.stm32cube.ide.mcu.externaltools.gnu-tools-for-stm32.11.3.rel1.win32_1.1.0.202305231506/tools/bin/../lib/gcc/arm-none-eabi/11.3.1/thumb/v7-m/nofp\libgcc.a

.comment        0x0000000000000000       0x43
 .comment       0x0000000000000000       0x43 D:/STM32CubeIDE_1.13.0/STM32CubeIDE/STM32CubeIDE/plugins/com.st.stm32cube.ide.mcu.externaltools.gnu-tools-for-stm32.11.3.rel1.win32_1.1.0.202305231506/tools/bin/../lib/gcc/arm-none-eabi/11.3.1/thumb/v7-m/nofp/crtbegin.o
                                         0x44 (size before relaxing)
 .comment       0x0000000000000043       0x44 ./RTOS/MYRTOS_FIFO.o
 .comment       0x0000000000000043       0x44 ./RTOS/cortexM_os_porting.o
 .comment       0x0000000000000043       0x44 ./RTOS/schedular.o
 .comment       0x0000000000000043       0x44 ./Src/main.o

.debug_info     0x0000000000000000     0x165c
 .debug_info    0x0000000000000000      0x37b ./RTOS/MYRTOS_FIFO.o
 .debug_info    0x000000000000037b      0x603 ./RTOS/cortexM_os_porting.o
 .debug_info    0x000000000000097e      0x8d5 ./RTOS/schedular.o
 .debug_info    0x0000000000001253      0x3e7 ./Src/main.o
 .debug_info    0x000000000000163a       0x22 ./Startup/startup_stm32f103c8tx.o

.debug_abbrev   0x0000000000000000      0x6e9
 .debug_abbrev  0x0000000000000000      0x103 ./RTOS/MYRTOS_FIFO.o
 .debug_abbrev  0x0000000000000103      0x16a ./RTOS/cortexM_os_porting.o
 .debug_abbrev  0x000000000000026d      0x2fc ./RTOS/schedular.o
 .debug_abbrev  0x0000000000000569      0x16e ./Src/main.o
 .debug_abbrev  0x00000000000006d7       0x12 ./Startup/startup_stm32f103c8tx.o

.debug_loc      0x0000000000000000      0x9c8
 .debug_loc     0x0000000000000000      0x1cc ./RTOS/MYRTOS_FIFO.o
 .debug_loc     0x00000000000001cc      0x1f8 ./RTOS/cortexM_os_porting.o
 .debug_loc     0x00000000000003c4      0x528 ./RTOS/schedular.o
 .debug_loc     0x00000000000008ec       0xdc ./Src/main.o

.debug_aranges  0x0000000000000000      0x1c0
 .debug_aranges
                0x0000000000000000       0x40 ./RTOS/MYRTOS_FIFO.o
 .debug_aranges
                0x0000000000000040       0x68 ./RTOS/cortexM_os_porting.o
 .debug_aranges
                0x00000000000000a8       0xb0 ./RTOS/schedular.o
 .debug_aranges
                0x0000000000000158       0x40 ./Src/main.o
 .debug_aranges
                0x0000000000000198       0x28 ./Startup/startup_stm32f103c8tx.o

.debug_ranges   0x0000000000000000      0x178
 .debug_ranges  0x0000000000000000       0x30 ./RTOS/MYRTOS_FIFO.o
 .debug_ranges  0x0000000000000030       0x58 ./RTOS/cortexM_os_porting.o
 .debug_ranges  0x0000000000000088       0xa0 ./RTOS/schedular.o
 .debug_ranges  0x0000000000000128       0x30 ./Src/main.o
 .debug_ranges  0x0000000000000158       0x20 ./Startup/startup_stm32f103c8tx.o

.debug_macro    0x0000000000000000     0x32c5
 .debug_macro   0x0000000000000000      0x1cb ./RTOS/MYRTOS_FIFO.o
 .debug_macro   0x00000000000001cb      0xaa2 ./RTOS/MYRTOS_FIFO.o
 .debug_macro   0x0000000000000c6d       0x22 ./RTOS/MYRTOS_FIFO.o
 .debug_macro   0x0000000000000c8f       0x5b ./RTOS/MYRTOS_FIFO.o
 .debug_macro   0x0000000000000cea       0x24 ./RTOS/MYRTOS_FIFO.o
 .debug_macro   0x0000000000000d0e       0x94 ./RTOS/MYRTOS_FIFO.o
 .debug_macro   0x0000000000000da2       0x43 ./RTOS/MYRTOS_FIFO.o
 .debug_macro   0x0000000000000de5       0x34 ./RTOS/MYRTOS_FIFO.o
 .debug_macro   0x0000000000000e19       0x16 ./RTOS/MYRTOS_FIFO.o
 .debug_macro   0x0000000000000e2f       0x57 ./RTOS/MYRTOS_FIFO.o
 .debug_macro   0x0000000000000e86       0x97 ./RTOS/MYRTOS_FIFO.o
 .debug_macro   0x0000000000000f1d      0x369 ./RTOS/MYRTOS_FIFO.o
 .debug_macro   0x0000000000001286       0xfd ./RTOS/MYRTOS_FIFO.o
 .debug_macro   0x0000000000001383       0x10 ./RTOS/MYRTOS_FIFO.o
 .debug_macro   0x0000000000001393       0x16 ./RTOS/MYRTOS_FIFO.o
 .debug_macro   0x00000000000013a9       0x43 ./RTOS/MYRTOS_FIFO.o
 .debug_macro   0x00000000000013ec       0x34 ./RTOS/MYRTOS_FIFO.o
 .debug_macro   0x0000000000001420       0x10 ./RTOS/MYRTOS_FIFO.o
 .debug_macro   0x0000000000001430       0x58 ./RTOS/MYRTOS_FIFO.o
 .debug_macro   0x0000000000001488       0x8e ./RTOS/MYRTOS_FIFO.o
 .debug_macro   0x0000000000001516       0x1c ./RTOS/MYRTOS_FIFO.o
 .debug_macro   0x0000000000001532      0x177 ./RTOS/MYRTOS_FIFO.o
 .debug_macro   0x00000000000016a9       0x16 ./RTOS/MYRTOS_FIFO.o
 .debug_macro   0x00000000000016bf       0x16 ./RTOS/MYRTOS_FIFO.o
 .debug_macro   0x00000000000016d5      0x147 ./RTOS/MYRTOS_FIFO.o
 .debug_macro   0x000000000000181c      0x103 ./RTOS/MYRTOS_FIFO.o
 .debug_macro   0x000000000000191f       0x6a ./RTOS/MYRTOS_FIFO.o
 .debug_macro   0x0000000000001989      0x1df ./RTOS/MYRTOS_FIFO.o
 .debug_macro   0x0000000000001b68       0x2e ./RTOS/MYRTOS_FIFO.o
 .debug_macro   0x0000000000001b96       0x16 ./RTOS/MYRTOS_FIFO.o
 .debug_macro   0x0000000000001bac       0x35 ./RTOS/MYRTOS_FIFO.o
 .debug_macro   0x0000000000001be1       0x16 ./RTOS/MYRTOS_FIFO.o
 .debug_macro   0x0000000000001bf7       0x29 ./RTOS/MYRTOS_FIFO.o
 .debug_macro   0x0000000000001c20       0x16 ./RTOS/MYRTOS_FIFO.o
 .debug_macro   0x0000000000001c36       0x20 ./RTOS/MYRTOS_FIFO.o
 .debug_macro   0x0000000000001c56      0x212 ./RTOS/cortexM_os_porting.o
 .debug_macro   0x0000000000001e68       0x8e ./RTOS/cortexM_os_porting.o
 .debug_macro   0x0000000000001ef6       0x51 ./RTOS/cortexM_os_porting.o
 .debug_macro   0x0000000000001f47       0x61 ./RTOS/cortexM_os_porting.o
 .debug_macro   0x0000000000001fa8       0x28 ./RTOS/cortexM_os_porting.o
 .debug_macro   0x0000000000001fd0       0x1c ./RTOS/cortexM_os_porting.o
 .debug_macro   0x0000000000001fec       0x22 ./RTOS/cortexM_os_porting.o
 .debug_macro   0x000000000000200e       0xdf ./RTOS/cortexM_os_porting.o
 .debug_macro   0x00000000000020ed      0xe3c ./RTOS/cortexM_os_porting.o
 .debug_macro   0x0000000000002f29      0x1d1 ./RTOS/schedular.o
 .debug_macro   0x00000000000030fa      0x1cb ./Src/main.o

.debug_line     0x0000000000000000     0x2707
 .debug_line    0x0000000000000000      0x881 ./RTOS/MYRTOS_FIFO.o
 .debug_line    0x0000000000000881      0x8e8 ./RTOS/cortexM_os_porting.o
 .debug_line    0x0000000000001169      0xd1d ./RTOS/schedular.o
 .debug_line    0x0000000000001e86      0x7fd ./Src/main.o
 .debug_line    0x0000000000002683       0x84 ./Startup/startup_stm32f103c8tx.o

.debug_str      0x0000000000000000     0xd96b
 .debug_str     0x0000000000000000     0x7aa2 ./RTOS/MYRTOS_FIFO.o
                                       0x7ca7 (size before relaxing)
 .debug_str     0x0000000000007aa2     0x5ac1 ./RTOS/cortexM_os_porting.o
                                       0xd601 (size before relaxing)
 .debug_str     0x000000000000d563      0x35f ./RTOS/schedular.o
                                       0x8015 (size before relaxing)
 .debug_str     0x000000000000d8c2       0x7a ./Src/main.o
                                       0x7d16 (size before relaxing)
 .debug_str     0x000000000000d93c       0x2f ./Startup/startup_stm32f103c8tx.o
                                         0x66 (size before relaxing)

.debug_frame    0x0000000000000000      0x570
 .debug_frame   0x0000000000000000       0xd8 ./RTOS/MYRTOS_FIFO.o
 .debug_frame   0x00000000000000d8      0x124 ./RTOS/cortexM_os_porting.o
 .debug_frame   0x00000000000001fc      0x28c ./RTOS/schedular.o
 .debug_frame   0x0000000000000488       0x9c ./Src/main.o
 .debug_frame   0x0000000000000524       0x2c D:/STM32CubeIDE_1.13.0/STM32CubeIDE/STM32CubeIDE/plugins/com.st.stm32cube.ide.mcu.externaltools.gnu-tools-for-stm32.11.3.rel1.win32_1.1.0.202305231506/tools/bin/../lib/gcc/arm-none-eabi/11.3.1/../../../../arm-none-eabi/lib/thumb/v7-m/nofp\libc_nano.a(libc_a-init.o)
 .debug_frame   0x0000000000000550       0x20 D:/STM32CubeIDE_1.13.0/STM32CubeIDE/STM32CubeIDE/plugins/com.st.stm32cube.ide.mcu.externaltools.gnu-tools-for-stm32.11.3.rel1.win32_1.1.0.202305231506/tools/bin/../lib/gcc/arm-none-eabi/11.3.1/../../../../arm-none-eabi/lib/thumb/v7-m/nofp\libc_nano.a(libc_a-strcmp.o)
