Archive member included to satisfy reference by file (symbol)

D:/STM32CubeIDE_1.13.0/STM32CubeIDE/plugins/com.st.stm32cube.ide.mcu.externaltools.gnu-tools-for-stm32.11.3.rel1.win32_1.1.0.202305231506/tools/bin/../lib/gcc/arm-none-eabi/11.3.1/../../../../arm-none-eabi/lib/thumb/v7-m/nofp\libc_nano.a(libc_a-exit.o)
                              D:/STM32CubeIDE_1.13.0/STM32CubeIDE/plugins/com.st.stm32cube.ide.mcu.externaltools.gnu-tools-for-stm32.11.3.rel1.win32_1.1.0.202305231506/tools/bin/../lib/gcc/arm-none-eabi/11.3.1/../../../../arm-none-eabi/lib/thumb/v7-m/nofp/crt0.o (exit)
D:/STM32CubeIDE_1.13.0/STM32CubeIDE/plugins/com.st.stm32cube.ide.mcu.externaltools.gnu-tools-for-stm32.11.3.rel1.win32_1.1.0.202305231506/tools/bin/../lib/gcc/arm-none-eabi/11.3.1/../../../../arm-none-eabi/lib/thumb/v7-m/nofp\libc_nano.a(libc_a-findfp.o)
                              D:/STM32CubeIDE_1.13.0/STM32CubeIDE/plugins/com.st.stm32cube.ide.mcu.externaltools.gnu-tools-for-stm32.11.3.rel1.win32_1.1.0.202305231506/tools/bin/../lib/gcc/arm-none-eabi/11.3.1/../../../../arm-none-eabi/lib/thumb/v7-m/nofp\libc_nano.a(libc_a-exit.o) (__stdio_exit_handler)
D:/STM32CubeIDE_1.13.0/STM32CubeIDE/plugins/com.st.stm32cube.ide.mcu.externaltools.gnu-tools-for-stm32.11.3.rel1.win32_1.1.0.202305231506/tools/bin/../lib/gcc/arm-none-eabi/11.3.1/../../../../arm-none-eabi/lib/thumb/v7-m/nofp\libc_nano.a(libc_a-fwalk.o)
                              D:/STM32CubeIDE_1.13.0/STM32CubeIDE/plugins/com.st.stm32cube.ide.mcu.externaltools.gnu-tools-for-stm32.11.3.rel1.win32_1.1.0.202305231506/tools/bin/../lib/gcc/arm-none-eabi/11.3.1/../../../../arm-none-eabi/lib/thumb/v7-m/nofp\libc_nano.a(libc_a-findfp.o) (_fwalk_sglue)
D:/STM32CubeIDE_1.13.0/STM32CubeIDE/plugins/com.st.stm32cube.ide.mcu.externaltools.gnu-tools-for-stm32.11.3.rel1.win32_1.1.0.202305231506/tools/bin/../lib/gcc/arm-none-eabi/11.3.1/../../../../arm-none-eabi/lib/thumb/v7-m/nofp\libc_nano.a(libc_a-sprintf.o)
                              ./App/app.o (sprintf)
D:/STM32CubeIDE_1.13.0/STM32CubeIDE/plugins/com.st.stm32cube.ide.mcu.externaltools.gnu-tools-for-stm32.11.3.rel1.win32_1.1.0.202305231506/tools/bin/../lib/gcc/arm-none-eabi/11.3.1/../../../../arm-none-eabi/lib/thumb/v7-m/nofp\libc_nano.a(libc_a-stdio.o)
                              D:/STM32CubeIDE_1.13.0/STM32CubeIDE/plugins/com.st.stm32cube.ide.mcu.externaltools.gnu-tools-for-stm32.11.3.rel1.win32_1.1.0.202305231506/tools/bin/../lib/gcc/arm-none-eabi/11.3.1/../../../../arm-none-eabi/lib/thumb/v7-m/nofp\libc_nano.a(libc_a-findfp.o) (__sread)
D:/STM32CubeIDE_1.13.0/STM32CubeIDE/plugins/com.st.stm32cube.ide.mcu.externaltools.gnu-tools-for-stm32.11.3.rel1.win32_1.1.0.202305231506/tools/bin/../lib/gcc/arm-none-eabi/11.3.1/../../../../arm-none-eabi/lib/thumb/v7-m/nofp\libc_nano.a(libc_a-memset.o)
                              D:/STM32CubeIDE_1.13.0/STM32CubeIDE/plugins/com.st.stm32cube.ide.mcu.externaltools.gnu-tools-for-stm32.11.3.rel1.win32_1.1.0.202305231506/tools/bin/../lib/gcc/arm-none-eabi/11.3.1/../../../../arm-none-eabi/lib/thumb/v7-m/nofp/crt0.o (memset)
D:/STM32CubeIDE_1.13.0/STM32CubeIDE/plugins/com.st.stm32cube.ide.mcu.externaltools.gnu-tools-for-stm32.11.3.rel1.win32_1.1.0.202305231506/tools/bin/../lib/gcc/arm-none-eabi/11.3.1/../../../../arm-none-eabi/lib/thumb/v7-m/nofp\libc_nano.a(libc_a-closer.o)
                              D:/STM32CubeIDE_1.13.0/STM32CubeIDE/plugins/com.st.stm32cube.ide.mcu.externaltools.gnu-tools-for-stm32.11.3.rel1.win32_1.1.0.202305231506/tools/bin/../lib/gcc/arm-none-eabi/11.3.1/../../../../arm-none-eabi/lib/thumb/v7-m/nofp\libc_nano.a(libc_a-stdio.o) (_close_r)
D:/STM32CubeIDE_1.13.0/STM32CubeIDE/plugins/com.st.stm32cube.ide.mcu.externaltools.gnu-tools-for-stm32.11.3.rel1.win32_1.1.0.202305231506/tools/bin/../lib/gcc/arm-none-eabi/11.3.1/../../../../arm-none-eabi/lib/thumb/v7-m/nofp\libc_nano.a(libc_a-reent.o)
                              D:/STM32CubeIDE_1.13.0/STM32CubeIDE/plugins/com.st.stm32cube.ide.mcu.externaltools.gnu-tools-for-stm32.11.3.rel1.win32_1.1.0.202305231506/tools/bin/../lib/gcc/arm-none-eabi/11.3.1/../../../../arm-none-eabi/lib/thumb/v7-m/nofp\libc_nano.a(libc_a-closer.o) (errno)
D:/STM32CubeIDE_1.13.0/STM32CubeIDE/plugins/com.st.stm32cube.ide.mcu.externaltools.gnu-tools-for-stm32.11.3.rel1.win32_1.1.0.202305231506/tools/bin/../lib/gcc/arm-none-eabi/11.3.1/../../../../arm-none-eabi/lib/thumb/v7-m/nofp\libc_nano.a(libc_a-impure.o)
                              D:/STM32CubeIDE_1.13.0/STM32CubeIDE/plugins/com.st.stm32cube.ide.mcu.externaltools.gnu-tools-for-stm32.11.3.rel1.win32_1.1.0.202305231506/tools/bin/../lib/gcc/arm-none-eabi/11.3.1/../../../../arm-none-eabi/lib/thumb/v7-m/nofp\libc_nano.a(libc_a-sprintf.o) (_impure_ptr)
[...]
Memory Configuration

Name             Origin             Length             Attributes
RAM              0x0000000020000000 0x0000000000002800 xrw
FLASH            0x0000000008000000 0x0000000000008000 xr
*default*        0x0000000000000000 0xffffffffffffffff

Linker script and memory map

LOAD D:/STM32CubeIDE_1.13.0/STM32CubeIDE/plugins/com.st.stm32cube.ide.mcu.externaltools.gnu-tools-for-stm32.11.3.rel1.win32_1.1.0.202305231506/tools/bin/../lib/gcc/arm-none-eabi/11.3.1/thumb/v7-m/nofp/crti.o
LOAD D:/STM32CubeIDE_1.13.0/STM32CubeIDE/plugins/com.st.stm32cube.ide.mcu.externaltools.gnu-tools-for-stm32.11.3.rel1.win32_1.1.0.202305231506/tools/bin/../lib/gcc/arm-none-eabi/11.3.1/thumb/v7-m/nofp/crtbegin.o
LOAD D:/STM32CubeIDE_1.13.0/STM32CubeIDE/plugins/com.st.stm32cube.ide.mcu.externaltools.gnu-tools-for-stm32.11.3.rel1.win32_1.1.0.202305231506/tools/bin/../lib/gcc/arm-none-eabi/11.3.1/../../../../arm-none-eabi/lib/thumb/v7-m/nofp/crt0.o
LOAD ./App/app.o
LOAD ./HAL/PIR.o
LOAD ./HAL/Servo_Motor.o
LOAD ./HAL/keypad.o
LOAD ./HAL/lcd.o
LOAD ./HAL/led.o
LOAD ./MCAL/RCC_clock_configuration.o
LOAD ./MCAL/Timer.o
LOAD ./MCAL/stm32_f103c6_gpio_driver.o
LOAD ./MCAL/stm32_f103c6_uart_driver.o
LOAD ./Src/main.o
LOAD ./Src/syscalls.o
LOAD ./Src/sysmem.o
LOAD ./Startup/startup_stm32f103c6tx.o
START GROUP
LOAD D:/STM32CubeIDE_1.13.0/STM32CubeIDE/plugins/com.st.stm32cube.ide.mcu.externaltools.gnu-tools-for-stm32.11.3.rel1.win32_1.1.0.202305231506/tools/bin/../lib/gcc/arm-none-eabi/11.3.1/../../../../arm-none-eabi/lib/thumb/v7-m/nofp\libc_nano.a
LOAD D:/STM32CubeIDE_1.13.0/STM32CubeIDE/plugins/com.st.stm32cube.ide.mcu.externaltools.gnu-tools-for-stm32.11.3.rel1.win32_1.1.0.202305231506/tools/bin/../lib/gcc/arm-none-eabi/11.3.1/../../../../arm-none-eabi/lib/thumb/v7-m/nofp\libm.a
END GROUP
START GROUP
LOAD D:/STM32CubeIDE_1.13.0/STM32CubeIDE/plugins/com.st.stm32cube.ide.mcu.externaltools.gnu-tools-for-stm32.11.3.rel1.win32_1.1.0.202305231506/tools/bin/../lib/gcc/arm-none-eabi/11.3.1/thumb/v7-m/nofp\libgcc.a
LOAD D:/STM32CubeIDE_1.13.0/STM32CubeIDE/plugins/com.st.stm32cube.ide.mcu.externaltools.gnu-tools-for-stm32.11.3.rel1.win32_1.1.0.202305231506/tools/bin/../lib/gcc/arm-none-eabi/11.3.1/../../../../arm-none-eabi/lib/thumb/v7-m/nofp\libc_nano.a
END GROUP
START GROUP
LOAD D:/STM32CubeIDE_1.13.0/STM32CubeIDE/plugins/com.st.stm32cube.ide.mcu.externaltools.gnu-tools-for-stm32.11.3.rel1.win32_1.1.0.202305231506/tools/bin/../lib/gcc/arm-none-eabi/11.3.1/thumb/v7-m/nofp\libgcc.a
LOAD D:/STM32CubeIDE_1.13.0/STM32CubeIDE/plugins/com.st.stm32cube.ide.mcu.externaltools.gnu-tools-for-stm32.11.3.rel1.win32_1.1.0.202305231506/tools/bin/../lib/gcc/arm-none-eabi/11.3.1/../../../../arm-none-eabi/lib/thumb/v7-m/nofp\libc_nano.a
LOAD D:/STM32CubeIDE_1.13.0/STM32CubeIDE/plugins/com.st.stm32cube.ide.mcu.externaltools.gnu-tools-for-stm32.11.3.rel1.win32_1.1.0.202305231506/tools/bin/../lib/gcc/arm-none-eabi/11.3.1/../../../../arm-none-eabi/lib/thumb/v7-m/nofp\libnosys.a
END GROUP
START GROUP
LOAD D:/STM32CubeIDE_1.13.0/STM32CubeIDE/plugins/com.st.stm32cube.ide.mcu.externaltools.gnu-tools-for-stm32.11.3.rel1.win32_1.1.0.202305231506/tools/bin/../lib/gcc/arm-none-eabi/11.3.1/thumb/v7-m/nofp\libgcc.a
LOAD D:/STM32CubeIDE_1.13.0/STM32CubeIDE/plugins/com.st.stm32cube.ide.mcu.externaltools.gnu-tools-for-stm32.11.3.rel1.win32_1.1.0.202305231506/tools/bin/../lib/gcc/arm-none-eabi/11.3.1/../../../../arm-none-eabi/lib/thumb/v7-m/nofp\libc_nano.a
LOAD D:/STM32CubeIDE_1.13.0/STM32CubeIDE/plugins/com.st.stm32cube.ide.mcu.externaltools.gnu-tools-for-stm32.11.3.rel1.win32_1.1.0.202305231506/tools/bin/../lib/gcc/arm-none-eabi/11.3.1/../../../../arm-none-eabi/lib/thumb/v7-m/nofp\libnosys.a
END GROUP
LOAD D:/STM32CubeIDE_1.13.0/STM32CubeIDE/plugins/com.st.stm32cube.ide.mcu.externaltools.gnu-tools-for-stm32.11.3.rel1.win32_1.1.0.202305231506/tools/bin/../lib/gcc/arm-none-eabi/11.3.1/thumb/v7-m/nofp/crtend.o
LOAD D:/STM32CubeIDE_1.13.0/STM32CubeIDE/plugins/com.st.stm32cube.ide.mcu.externaltools.gnu-tools-for-stm32.11.3.rel1.win32_1.1.0.202305231506/tools/bin/../lib/gcc/arm-none-eabi/11.3.1/thumb/v7-m/nofp/crtn.o
                0x0000000020002800                _estack = (ORIGIN (RAM) + LENGTH (RAM))
                0x0000000000000200                _Min_Heap_Size = 0x200
                0x0000000000000400                _Min_Stack_Size = 0x400

.isr_vector     0x0000000008000000      0x130
                0x0000000008000000                . = ALIGN (0x4)
 *(.isr_vector)
 .isr_vector    0x0000000008000000      0x130 ./Startup/startup_stm32f103c6tx.o
                0x0000000008000000                g_pfnVectors
                0x0000000008000130                . = ALIGN (0x4)

.text           0x0000000008000130     0x1f24
                0x0000000008000130                . = ALIGN (0x4)
 *(.text)
 .text          0x0000000008000130       0x40 D:/STM32CubeIDE_1.13.0/STM32CubeIDE/plugins/com.st.stm32cube.ide.mcu.externaltools.gnu-tools-for-stm32.11.3.rel1.win32_1.1.0.202305231506/tools/bin/../lib/gcc/arm-none-eabi/11.3.1/thumb/v7-m/nofp/crtbegin.o
 *(.text*)
 .text.MCAL_init
                0x0000000008000170       0x34 ./App/app.o
                0x0000000008000170                MCAL_init
 .text.HAL_init
                0x00000000080001a4       0x30 ./App/app.o
                0x00000000080001a4                HAL_init
 .text.parking_init
                0x00000000080001d4      0x118 ./App/app.o
                0x00000000080001d4                parking_init
 .text.parking_entry
                0x00000000080002ec      0x190 ./App/app.o
                0x00000000080002ec                parking_entry
 .text.parking_exit
                0x000000000800047c      0x168 ./App/app.o
                0x000000000800047c                parking_exit
 .text.uart1_config
                0x00000000080005e4       0x44 ./App/app.o
                0x00000000080005e4                uart1_config
 .text.uart2_config
                0x0000000008000628       0x44 ./App/app.o
                0x0000000008000628                uart2_config
 .text.PIR_init
                0x000000000800066c       0x40 ./HAL/PIR.o
                0x000000000800066c                PIR_init
 .text.PIR_Entergate
                0x00000000080006ac       0x30 ./HAL/PIR.o
                0x00000000080006ac                PIR_Entergate
 .text.Servo1_Entry_Gate_Init
                0x00000000080006dc       0x2c ./HAL/Servo_Motor.o
                0x00000000080006dc                Servo1_Entry_Gate_Init
 .text.Servo1_Entry_Gate
                0x0000000008000708       0x64 ./HAL/Servo_Motor.o
                0x0000000008000708                Servo1_Entry_Gate
 .text.Servo2_Exit_Gate_Init
                0x000000000800076c       0x2c ./HAL/Servo_Motor.o
                0x000000000800076c                Servo2_Exit_Gate_Init
 .text.Keypad_init
                0x0000000008000798       0xcc ./HAL/keypad.o
                0x0000000008000798                Keypad_init
 .text.Keypad_getkey
                0x0000000008000864      0x194 ./HAL/keypad.o
                0x0000000008000864                Keypad_getkey
 .text.LCD_delay
                0x00000000080009f8       0x3c ./HAL/lcd.o
 .text.LCD_kick
                0x0000000008000a34       0x36 ./HAL/lcd.o
                0x0000000008000a34                LCD_kick
 .text.LCD_init
                0x0000000008000a6a      0x10e ./HAL/lcd.o
                0x0000000008000a6a                LCD_init
 .text.LCD_sendchar
                0x0000000008000b78      0x152 ./HAL/lcd.o
                0x0000000008000b78                LCD_sendchar
 .text.LCD_sendstring
                0x0000000008000cca       0x32 ./HAL/lcd.o
                0x0000000008000cca                LCD_sendstring
 .text.LCDIsbusy
                0x0000000008000cfc       0x16 ./HAL/lcd.o
                0x0000000008000cfc                LCDIsbusy
 .text.LCD_clearscreen
                0x0000000008000d12       0x20 ./HAL/lcd.o
                0x0000000008000d12                LCD_clearscreen
 .text.LCD_returnhome
                0x0000000008000d32       0x20 ./HAL/lcd.o
                0x0000000008000d32                LCD_returnhome
 *fill*         0x0000000008000d52        0x2 
 .text.LCD_gotoxy
                0x0000000008000d54       0x74 ./HAL/lcd.o
                0x0000000008000d54                LCD_gotoxy
 .text.led_init
                0x0000000008000dc8       0x40 ./HAL/led.o
                0x0000000008000dc8                led_init
 .text.led__green_on
                0x0000000008000e08       0x18 ./HAL/led.o
                0x0000000008000e08                led__green_on
 .text.led_green_off
                0x0000000008000e20       0x18 ./HAL/led.o
                0x0000000008000e20                led_green_off
 .text.led__red_on
                0x0000000008000e38       0x18 ./HAL/led.o
                0x0000000008000e38                led__red_on
 .text.led_red_off
                0x0000000008000e50       0x18 ./HAL/led.o
                0x0000000008000e50                led_red_off
 .text.MCAL_RCC_GetSysCLK
                0x0000000008000e68       0x34 ./MCAL/RCC_clock_configuration.o
                0x0000000008000e68                MCAL_RCC_GetSysCLK
 .text.MCAL_RCC_GetHCLKFreq
                0x0000000008000e9c       0x2c ./MCAL/RCC_clock_configuration.o
                0x0000000008000e9c                MCAL_RCC_GetHCLKFreq
 .text.MCAL_RCC_GetPCLK1Freq
                0x0000000008000ec8       0x28 ./MCAL/RCC_clock_configuration.o
                0x0000000008000ec8                MCAL_RCC_GetPCLK1Freq
 .text.MCAL_RCC_GetPCLK2Freq
                0x0000000008000ef0       0x28 ./MCAL/RCC_clock_configuration.o
                0x0000000008000ef0                MCAL_RCC_GetPCLK2Freq
 .text.Timer2_init
                0x0000000008000f18       0x54 ./MCAL/Timer.o
                0x0000000008000f18                Timer2_init
 .text.delay_us
                0x0000000008000f6c       0x2c ./MCAL/Timer.o
                0x0000000008000f6c                delay_us
 .text.delay_ms
                0x0000000008000f98       0x32 ./MCAL/Timer.o
                0x0000000008000f98                delay_ms
 *fill*         0x0000000008000fca        0x2 
 .text.get_pin_position
                0x0000000008000fcc      0x170 ./MCAL/stm32_f103c6_gpio_driver.o
                0x0000000008000fcc                get_pin_position
 .text.MCAL_GPIO_INIT
                0x000000000800113c      0x116 ./MCAL/stm32_f103c6_gpio_driver.o
                0x000000000800113c                MCAL_GPIO_INIT
 .text.MCAL_GPIO_WRITE_PIN
                0x0000000008001252       0x2e ./MCAL/stm32_f103c6_gpio_driver.o
                0x0000000008001252                MCAL_GPIO_WRITE_PIN
 .text.MCAL_GPIO_WRITE_PORT
                0x0000000008001280       0x1c ./MCAL/stm32_f103c6_gpio_driver.o
                0x0000000008001280                MCAL_GPIO_WRITE_PORT
 .text.MCAL_GPIO_READ_PIN
                0x000000000800129c       0x2e ./MCAL/stm32_f103c6_gpio_driver.o
                0x000000000800129c                MCAL_GPIO_READ_PIN
 .text.MCAL_GPIO_WriteGroup
                0x00000000080012ca       0x3a ./MCAL/stm32_f103c6_gpio_driver.o
                0x00000000080012ca                MCAL_GPIO_WriteGroup
 .text.MCAL_uart_init
                0x0000000008001304      0x198 ./MCAL/stm32_f103c6_uart_driver.o
                0x0000000008001304                MCAL_uart_init
 .text.MCAL_GPIO_uart_init
                0x000000000800149c       0xcc ./MCAL/stm32_f103c6_uart_driver.o
                0x000000000800149c                MCAL_GPIO_uart_init
 .text.MCAL_uart_recieve
                0x0000000008001568       0x64 ./MCAL/stm32_f103c6_uart_driver.o
                0x0000000008001568                MCAL_uart_recieve
 .text.USART1_IRQHandler
                0x00000000080015cc       0x14 ./MCAL/stm32_f103c6_uart_driver.o
                0x00000000080015cc                USART1_IRQHandler
 .text.USART2_IRQHandler
                0x00000000080015e0       0x14 ./MCAL/stm32_f103c6_uart_driver.o
                0x00000000080015e0                USART2_IRQHandler
 .text.USART3_IRQHandler
                0x00000000080015f4       0x14 ./MCAL/stm32_f103c6_uart_driver.o
                0x00000000080015f4                USART3_IRQHandler
 .text.main     0x0000000008001608       0x1e ./Src/main.o
                0x0000000008001608                main
 *fill*         0x0000000008001626        0x2 
 .text._sbrk    0x0000000008001628       0x6c ./Src/sysmem.o
                0x0000000008001628                _sbrk
 .text.Reset_Handler
                0x0000000008001694       0x50 ./Startup/startup_stm32f103c6tx.o
                0x0000000008001694                Reset_Handler
 .text.Default_Handler
                0x00000000080016e4        0x2 ./Startup/startup_stm32f103c6tx.o
                0x00000000080016e4                EXTI2_IRQHandler
                0x00000000080016e4                TIM8_TRG_COM_IRQHandler
                0x00000000080016e4                TIM8_CC_IRQHandler
                0x00000000080016e4                DebugMon_Handler
                0x00000000080016e4                TIM1_CC_IRQHandler
                0x00000000080016e4                HardFault_Handler
                0x00000000080016e4                TIM6_IRQHandler
                0x00000000080016e4                SysTick_Handler
                0x00000000080016e4                PVD_IRQHandler
                0x00000000080016e4                SDIO_IRQHandler
                0x00000000080016e4                PendSV_Handler
                0x00000000080016e4                NMI_Handler
                0x00000000080016e4                EXTI3_IRQHandler
                0x00000000080016e4                USB_HP_CAN_TX_IRQHandler
                0x00000000080016e4                EXTI0_IRQHandler
                0x00000000080016e4                I2C2_EV_IRQHandler
                0x00000000080016e4                UsageFault_Handler
                0x00000000080016e4                ADC1_2_IRQHandler
                0x00000000080016e4                SPI1_IRQHandler
                0x00000000080016e4                CAN_SCE_IRQHandler
                0x00000000080016e4                TAMPER_IRQHandler
                0x00000000080016e4                TIM8_UP_IRQHandler
                0x00000000080016e4                DMA2_Channel2_IRQHandler
                0x00000000080016e4                DMA1_Channel4_IRQHandler
                0x00000000080016e4                RTC_IRQHandler
                0x00000000080016e4                DMA1_Channel7_IRQHandler
                0x00000000080016e4                UART5_IRQHandler
                0x00000000080016e4                ADC3_IRQHandler
                0x00000000080016e4                TIM4_IRQHandler
                0x00000000080016e4                CAN_RX1_IRQHandler
                0x00000000080016e4                DMA2_Channel1_IRQHandler
                0x00000000080016e4                I2C1_EV_IRQHandler
                0x00000000080016e4                DMA1_Channel6_IRQHandler
                0x00000000080016e4                UART4_IRQHandler
                0x00000000080016e4                TIM3_IRQHandler
                0x00000000080016e4                RCC_IRQHandler
                0x00000000080016e4                TIM1_TRG_COM_IRQHandler
                0x00000000080016e4                DMA1_Channel1_IRQHandler
                0x00000000080016e4                Default_Handler
                0x00000000080016e4                EXTI15_10_IRQHandler
                0x00000000080016e4                TIM7_IRQHandler
                0x00000000080016e4                TIM5_IRQHandler
                0x00000000080016e4                EXTI9_5_IRQHandler
                0x00000000080016e4                SPI2_IRQHandler
                0x00000000080016e4                USB_LP_CAN_RX0_IRQHandler
                0x00000000080016e4                MemManage_Handler
                0x00000000080016e4                SVC_Handler
                0x00000000080016e4                DMA1_Channel5_IRQHandler
                0x00000000080016e4                EXTI4_IRQHandler
                0x00000000080016e4                DMA1_Channel3_IRQHandler
                0x00000000080016e4                FSMC_IRQHandler
                0x00000000080016e4                TIM1_UP_IRQHandler
                0x00000000080016e4                WWDG_IRQHandler
                0x00000000080016e4                TIM2_IRQHandler
                0x00000000080016e4                TIM1_BRK_IRQHandler
                0x00000000080016e4                EXTI1_IRQHandler
                0x00000000080016e4                RTCAlarm_IRQHandler
                0x00000000080016e4                DMA2_Channel4_5_IRQHandler
                0x00000000080016e4                I2C2_ER_IRQHandler
                0x00000000080016e4                DMA1_Channel2_IRQHandler
                0x00000000080016e4                TIM8_BRK_IRQHandler
                0x00000000080016e4                FLASH_IRQHandler
                0x00000000080016e4                BusFault_Handler
                0x00000000080016e4                SPI3_IRQHandler
                0x00000000080016e4                I2C1_ER_IRQHandler
                0x00000000080016e4                DMA2_Channel3_IRQHandler
 *fill*         0x00000000080016e6        0x2 
 .text.sprintf  0x00000000080016e8       0x40 D:/STM32CubeIDE_1.13.0/STM32CubeIDE/plugins/com.st.stm32cube.ide.mcu.externaltools.gnu-tools-for-stm32.11.3.rel1.win32_1.1.0.202305231506/tools/bin/../lib/gcc/arm-none-eabi/11.3.1/../../../../arm-none-eabi/lib/thumb/v7-m/nofp\libc_nano.a(libc_a-sprintf.o)
                0x00000000080016e8                siprintf
                0x00000000080016e8                sprintf
 .text.__errno  0x0000000008001728        0xc D:/STM32CubeIDE_1.13.0/STM32CubeIDE/plugins/com.st.stm32cube.ide.mcu.externaltools.gnu-tools-for-stm32.11.3.rel1.win32_1.1.0.202305231506/tools/bin/../lib/gcc/arm-none-eabi/11.3.1/../../../../arm-none-eabi/lib/thumb/v7-m/nofp\libc_nano.a(libc_a-errno.o)
                0x0000000008001728                __errno
 .text.__libc_init_array
                0x0000000008001734       0x48 D:/STM32CubeIDE_1.13.0/STM32CubeIDE/plugins/com.st.stm32cube.ide.mcu.externaltools.gnu-tools-for-stm32.11.3.rel1.win32_1.1.0.202305231506/tools/bin/../lib/gcc/arm-none-eabi/11.3.1/../../../../arm-none-eabi/lib/thumb/v7-m/nofp\libc_nano.a(libc_a-init.o)
                0x0000000008001734                __libc_init_array
 .text.__retarget_lock_acquire_recursive
                0x000000000800177c        0x2 D:/STM32CubeIDE_1.13.0/STM32CubeIDE/plugins/com.st.stm32cube.ide.mcu.externaltools.gnu-tools-for-stm32.11.3.rel1.win32_1.1.0.202305231506/tools/bin/../lib/gcc/arm-none-eabi/11.3.1/../../../../arm-none-eabi/lib/thumb/v7-m/nofp\libc_nano.a(libc_a-lock.o)
                0x000000000800177c                __retarget_lock_acquire_recursive
 .text.__retarget_lock_release_recursive
                0x000000000800177e        0x2 D:/STM32CubeIDE_1.13.0/STM32CubeIDE/plugins/com.st.stm32cube.ide.mcu.externaltools.gnu-tools-for-stm32.11.3.rel1.win32_1.1.0.202305231506/tools/bin/../lib/gcc/arm-none-eabi/11.3.1/../../../../arm-none-eabi/lib/thumb/v7-m/nofp\libc_nano.a(libc_a-lock.o)
                0x000000000800177e                __retarget_lock_release_recursive
 .text._free_r  0x0000000008001780       0x90 D:/STM32CubeIDE_1.13.0/STM32CubeIDE/plugins/com.st.stm32cube.ide.mcu.externaltools.gnu-tools-for-stm32.11.3.rel1.win32_1.1.0.202305231506/tools/bin/../lib/gcc/arm-none-eabi/11.3.1/../../../../arm-none-eabi/lib/thumb/v7-m/nofp\libc_nano.a(libc_a-freer.o)
                0x0000000008001780                _free_r
 .text.sbrk_aligned
                0x0000000008001810       0x40 D:/STM32CubeIDE_1.13.0/STM32CubeIDE/plugins/com.st.stm32cube.ide.mcu.externaltools.gnu-tools-for-stm32.11.3.rel1.win32_1.1.0.202305231506/tools/bin/../lib/gcc/arm-none-eabi/11.3.1/../../../../arm-none-eabi/lib/thumb/v7-m/nofp\libc_nano.a(libc_a-mallocr.o)
 .text._malloc_r
                0x0000000008001850      0x100 D:/STM32CubeIDE_1.13.0/STM32CubeIDE/plugins/com.st.stm32cube.ide.mcu.externaltools.gnu-tools-for-stm32.11.3.rel1.win32_1.1.0.202305231506/tools/bin/../lib/gcc/arm-none-eabi/11.3.1/../../../../arm-none-eabi/lib/thumb/v7-m/nofp\libc_nano.a(libc_a-mallocr.o)
                0x0000000008001850                _malloc_r
 .text.__malloc_lock
                0x0000000008001950        0xc D:/STM32CubeIDE_1.13.0/STM32CubeIDE/plugins/com.st.stm32cube.ide.mcu.externaltools.gnu-tools-for-stm32.11.3.rel1.win32_1.1.0.202305231506/tools/bin/../lib/gcc/arm-none-eabi/11.3.1/../../../../arm-none-eabi/lib/thumb/v7-m/nofp\libc_nano.a(libc_a-mlock.o)
                0x0000000008001950                __malloc_lock
 .text.__malloc_unlock
                0x000000000800195c        0xc D:/STM32CubeIDE_1.13.0/STM32CubeIDE/plugins/com.st.stm32cube.ide.mcu.externaltools.gnu-tools-for-stm32.11.3.rel1.win32_1.1.0.202305231506/tools/bin/../lib/gcc/arm-none-eabi/11.3.1/../../../../arm-none-eabi/lib/thumb/v7-m/nofp\libc_nano.a(libc_a-mlock.o)
                0x000000000800195c                __malloc_unlock
 .text.__ssputs_r
                0x0000000008001968       0xb4 D:/STM32CubeIDE_1.13.0/STM32CubeIDE/plugins/com.st.stm32cube.ide.mcu.externaltools.gnu-tools-for-stm32.11.3.rel1.win32_1.1.0.202305231506/tools/bin/../lib/gcc/arm-none-eabi/11.3.1/../../../../arm-none-eabi/lib/thumb/v7-m/nofp\libc_nano.a(libc_a-nano-svfprintf.o)
                0x0000000008001968                __ssputs_r
 .text._svfprintf_r
                0x0000000008001a1c      0x1fc D:/STM32CubeIDE_1.13.0/STM32CubeIDE/plugins/com.st.stm32cube.ide.mcu.externaltools.gnu-tools-for-stm32.11.3.rel1.win32_1.1.0.202305231506/tools/bin/../lib/gcc/arm-none-eabi/11.3.1/../../../../arm-none-eabi/lib/thumb/v7-m/nofp\libc_nano.a(libc_a-nano-svfprintf.o)
                0x0000000008001a1c                _svfiprintf_r
                0x0000000008001a1c                _svfprintf_r
 .text._printf_common
                0x0000000008001c18       0xe4 D:/STM32CubeIDE_1.13.0/STM32CubeIDE/plugins/com.st.stm32cube.ide.mcu.externaltools.gnu-tools-for-stm32.11.3.rel1.win32_1.1.0.202305231506/tools/bin/../lib/gcc/arm-none-eabi/11.3.1/../../../../arm-none-eabi/lib/thumb/v7-m/nofp\libc_nano.a(libc_a-nano-vfprintf_i.o)
                0x0000000008001c18                _printf_common
 .text._printf_i
                0x0000000008001cfc      0x244 D:/STM32CubeIDE_1.13.0/STM32CubeIDE/plugins/com.st.stm32cube.ide.mcu.externaltools.gnu-tools-for-stm32.11.3.rel1.win32_1.1.0.202305231506/tools/bin/../lib/gcc/arm-none-eabi/11.3.1/../../../../arm-none-eabi/lib/thumb/v7-m/nofp\libc_nano.a(libc_a-nano-vfprintf_i.o)
                0x0000000008001cfc                _printf_i
 .text.memmove  0x0000000008001f40       0x34 D:/STM32CubeIDE_1.13.0/STM32CubeIDE/plugins/com.st.stm32cube.ide.mcu.externaltools.gnu-tools-for-stm32.11.3.rel1.win32_1.1.0.202305231506/tools/bin/../lib/gcc/arm-none-eabi/11.3.1/../../../../arm-none-eabi/lib/thumb/v7-m/nofp\libc_nano.a(libc_a-memmove.o)
                0x0000000008001f40                memmove
 .text._sbrk_r  0x0000000008001f74       0x20 D:/STM32CubeIDE_1.13.0/STM32CubeIDE/plugins/com.st.stm32cube.ide.mcu.externaltools.gnu-tools-for-stm32.11.3.rel1.win32_1.1.0.202305231506/tools/bin/../lib/gcc/arm-none-eabi/11.3.1/../../../../arm-none-eabi/lib/thumb/v7-m/nofp\libc_nano.a(libc_a-sbrkr.o)
                0x0000000008001f74                _sbrk_r
 .text.memchr   0x0000000008001f94       0x1c D:/STM32CubeIDE_1.13.0/STM32CubeIDE/plugins/com.st.stm32cube.ide.mcu.externaltools.gnu-tools-for-stm32.11.3.rel1.win32_1.1.0.202305231506/tools/bin/../lib/gcc/arm-none-eabi/11.3.1/../../../../arm-none-eabi/lib/thumb/v7-m/nofp\libc_nano.a(libc_a-memchr-stub.o)
                0x0000000008001f94                memchr
 .text.memcpy   0x0000000008001fb0       0x1c D:/STM32CubeIDE_1.13.0/STM32CubeIDE/plugins/com.st.stm32cube.ide.mcu.externaltools.gnu-tools-for-stm32.11.3.rel1.win32_1.1.0.202305231506/tools/bin/../lib/gcc/arm-none-eabi/11.3.1/../../../../arm-none-eabi/lib/thumb/v7-m/nofp\libc_nano.a(libc_a-memcpy-stub.o)
                0x0000000008001fb0                memcpy
 .text._realloc_r
                0x0000000008001fcc       0x5e D:/STM32CubeIDE_1.13.0/STM32CubeIDE/plugins/com.st.stm32cube.ide.mcu.externaltools.gnu-tools-for-stm32.11.3.rel1.win32_1.1.0.202305231506/tools/bin/../lib/gcc/arm-none-eabi/11.3.1/../../../../arm-none-eabi/lib/thumb/v7-m/nofp\libc_nano.a(libc_a-reallocr.o)
                0x0000000008001fcc                _realloc_r
 .text._malloc_usable_size_r
                0x000000000800202a       0x10 D:/STM32CubeIDE_1.13.0/STM32CubeIDE/plugins/com.st.stm32cube.ide.mcu.externaltools.gnu-tools-for-stm32.11.3.rel1.win32_1.1.0.202305231506/tools/bin/../lib/gcc/arm-none-eabi/11.3.1/../../../../arm-none-eabi/lib/thumb/v7-m/nofp\libc_nano.a(libc_a-msizer.o)
                0x000000000800202a                _malloc_usable_size_r
 *(.glue_7)
 .glue_7        0x000000000800203a        0x0 linker stubs
 *(.glue_7t)
 .glue_7t       0x000000000800203a        0x0 linker stubs
 *(.eh_frame)
 *fill*         0x000000000800203a        0x2 
 .eh_frame      0x000000000800203c        0x0 D:/STM32CubeIDE_1.13.0/STM32CubeIDE/plugins/com.st.stm32cube.ide.mcu.externaltools.gnu-tools-for-stm32.11.3.rel1.win32_1.1.0.202305231506/tools/bin/../lib/gcc/arm-none-eabi/11.3.1/thumb/v7-m/nofp/crtbegin.o
 *(.init)
 .init          0x000000000800203c        0x4 D:/STM32CubeIDE_1.13.0/STM32CubeIDE/plugins/com.st.stm32cube.ide.mcu.externaltools.gnu-tools-for-stm32.11.3.rel1.win32_1.1.0.202305231506/tools/bin/../lib/gcc/arm-none-eabi/11.3.1/thumb/v7-m/nofp/crti.o
                0x000000000800203c                _init
 .init          0x0000000008002040        0x8 D:/STM32CubeIDE_1.13.0/STM32CubeIDE/plugins/com.st.stm32cube.ide.mcu.externaltools.gnu-tools-for-stm32.11.3.rel1.win32_1.1.0.202305231506/tools/bin/../lib/gcc/arm-none-eabi/11.3.1/thumb/v7-m/nofp/crtn.o
 *(.fini)
 .fini          0x0000000008002048        0x4 D:/STM32CubeIDE_1.13.0/STM32CubeIDE/plugins/com.st.stm32cube.ide.mcu.externaltools.gnu-tools-for-stm32.11.3.rel1.win32_1.1.0.202305231506/tools/bin/../lib/gcc/arm-none-eabi/11.3.1/thumb/v7-m/nofp/crti.o
                0x0000000008002048                _fini
 .fini          0x000000000800204c        0x8 D:/STM32CubeIDE_1.13.0/STM32CubeIDE/plugins/com.st.stm32cube.ide.mcu.externaltools.gnu-tools-for-stm32.11.3.rel1.win32_1.1.0.202305231506/tools/bin/../lib/gcc/arm-none-eabi/11.3.1/thumb/v7-m/nofp/crtn.o
                0x0000000008002054                . = ALIGN (0x4)
                0x0000000008002054                _etext = .

.vfp11_veneer   0x0000000008002054        0x0
 .vfp11_veneer  0x0000000008002054        0x0 linker stubs

.v4_bx          0x0000000008002054        0x0
 .v4_bx         0x0000000008002054        0x0 linker stubs

.iplt           0x0000000008002054        0x0
 .iplt          0x0000000008002054        0x0 D:/STM32CubeIDE_1.13.0/STM32CubeIDE/plugins/com.st.stm32cube.ide.mcu.externaltools.gnu-tools-for-stm32.11.3.rel1.win32_1.1.0.202305231506/tools/bin/../lib/gcc/arm-none-eabi/11.3.1/thumb/v7-m/nofp/crtbegin.o

.rodata         0x0000000008002054       0xf4
                0x0000000008002054                . = ALIGN (0x4)
 *(.rodata)
 .rodata        0x0000000008002054       0x94 ./App/app.o
 *(.rodata*)
 .rodata.APB_PRESCALER
                0x00000000080020e8        0x8 ./MCAL/RCC_clock_configuration.o
                0x00000000080020e8                APB_PRESCALER
 .rodata.AHB_PRESCALER
                0x00000000080020f0       0x22 ./MCAL/RCC_clock_configuration.o
                0x00000000080020f0                AHB_PRESCALER
 .rodata._svfprintf_r.str1.1
                0x0000000008002112       0x11 D:/STM32CubeIDE_1.13.0/STM32CubeIDE/plugins/com.st.stm32cube.ide.mcu.externaltools.gnu-tools-for-stm32.11.3.rel1.win32_1.1.0.202305231506/tools/bin/../lib/gcc/arm-none-eabi/11.3.1/../../../../arm-none-eabi/lib/thumb/v7-m/nofp\libc_nano.a(libc_a-nano-svfprintf.o)
 .rodata._printf_i.str1.1
                0x0000000008002123       0x22 D:/STM32CubeIDE_1.13.0/STM32CubeIDE/plugins/com.st.stm32cube.ide.mcu.externaltools.gnu-tools-for-stm32.11.3.rel1.win32_1.1.0.202305231506/tools/bin/../lib/gcc/arm-none-eabi/11.3.1/../../../../arm-none-eabi/lib/thumb/v7-m/nofp\libc_nano.a(libc_a-nano-vfprintf_i.o)
                0x0000000008002148                . = ALIGN (0x4)
 *fill*         0x0000000008002145        0x3 

.rel.dyn        0x0000000008002148        0x0
 .rel.iplt      0x0000000008002148        0x0 D:/STM32CubeIDE_1.13.0/STM32CubeIDE/plugins/com.st.stm32cube.ide.mcu.externaltools.gnu-tools-for-stm32.11.3.rel1.win32_1.1.0.202305231506/tools/bin/../lib/gcc/arm-none-eabi/11.3.1/thumb/v7-m/nofp/crtbegin.o

.ARM.extab      0x0000000008002148        0x0
                0x0000000008002148                . = ALIGN (0x4)
 *(.ARM.extab* .gnu.linkonce.armextab.*)
                0x0000000008002148                . = ALIGN (0x4)

.ARM            0x0000000008002148        0x0
                0x0000000008002148                . = ALIGN (0x4)
                0x0000000008002148                __exidx_start = .
 *(.ARM.exidx*)
                0x0000000008002148                __exidx_end = .
                0x0000000008002148                . = ALIGN (0x4)

.preinit_array  0x0000000008002148        0x0
                0x0000000008002148                . = ALIGN (0x4)
                0x0000000008002148                PROVIDE (__preinit_array_start = .)
 *(.preinit_array*)
                0x0000000008002148                PROVIDE (__preinit_array_end = .)
                0x0000000008002148                . = ALIGN (0x4)

.init_array     0x0000000008002148        0x4
                0x0000000008002148                . = ALIGN (0x4)
                0x0000000008002148                PROVIDE (__init_array_start = .)
 *(SORT_BY_NAME(.init_array.*))
 *(.init_array*)
 .init_array    0x0000000008002148        0x4 D:/STM32CubeIDE_1.13.0/STM32CubeIDE/plugins/com.st.stm32cube.ide.mcu.externaltools.gnu-tools-for-stm32.11.3.rel1.win32_1.1.0.202305231506/tools/bin/../lib/gcc/arm-none-eabi/11.3.1/thumb/v7-m/nofp/crtbegin.o
                0x000000000800214c                PROVIDE (__init_array_end = .)
                0x000000000800214c                . = ALIGN (0x4)

.fini_array     0x000000000800214c        0x4
                0x000000000800214c                . = ALIGN (0x4)
                [!provide]                        PROVIDE (__fini_array_start = .)
 *(SORT_BY_NAME(.fini_array.*))
 *(.fini_array*)
 .fini_array    0x000000000800214c        0x4 D:/STM32CubeIDE_1.13.0/STM32CubeIDE/plugins/com.st.stm32cube.ide.mcu.externaltools.gnu-tools-for-stm32.11.3.rel1.win32_1.1.0.202305231506/tools/bin/../lib/gcc/arm-none-eabi/11.3.1/thumb/v7-m/nofp/crtbegin.o
                [!provide]                        PROVIDE (__fini_array_end = .)
                0x0000000008002150                . = ALIGN (0x4)
                0x0000000008002150                _sidata = LOADADDR (.data)

.data           0x0000000020000000       0x9c load address 0x0000000008002150
                0x0000000020000000                . = ALIGN (0x4)
                0x0000000020000000                _sdata = .
 *(.data)
 *(.data*)
 .data.free_slots
                0x0000000020000000        0x1 ./App/app.o
                0x0000000020000000                free_slots
 *fill*         0x0000000020000001        0x3 
 .data.LCD_admin
                0x0000000020000004       0x14 ./App/app.o
                0x0000000020000004                LCD_admin
 .data.LCD_user
                0x0000000020000018       0x14 ./App/app.o
                0x0000000020000018                LCD_user
 .data.Key_padRow
                0x000000002000002c       0x10 ./HAL/keypad.o
                0x000000002000002c                Key_padRow
 .data.Key_padCol
                0x000000002000003c       0x10 ./HAL/keypad.o
                0x000000002000003c                Key_padCol
 .data._impure_data
                0x000000002000004c       0x4c D:/STM32CubeIDE_1.13.0/STM32CubeIDE/plugins/com.st.stm32cube.ide.mcu.externaltools.gnu-tools-for-stm32.11.3.rel1.win32_1.1.0.202305231506/tools/bin/../lib/gcc/arm-none-eabi/11.3.1/../../../../arm-none-eabi/lib/thumb/v7-m/nofp\libc_nano.a(libc_a-impure.o)
                0x000000002000004c                _impure_data
 .data._impure_ptr
                0x0000000020000098        0x4 D:/STM32CubeIDE_1.13.0/STM32CubeIDE/plugins/com.st.stm32cube.ide.mcu.externaltools.gnu-tools-for-stm32.11.3.rel1.win32_1.1.0.202305231506/tools/bin/../lib/gcc/arm-none-eabi/11.3.1/../../../../arm-none-eabi/lib/thumb/v7-m/nofp\libc_nano.a(libc_a-impure.o)
                0x0000000020000098                _impure_ptr
 *(.RamFunc)
 *(.RamFunc*)
                0x000000002000009c                . = ALIGN (0x4)
                0x000000002000009c                _edata = .

.igot.plt       0x000000002000009c        0x0 load address 0x00000000080021ec
 .igot.plt      0x000000002000009c        0x0 D:/STM32CubeIDE_1.13.0/STM32CubeIDE/plugins/com.st.stm32cube.ide.mcu.externaltools.gnu-tools-for-stm32.11.3.rel1.win32_1.1.0.202305231506/tools/bin/../lib/gcc/arm-none-eabi/11.3.1/thumb/v7-m/nofp/crtbegin.o
                0x000000002000009c                . = ALIGN (0x4)

.bss            0x000000002000009c      0x1cc load address 0x00000000080021ec
                0x000000002000009c                _sbss = .
                0x000000002000009c                __bss_start__ = _sbss
 *(.bss)
 .bss           0x000000002000009c       0x1c D:/STM32CubeIDE_1.13.0/STM32CubeIDE/plugins/com.st.stm32cube.ide.mcu.externaltools.gnu-tools-for-stm32.11.3.rel1.win32_1.1.0.202305231506/tools/bin/../lib/gcc/arm-none-eabi/11.3.1/thumb/v7-m/nofp/crtbegin.o
 *(.bss*)
 .bss.approved_id
                0x00000000200000b8        0x3 ./App/app.o
                0x00000000200000b8                approved_id
 *fill*         0x00000000200000bb        0x1 
 .bss.enteredID_buffer
                0x00000000200000bc       0x14 ./App/app.o
                0x00000000200000bc                enteredID_buffer
 .bss.recieve_buff
                0x00000000200000d0       0x28 ./App/app.o
                0x00000000200000d0                recieve_buff
 .bss.freeslot_buff
                0x00000000200000f8       0x14 ./App/app.o
                0x00000000200000f8                freeslot_buff
 .bss.Global_UART_Config
                0x000000002000010c        0x4 ./MCAL/stm32_f103c6_uart_driver.o
                0x000000002000010c                Global_UART_Config
 .bss.Global_UARTx_Cnfg
                0x0000000020000110        0xc ./MCAL/stm32_f103c6_uart_driver.o
                0x0000000020000110                Global_UARTx_Cnfg
 .bss.__sbrk_heap_end
                0x000000002000011c        0x4 ./Src/sysmem.o
 .bss.__sf      0x0000000020000120      0x138 D:/STM32CubeIDE_1.13.0/STM32CubeIDE/plugins/com.st.stm32cube.ide.mcu.externaltools.gnu-tools-for-stm32.11.3.rel1.win32_1.1.0.202305231506/tools/bin/../lib/gcc/arm-none-eabi/11.3.1/../../../../arm-none-eabi/lib/thumb/v7-m/nofp\libc_nano.a(libc_a-findfp.o)
                0x0000000020000120                __sf
 .bss.errno     0x0000000020000258        0x4 D:/STM32CubeIDE_1.13.0/STM32CubeIDE/plugins/com.st.stm32cube.ide.mcu.externaltools.gnu-tools-for-stm32.11.3.rel1.win32_1.1.0.202305231506/tools/bin/../lib/gcc/arm-none-eabi/11.3.1/../../../../arm-none-eabi/lib/thumb/v7-m/nofp\libc_nano.a(libc_a-reent.o)
                0x0000000020000258                errno
 .bss.__lock___malloc_recursive_mutex
                0x000000002000025c        0x1 D:/STM32CubeIDE_1.13.0/STM32CubeIDE/plugins/com.st.stm32cube.ide.mcu.externaltools.gnu-tools-for-stm32.11.3.rel1.win32_1.1.0.202305231506/tools/bin/../lib/gcc/arm-none-eabi/11.3.1/../../../../arm-none-eabi/lib/thumb/v7-m/nofp\libc_nano.a(libc_a-lock.o)
                0x000000002000025c                __lock___malloc_recursive_mutex
 *fill*         0x000000002000025d        0x3 
 .bss.__malloc_free_list
                0x0000000020000260        0x4 D:/STM32CubeIDE_1.13.0/STM32CubeIDE/plugins/com.st.stm32cube.ide.mcu.externaltools.gnu-tools-for-stm32.11.3.rel1.win32_1.1.0.202305231506/tools/bin/../lib/gcc/arm-none-eabi/11.3.1/../../../../arm-none-eabi/lib/thumb/v7-m/nofp\libc_nano.a(libc_a-mallocr.o)
                0x0000000020000260                __malloc_free_list
 .bss.__malloc_sbrk_start
                0x0000000020000264        0x4 D:/STM32CubeIDE_1.13.0/STM32CubeIDE/plugins/com.st.stm32cube.ide.mcu.externaltools.gnu-tools-for-stm32.11.3.rel1.win32_1.1.0.202305231506/tools/bin/../lib/gcc/arm-none-eabi/11.3.1/../../../../arm-none-eabi/lib/thumb/v7-m/nofp\libc_nano.a(libc_a-mallocr.o)
                0x0000000020000264                __malloc_sbrk_start
 *(COMMON)
                0x0000000020000268                . = ALIGN (0x4)
                0x0000000020000268                _ebss = .
                0x0000000020000268                __bss_end__ = _ebss

._user_heap_stack
                0x0000000020000268      0x600 load address 0x00000000080021ec
                0x0000000020000268                . = ALIGN (0x8)
                [!provide]                        PROVIDE (end = .)
                0x0000000020000268                PROVIDE (_end = .)
                0x0000000020000468                . = (. + _Min_Heap_Size)
 *fill*         0x0000000020000268      0x200 
                0x0000000020000868                . = (. + _Min_Stack_Size)
 *fill*         0x0000000020000468      0x400 
                0x0000000020000868                . = ALIGN (0x8)

/DISCARD/
 libc.a(*)
 libm.a(*)
 libgcc.a(*)

.ARM.attributes
                0x0000000000000000       0x29
 *(.ARM.attributes)
 .ARM.attributes
                0x0000000000000000       0x1d D:/STM32CubeIDE_1.13.0/STM32CubeIDE/plugins/com.st.stm32cube.ide.mcu.externaltools.gnu-tools-for-stm32.11.3.rel1.win32_1.1.0.202305231506/tools/bin/../lib/gcc/arm-none-eabi/11.3.1/thumb/v7-m/nofp/crti.o
 .ARM.attributes
                0x000000000000001d       0x2d D:/STM32CubeIDE_1.13.0/STM32CubeIDE/plugins/com.st.stm32cube.ide.mcu.externaltools.gnu-tools-for-stm32.11.3.rel1.win32_1.1.0.202305231506/tools/bin/../lib/gcc/arm-none-eabi/11.3.1/thumb/v7-m/nofp/crtbegin.o
 .ARM.attributes
                0x000000000000004a       0x2d ./App/app.o
 .ARM.attributes
                0x0000000000000077       0x2d ./HAL/PIR.o
 .ARM.attributes
                0x00000000000000a4       0x2d ./HAL/Servo_Motor.o
 .ARM.attributes
                0x00000000000000d1       0x2d ./HAL/keypad.o
 .ARM.attributes
                0x00000000000000fe       0x2d ./HAL/lcd.o
 .ARM.attributes
                0x000000000000012b       0x2d ./HAL/led.o
 .ARM.attributes
                0x0000000000000158       0x2d ./MCAL/RCC_clock_configuration.o
 .ARM.attributes
                0x0000000000000185       0x2d ./MCAL/Timer.o
 .ARM.attributes
                0x00000000000001b2       0x2d ./MCAL/stm32_f103c6_gpio_driver.o
 .ARM.attributes
                0x00000000000001df       0x2d ./MCAL/stm32_f103c6_uart_driver.o
 .ARM.attributes
                0x000000000000020c       0x2d ./Src/main.o
 .ARM.attributes
                0x0000000000000239       0x2d ./Src/sysmem.o
 .ARM.attributes
                0x0000000000000266       0x21 ./Startup/startup_stm32f103c6tx.o
 .ARM.attributes
                0x0000000000000287       0x2d D:/STM32CubeIDE_1.13.0/STM32CubeIDE/plugins/com.st.stm32cube.ide.mcu.externaltools.gnu-tools-for-stm32.11.3.rel1.win32_1.1.0.202305231506/tools/bin/../lib/gcc/arm-none-eabi/11.3.1/../../../../arm-none-eabi/lib/thumb/v7-m/nofp\libc_nano.a(libc_a-findfp.o)
 .ARM.attributes
                0x00000000000002b4       0x2d D:/STM32CubeIDE_1.13.0/STM32CubeIDE/plugins/com.st.stm32cube.ide.mcu.externaltools.gnu-tools-for-stm32.11.3.rel1.win32_1.1.0.202305231506/tools/bin/../lib/gcc/arm-none-eabi/11.3.1/../../../../arm-none-eabi/lib/thumb/v7-m/nofp\libc_nano.a(libc_a-sprintf.o)
 .ARM.attributes
                0x00000000000002e1       0x2d D:/STM32CubeIDE_1.13.0/STM32CubeIDE/plugins/com.st.stm32cube.ide.mcu.externaltools.gnu-tools-for-stm32.11.3.rel1.win32_1.1.0.202305231506/tools/bin/../lib/gcc/arm-none-eabi/11.3.1/../../../../arm-none-eabi/lib/thumb/v7-m/nofp\libc_nano.a(libc_a-reent.o)
 .ARM.attributes
                0x000000000000030e       0x2d D:/STM32CubeIDE_1.13.0/STM32CubeIDE/plugins/com.st.stm32cube.ide.mcu.externaltools.gnu-tools-for-stm32.11.3.rel1.win32_1.1.0.202305231506/tools/bin/../lib/gcc/arm-none-eabi/11.3.1/../../../../arm-none-eabi/lib/thumb/v7-m/nofp\libc_nano.a(libc_a-impure.o)
 .ARM.attributes
                0x000000000000033b       0x2d D:/STM32CubeIDE_1.13.0/STM32CubeIDE/plugins/com.st.stm32cube.ide.mcu.externaltools.gnu-tools-for-stm32.11.3.rel1.win32_1.1.0.202305231506/tools/bin/../lib/gcc/arm-none-eabi/11.3.1/../../../../arm-none-eabi/lib/thumb/v7-m/nofp\libc_nano.a(libc_a-errno.o)
 .ARM.attributes
                0x0000000000000368       0x2d D:/STM32CubeIDE_1.13.0/STM32CubeIDE/plugins/com.st.stm32cube.ide.mcu.externaltools.gnu-tools-for-stm32.11.3.rel1.win32_1.1.0.202305231506/tools/bin/../lib/gcc/arm-none-eabi/11.3.1/../../../../arm-none-eabi/lib/thumb/v7-m/nofp\libc_nano.a(libc_a-init.o)
 .ARM.attributes
                0x0000000000000395       0x2d D:/STM32CubeIDE_1.13.0/STM32CubeIDE/plugins/com.st.stm32cube.ide.mcu.externaltools.gnu-tools-for-stm32.11.3.rel1.win32_1.1.0.202305231506/tools/bin/../lib/gcc/arm-none-eabi/11.3.1/../../../../arm-none-eabi/lib/thumb/v7-m/nofp\libc_nano.a(libc_a-lock.o)
 .ARM.attributes
                0x00000000000003c2       0x2d D:/STM32CubeIDE_1.13.0/STM32CubeIDE/plugins/com.st.stm32cube.ide.mcu.externaltools.gnu-tools-for-stm32.11.3.rel1.win32_1.1.0.202305231506/tools/bin/../lib/gcc/arm-none-eabi/11.3.1/../../../../arm-none-eabi/lib/thumb/v7-m/nofp\libc_nano.a(libc_a-freer.o)
 .ARM.attributes
                0x00000000000003ef       0x2d D:/STM32CubeIDE_1.13.0/STM32CubeIDE/plugins/com.st.stm32cube.ide.mcu.externaltools.gnu-tools-for-stm32.11.3.rel1.win32_1.1.0.202305231506/tools/bin/../lib/gcc/arm-none-eabi/11.3.1/../../../../arm-none-eabi/lib/thumb/v7-m/nofp\libc_nano.a(libc_a-mallocr.o)
 .ARM.attributes
                0x000000000000041c       0x2d D:/STM32CubeIDE_1.13.0/STM32CubeIDE/plugins/com.st.stm32cube.ide.mcu.externaltools.gnu-tools-for-stm32.11.3.rel1.win32_1.1.0.202305231506/tools/bin/../lib/gcc/arm-none-eabi/11.3.1/../../../../arm-none-eabi/lib/thumb/v7-m/nofp\libc_nano.a(libc_a-mlock.o)
 .ARM.attributes
                0x0000000000000449       0x2d D:/STM32CubeIDE_1.13.0/STM32CubeIDE/plugins/com.st.stm32cube.ide.mcu.externaltools.gnu-tools-for-stm32.11.3.rel1.win32_1.1.0.202305231506/tools/bin/../lib/gcc/arm-none-eabi/11.3.1/../../../../arm-none-eabi/lib/thumb/v7-m/nofp\libc_nano.a(libc_a-nano-svfprintf.o)
 .ARM.attributes
                0x0000000000000476       0x2d D:/STM32CubeIDE_1.13.0/STM32CubeIDE/plugins/com.st.stm32cube.ide.mcu.externaltools.gnu-tools-for-stm32.11.3.rel1.win32_1.1.0.202305231506/tools/bin/../lib/gcc/arm-none-eabi/11.3.1/../../../../arm-none-eabi/lib/thumb/v7-m/nofp\libc_nano.a(libc_a-nano-vfprintf_i.o)
 .ARM.attributes
                0x00000000000004a3       0x2d D:/STM32CubeIDE_1.13.0/STM32CubeIDE/plugins/com.st.stm32cube.ide.mcu.externaltools.gnu-tools-for-stm32.11.3.rel1.win32_1.1.0.202305231506/tools/bin/../lib/gcc/arm-none-eabi/11.3.1/../../../../arm-none-eabi/lib/thumb/v7-m/nofp\libc_nano.a(libc_a-memmove.o)
 .ARM.attributes
                0x00000000000004d0       0x2d D:/STM32CubeIDE_1.13.0/STM32CubeIDE/plugins/com.st.stm32cube.ide.mcu.externaltools.gnu-tools-for-stm32.11.3.rel1.win32_1.1.0.202305231506/tools/bin/../lib/gcc/arm-none-eabi/11.3.1/../../../../arm-none-eabi/lib/thumb/v7-m/nofp\libc_nano.a(libc_a-sbrkr.o)
 .ARM.attributes
                0x00000000000004fd       0x2d D:/STM32CubeIDE_1.13.0/STM32CubeIDE/plugins/com.st.stm32cube.ide.mcu.externaltools.gnu-tools-for-stm32.11.3.rel1.win32_1.1.0.202305231506/tools/bin/../lib/gcc/arm-none-eabi/11.3.1/../../../../arm-none-eabi/lib/thumb/v7-m/nofp\libc_nano.a(libc_a-memchr-stub.o)
 .ARM.attributes
                0x000000000000052a       0x2d D:/STM32CubeIDE_1.13.0/STM32CubeIDE/plugins/com.st.stm32cube.ide.mcu.externaltools.gnu-tools-for-stm32.11.3.rel1.win32_1.1.0.202305231506/tools/bin/../lib/gcc/arm-none-eabi/11.3.1/../../../../arm-none-eabi/lib/thumb/v7-m/nofp\libc_nano.a(libc_a-memcpy-stub.o)
 .ARM.attributes
                0x0000000000000557       0x2d D:/STM32CubeIDE_1.13.0/STM32CubeIDE/plugins/com.st.stm32cube.ide.mcu.externaltools.gnu-tools-for-stm32.11.3.rel1.win32_1.1.0.202305231506/tools/bin/../lib/gcc/arm-none-eabi/11.3.1/../../../../arm-none-eabi/lib/thumb/v7-m/nofp\libc_nano.a(libc_a-reallocr.o)
 .ARM.attributes
                0x0000000000000584       0x2d D:/STM32CubeIDE_1.13.0/STM32CubeIDE/plugins/com.st.stm32cube.ide.mcu.externaltools.gnu-tools-for-stm32.11.3.rel1.win32_1.1.0.202305231506/tools/bin/../lib/gcc/arm-none-eabi/11.3.1/../../../../arm-none-eabi/lib/thumb/v7-m/nofp\libc_nano.a(libc_a-msizer.o)
 .ARM.attributes
                0x00000000000005b1       0x1d D:/STM32CubeIDE_1.13.0/STM32CubeIDE/plugins/com.st.stm32cube.ide.mcu.externaltools.gnu-tools-for-stm32.11.3.rel1.win32_1.1.0.202305231506/tools/bin/../lib/gcc/arm-none-eabi/11.3.1/thumb/v7-m/nofp/crtn.o
OUTPUT(parking_ststem.elf elf32-littlearm)
LOAD linker stubs
LOAD D:/STM32CubeIDE_1.13.0/STM32CubeIDE/plugins/com.st.stm32cube.ide.mcu.externaltools.gnu-tools-for-stm32.11.3.rel1.win32_1.1.0.202305231506/tools/bin/../lib/gcc/arm-none-eabi/11.3.1/../../../../arm-none-eabi/lib/thumb/v7-m/nofp\libc.a
LOAD D:/STM32CubeIDE_1.13.0/STM32CubeIDE/plugins/com.st.stm32cube.ide.mcu.externaltools.gnu-tools-for-stm32.11.3.rel1.win32_1.1.0.202305231506/tools/bin/../lib/gcc/arm-none-eabi/11.3.1/../../../../arm-none-eabi/lib/thumb/v7-m/nofp\libm.a
LOAD D:/STM32CubeIDE_1.13.0/STM32CubeIDE/plugins/com.st.stm32cube.ide.mcu.externaltools.gnu-tools-for-stm32.11.3.rel1.win32_1.1.0.202305231506/tools/bin/../lib/gcc/arm-none-eabi/11.3.1/thumb/v7-m/nofp\libgcc.a

.comment        0x0000000000000000       0x43
 .comment       0x0000000000000000       0x43 D:/STM32CubeIDE_1.13.0/STM32CubeIDE/plugins/com.st.stm32cube.ide.mcu.externaltools.gnu-tools-for-stm32.11.3.rel1.win32_1.1.0.202305231506/tools/bin/../lib/gcc/arm-none-eabi/11.3.1/thumb/v7-m/nofp/crtbegin.o
                                         0x44 (size before relaxing)
 .comment       0x0000000000000043       0x44 ./App/app.o
 .comment       0x0000000000000043       0x44 ./HAL/PIR.o
 .comment       0x0000000000000043       0x44 ./HAL/Servo_Motor.o
 .comment       0x0000000000000043       0x44 ./HAL/keypad.o
 .comment       0x0000000000000043       0x44 ./HAL/lcd.o
 .comment       0x0000000000000043       0x44 ./HAL/led.o
 .comment       0x0000000000000043       0x44 ./MCAL/RCC_clock_configuration.o
 .comment       0x0000000000000043       0x44 ./MCAL/Timer.o
 .comment       0x0000000000000043       0x44 ./MCAL/stm32_f103c6_gpio_driver.o
 .comment       0x0000000000000043       0x44 ./MCAL/stm32_f103c6_uart_driver.o
 .comment       0x0000000000000043       0x44 ./Src/main.o
 .comment       0x0000000000000043       0x44 ./Src/sysmem.o

.debug_info     0x0000000000000000     0x2699
 .debug_info    0x0000000000000000      0x81d ./App/app.o
 .debug_info    0x000000000000081d      0x25c ./HAL/PIR.o
 .debug_info    0x0000000000000a79      0x242 ./HAL/Servo_Motor.o
 .debug_info    0x0000000000000cbb      0x29a ./HAL/keypad.o
 .debug_info    0x0000000000000f55      0x663 ./HAL/lcd.o
 .debug_info    0x00000000000015b8      0x209 ./HAL/led.o
 .debug_info    0x00000000000017c1      0x20d ./MCAL/RCC_clock_configuration.o
 .debug_info    0x00000000000019ce       0xfc ./MCAL/Timer.o
 .debug_info    0x0000000000001aca      0x454 ./MCAL/stm32_f103c6_gpio_driver.o
 .debug_info    0x0000000000001f1e      0x51f ./MCAL/stm32_f103c6_uart_driver.o
 .debug_info    0x000000000000243d       0xd1 ./Src/main.o
 .debug_info    0x000000000000250e      0x168 ./Src/sysmem.o
 .debug_info    0x0000000000002676       0x23 ./Startup/startup_stm32f103c6tx.o

.debug_abbrev   0x0000000000000000      0xdef
 .debug_abbrev  0x0000000000000000      0x1e7 ./App/app.o
 .debug_abbrev  0x00000000000001e7      0x116 ./HAL/PIR.o
 .debug_abbrev  0x00000000000002fd       0xf9 ./HAL/Servo_Motor.o
 .debug_abbrev  0x00000000000003f6      0x15e ./HAL/keypad.o
 .debug_abbrev  0x0000000000000554      0x16d ./HAL/lcd.o
 .debug_abbrev  0x00000000000006c1       0xe0 ./HAL/led.o
 .debug_abbrev  0x00000000000007a1       0xdc ./MCAL/RCC_clock_configuration.o
 .debug_abbrev  0x000000000000087d       0xae ./MCAL/Timer.o
 .debug_abbrev  0x000000000000092b      0x195 ./MCAL/stm32_f103c6_gpio_driver.o
 .debug_abbrev  0x0000000000000ac0      0x200 ./MCAL/stm32_f103c6_uart_driver.o
 .debug_abbrev  0x0000000000000cc0       0x61 ./Src/main.o
 .debug_abbrev  0x0000000000000d21       0xbc ./Src/sysmem.o
 .debug_abbrev  0x0000000000000ddd       0x12 ./Startup/startup_stm32f103c6tx.o

.debug_aranges  0x0000000000000000      0x340
 .debug_aranges
                0x0000000000000000       0x50 ./App/app.o
 .debug_aranges
                0x0000000000000050       0x30 ./HAL/PIR.o
 .debug_aranges
                0x0000000000000080       0x38 ./HAL/Servo_Motor.o
 .debug_aranges
                0x00000000000000b8       0x30 ./HAL/keypad.o
 .debug_aranges
                0x00000000000000e8       0x80 ./HAL/lcd.o
 .debug_aranges
                0x0000000000000168       0x40 ./HAL/led.o
 .debug_aranges
                0x00000000000001a8       0x38 ./MCAL/RCC_clock_configuration.o
 .debug_aranges
                0x00000000000001e0       0x30 ./MCAL/Timer.o
 .debug_aranges
                0x0000000000000210       0x68 ./MCAL/stm32_f103c6_gpio_driver.o
 .debug_aranges
                0x0000000000000278       0x60 ./MCAL/stm32_f103c6_uart_driver.o
 .debug_aranges
                0x00000000000002d8       0x20 ./Src/main.o
 .debug_aranges
                0x00000000000002f8       0x20 ./Src/sysmem.o
 .debug_aranges
                0x0000000000000318       0x28 ./Startup/startup_stm32f103c6tx.o

.debug_rnglists
                0x0000000000000000      0x23c
 .debug_rnglists
                0x0000000000000000       0x3a ./App/app.o
 .debug_rnglists
                0x000000000000003a       0x1f ./HAL/PIR.o
 .debug_rnglists
                0x0000000000000059       0x25 ./HAL/Servo_Motor.o
 .debug_rnglists
                0x000000000000007e       0x21 ./HAL/keypad.o
 .debug_rnglists
                0x000000000000009f       0x5d ./HAL/lcd.o
 .debug_rnglists
                0x00000000000000fc       0x2b ./HAL/led.o
 .debug_rnglists
                0x0000000000000127       0x25 ./MCAL/RCC_clock_configuration.o
 .debug_rnglists
                0x000000000000014c       0x1f ./MCAL/Timer.o
 .debug_rnglists
                0x000000000000016b       0x4c ./MCAL/stm32_f103c6_gpio_driver.o
 .debug_rnglists
                0x00000000000001b7       0x46 ./MCAL/stm32_f103c6_uart_driver.o
 .debug_rnglists
                0x00000000000001fd       0x13 ./Src/main.o
 .debug_rnglists
                0x0000000000000210       0x13 ./Src/sysmem.o
 .debug_rnglists
                0x0000000000000223       0x19 ./Startup/startup_stm32f103c6tx.o

.debug_macro    0x0000000000000000     0x3ba9
 .debug_macro   0x0000000000000000      0x1e6 ./App/app.o
 .debug_macro   0x00000000000001e6      0xaa2 ./App/app.o
 .debug_macro   0x0000000000000c88       0x24 ./App/app.o
 .debug_macro   0x0000000000000cac       0x22 ./App/app.o
 .debug_macro   0x0000000000000cce       0x5b ./App/app.o
 .debug_macro   0x0000000000000d29       0x94 ./App/app.o
 .debug_macro   0x0000000000000dbd       0x43 ./App/app.o
 .debug_macro   0x0000000000000e00       0x34 ./App/app.o
 .debug_macro   0x0000000000000e34       0x16 ./App/app.o
 .debug_macro   0x0000000000000e4a      0x10e ./App/app.o
 .debug_macro   0x0000000000000f58       0x8d ./App/app.o
 .debug_macro   0x0000000000000fe5       0x16 ./App/app.o
 .debug_macro   0x0000000000000ffb       0x43 ./App/app.o
 .debug_macro   0x000000000000103e       0x57 ./App/app.o
 .debug_macro   0x0000000000001095       0x34 ./App/app.o
 .debug_macro   0x00000000000010c9       0x10 ./App/app.o
 .debug_macro   0x00000000000010d9       0x58 ./App/app.o
 .debug_macro   0x0000000000001131       0x8e ./App/app.o
 .debug_macro   0x00000000000011bf       0x1c ./App/app.o
 .debug_macro   0x00000000000011db      0x177 ./App/app.o
 .debug_macro   0x0000000000001352      0x369 ./App/app.o
 .debug_macro   0x00000000000016bb       0x16 ./App/app.o
 .debug_macro   0x00000000000016d1       0x29 ./App/app.o
 .debug_macro   0x00000000000016fa      0x103 ./App/app.o
 .debug_macro   0x00000000000017fd       0x6a ./App/app.o
 .debug_macro   0x0000000000001867      0x1df ./App/app.o
 .debug_macro   0x0000000000001a46       0x1c ./App/app.o
 .debug_macro   0x0000000000001a62       0x35 ./App/app.o
 .debug_macro   0x0000000000001a97       0x10 ./App/app.o
 .debug_macro   0x0000000000001aa7       0x1c ./App/app.o
 .debug_macro   0x0000000000001ac3       0x16 ./App/app.o
 .debug_macro   0x0000000000001ad9      0x147 ./App/app.o
 .debug_macro   0x0000000000001c20      0x6a9 ./App/app.o
 .debug_macro   0x00000000000022c9       0xc4 ./App/app.o
 .debug_macro   0x000000000000238d       0x16 ./App/app.o
 .debug_macro   0x00000000000023a3       0xe8 ./App/app.o
 .debug_macro   0x000000000000248b       0x46 ./App/app.o
 .debug_macro   0x00000000000024d1       0x10 ./App/app.o
 .debug_macro   0x00000000000024e1       0x1c ./App/app.o
 .debug_macro   0x00000000000024fd       0x10 ./App/app.o
 .debug_macro   0x000000000000250d       0x40 ./App/app.o
 .debug_macro   0x000000000000254d       0x1c ./App/app.o
 .debug_macro   0x0000000000002569      0x1a2 ./HAL/PIR.o
 .debug_macro   0x000000000000270b       0x40 ./HAL/PIR.o
 .debug_macro   0x000000000000274b       0x16 ./HAL/PIR.o
 .debug_macro   0x0000000000002761      0x1a6 ./HAL/Servo_Motor.o
 .debug_macro   0x0000000000002907      0x193 ./HAL/keypad.o
 .debug_macro   0x0000000000002a9a       0x3a ./HAL/keypad.o
 .debug_macro   0x0000000000002ad4      0x1cb ./HAL/lcd.o
 .debug_macro   0x0000000000002c9f       0x8e ./HAL/lcd.o
 .debug_macro   0x0000000000002d2d       0x51 ./HAL/lcd.o
 .debug_macro   0x0000000000002d7e       0x61 ./HAL/lcd.o
 .debug_macro   0x0000000000002ddf      0x18f ./HAL/led.o
 .debug_macro   0x0000000000002f6e       0x16 ./HAL/led.o
 .debug_macro   0x0000000000002f84      0x189 ./MCAL/RCC_clock_configuration.o
 .debug_macro   0x000000000000310d       0xca ./MCAL/RCC_clock_configuration.o
 .debug_macro   0x00000000000031d7       0x10 ./MCAL/RCC_clock_configuration.o
 .debug_macro   0x00000000000031e7      0x189 ./MCAL/Timer.o
 .debug_macro   0x0000000000003370      0x180 ./MCAL/stm32_f103c6_gpio_driver.o
 .debug_macro   0x00000000000034f0      0x192 ./MCAL/stm32_f103c6_uart_driver.o
 .debug_macro   0x0000000000003682      0x1ec ./Src/main.o
 .debug_macro   0x000000000000386e       0xff ./Src/sysmem.o
 .debug_macro   0x000000000000396d      0x23c ./Src/sysmem.o

.debug_line     0x0000000000000000     0x5a14
 .debug_line    0x0000000000000000      0x94c ./App/app.o
 .debug_line    0x000000000000094c      0x6c2 ./HAL/PIR.o
 .debug_line    0x000000000000100e      0x6f0 ./HAL/Servo_Motor.o
 .debug_line    0x00000000000016fe      0x7ca ./HAL/keypad.o
 .debug_line    0x0000000000001ec8      0x92e ./HAL/lcd.o
 .debug_line    0x00000000000027f6      0x6d5 ./HAL/led.o
 .debug_line    0x0000000000002ecb      0x6b3 ./MCAL/RCC_clock_configuration.o
 .debug_line    0x000000000000357e      0x689 ./MCAL/Timer.o
 .debug_line    0x0000000000003c07      0x86d ./MCAL/stm32_f103c6_gpio_driver.o
 .debug_line    0x0000000000004474      0x87e ./MCAL/stm32_f103c6_uart_driver.o
 .debug_line    0x0000000000004cf2      0x742 ./Src/main.o
 .debug_line    0x0000000000005434      0x565 ./Src/sysmem.o
 .debug_line    0x0000000000005999       0x7b ./Startup/startup_stm32f103c6tx.o

.debug_str      0x0000000000000000     0xb4d7
 .debug_str     0x0000000000000000     0xaa50 ./App/app.o
                                       0xac77 (size before relaxing)
 .debug_str     0x000000000000aa50       0x92 ./HAL/PIR.o
                                       0xa0a5 (size before relaxing)
 .debug_str     0x000000000000aae2       0x56 ./HAL/Servo_Motor.o
                                       0xa09d (size before relaxing)
 .debug_str     0x000000000000ab38       0x52 ./HAL/keypad.o
                                       0x9f1f (size before relaxing)
 .debug_str     0x000000000000ab8a      0x1dd ./HAL/lcd.o
                                       0xa259 (size before relaxing)
 .debug_str     0x000000000000ad67        0xd ./HAL/led.o
                                       0x9eb8 (size before relaxing)
 .debug_str     0x000000000000ad74       0x92 ./MCAL/RCC_clock_configuration.o
                                       0x9ed0 (size before relaxing)
 .debug_str     0x000000000000ae06       0x10 ./MCAL/Timer.o
                                       0x9f7e (size before relaxing)
 .debug_str     0x000000000000ae16       0xc5 ./MCAL/stm32_f103c6_gpio_driver.o
                                       0x9f69 (size before relaxing)
 .debug_str     0x000000000000aedb       0xe3 ./MCAL/stm32_f103c6_uart_driver.o
                                       0xa69f (size before relaxing)
 .debug_str     0x000000000000afbe       0x13 ./Src/main.o
                                       0xa735 (size before relaxing)
 .debug_str     0x000000000000afd1      0x4d7 ./Src/sysmem.o
                                       0x6021 (size before relaxing)
 .debug_str     0x000000000000b4a8       0x2f ./Startup/startup_stm32f103c6tx.o
                                         0x88 (size before relaxing)

.debug_frame    0x0000000000000000      0xef8
 .debug_frame   0x0000000000000000       0xfc ./App/app.o
 .debug_frame   0x00000000000000fc       0x7c ./HAL/PIR.o
 .debug_frame   0x0000000000000178       0xa0 ./HAL/Servo_Motor.o
 .debug_frame   0x0000000000000218       0x80 ./HAL/keypad.o
 .debug_frame   0x0000000000000298      0x1ec ./HAL/lcd.o
 .debug_frame   0x0000000000000484       0xa4 ./HAL/led.o
 .debug_frame   0x0000000000000528       0x84 ./MCAL/RCC_clock_configuration.o
 .debug_frame   0x00000000000005ac       0x7c ./MCAL/Timer.o
 .debug_frame   0x0000000000000628      0x1a0 ./MCAL/stm32_f103c6_gpio_driver.o
 .debug_frame   0x00000000000007c8      0x14c ./MCAL/stm32_f103c6_uart_driver.o
 .debug_frame   0x0000000000000914       0x2c ./Src/main.o
 .debug_frame   0x0000000000000940       0x34 ./Src/sysmem.o
 .debug_frame   0x0000000000000974      0x13c D:/STM32CubeIDE_1.13.0/STM32CubeIDE/plugins/com.st.stm32cube.ide.mcu.externaltools.gnu-tools-for-stm32.11.3.rel1.win32_1.1.0.202305231506/tools/bin/../lib/gcc/arm-none-eabi/11.3.1/../../../../arm-none-eabi/lib/thumb/v7-m/nofp\libc_nano.a(libc_a-findfp.o)
 .debug_frame   0x0000000000000ab0       0x6c D:/STM32CubeIDE_1.13.0/STM32CubeIDE/plugins/com.st.stm32cube.ide.mcu.externaltools.gnu-tools-for-stm32.11.3.rel1.win32_1.1.0.202305231506/tools/bin/../lib/gcc/arm-none-eabi/11.3.1/../../../../arm-none-eabi/lib/thumb/v7-m/nofp\libc_nano.a(libc_a-sprintf.o)
 .debug_frame   0x0000000000000b1c       0x38 D:/STM32CubeIDE_1.13.0/STM32CubeIDE/plugins/com.st.stm32cube.ide.mcu.externaltools.gnu-tools-for-stm32.11.3.rel1.win32_1.1.0.202305231506/tools/bin/../lib/gcc/arm-none-eabi/11.3.1/../../../../arm-none-eabi/lib/thumb/v7-m/nofp\libc_nano.a(libc_a-reent.o)
 .debug_frame   0x0000000000000b54       0x20 D:/STM32CubeIDE_1.13.0/STM32CubeIDE/plugins/com.st.stm32cube.ide.mcu.externaltools.gnu-tools-for-stm32.11.3.rel1.win32_1.1.0.202305231506/tools/bin/../lib/gcc/arm-none-eabi/11.3.1/../../../../arm-none-eabi/lib/thumb/v7-m/nofp\libc_nano.a(libc_a-errno.o)
 .debug_frame   0x0000000000000b74       0x2c D:/STM32CubeIDE_1.13.0/STM32CubeIDE/plugins/com.st.stm32cube.ide.mcu.externaltools.gnu-tools-for-stm32.11.3.rel1.win32_1.1.0.202305231506/tools/bin/../lib/gcc/arm-none-eabi/11.3.1/../../../../arm-none-eabi/lib/thumb/v7-m/nofp\libc_nano.a(libc_a-init.o)
 .debug_frame   0x0000000000000ba0       0xb0 D:/STM32CubeIDE_1.13.0/STM32CubeIDE/plugins/com.st.stm32cube.ide.mcu.externaltools.gnu-tools-for-stm32.11.3.rel1.win32_1.1.0.202305231506/tools/bin/../lib/gcc/arm-none-eabi/11.3.1/../../../../arm-none-eabi/lib/thumb/v7-m/nofp\libc_nano.a(libc_a-lock.o)
 .debug_frame   0x0000000000000c50       0x38 D:/STM32CubeIDE_1.13.0/STM32CubeIDE/plugins/com.st.stm32cube.ide.mcu.externaltools.gnu-tools-for-stm32.11.3.rel1.win32_1.1.0.202305231506/tools/bin/../lib/gcc/arm-none-eabi/11.3.1/../../../../arm-none-eabi/lib/thumb/v7-m/nofp\libc_nano.a(libc_a-freer.o)
 .debug_frame   0x0000000000000c88       0x50 D:/STM32CubeIDE_1.13.0/STM32CubeIDE/plugins/com.st.stm32cube.ide.mcu.externaltools.gnu-tools-for-stm32.11.3.rel1.win32_1.1.0.202305231506/tools/bin/../lib/gcc/arm-none-eabi/11.3.1/../../../../arm-none-eabi/lib/thumb/v7-m/nofp\libc_nano.a(libc_a-mallocr.o)
 .debug_frame   0x0000000000000cd8       0x30 D:/STM32CubeIDE_1.13.0/STM32CubeIDE/plugins/com.st.stm32cube.ide.mcu.externaltools.gnu-tools-for-stm32.11.3.rel1.win32_1.1.0.202305231506/tools/bin/../lib/gcc/arm-none-eabi/11.3.1/../../../../arm-none-eabi/lib/thumb/v7-m/nofp\libc_nano.a(libc_a-mlock.o)
 .debug_frame   0x0000000000000d08       0x90 D:/STM32CubeIDE_1.13.0/STM32CubeIDE/plugins/com.st.stm32cube.ide.mcu.externaltools.gnu-tools-for-stm32.11.3.rel1.win32_1.1.0.202305231506/tools/bin/../lib/gcc/arm-none-eabi/11.3.1/../../../../arm-none-eabi/lib/thumb/v7-m/nofp\libc_nano.a(libc_a-nano-svfprintf.o)
 .debug_frame   0x0000000000000d98       0x60 D:/STM32CubeIDE_1.13.0/STM32CubeIDE/plugins/com.st.stm32cube.ide.mcu.externaltools.gnu-tools-for-stm32.11.3.rel1.win32_1.1.0.202305231506/tools/bin/../lib/gcc/arm-none-eabi/11.3.1/../../../../arm-none-eabi/lib/thumb/v7-m/nofp\libc_nano.a(libc_a-nano-vfprintf_i.o)
 .debug_frame   0x0000000000000df8       0x28 D:/STM32CubeIDE_1.13.0/STM32CubeIDE/plugins/com.st.stm32cube.ide.mcu.externaltools.gnu-tools-for-stm32.11.3.rel1.win32_1.1.0.202305231506/tools/bin/../lib/gcc/arm-none-eabi/11.3.1/../../../../arm-none-eabi/lib/thumb/v7-m/nofp\libc_nano.a(libc_a-memmove.o)
 .debug_frame   0x0000000000000e20       0x2c D:/STM32CubeIDE_1.13.0/STM32CubeIDE/plugins/com.st.stm32cube.ide.mcu.externaltools.gnu-tools-for-stm32.11.3.rel1.win32_1.1.0.202305231506/tools/bin/../lib/gcc/arm-none-eabi/11.3.1/../../../../arm-none-eabi/lib/thumb/v7-m/nofp\libc_nano.a(libc_a-sbrkr.o)
 .debug_frame   0x0000000000000e4c       0x28 D:/STM32CubeIDE_1.13.0/STM32CubeIDE/plugins/com.st.stm32cube.ide.mcu.externaltools.gnu-tools-for-stm32.11.3.rel1.win32_1.1.0.202305231506/tools/bin/../lib/gcc/arm-none-eabi/11.3.1/../../../../arm-none-eabi/lib/thumb/v7-m/nofp\libc_nano.a(libc_a-memchr-stub.o)
 .debug_frame   0x0000000000000e74       0x28 D:/STM32CubeIDE_1.13.0/STM32CubeIDE/plugins/com.st.stm32cube.ide.mcu.externaltools.gnu-tools-for-stm32.11.3.rel1.win32_1.1.0.202305231506/tools/bin/../lib/gcc/arm-none-eabi/11.3.1/../../../../arm-none-eabi/lib/thumb/v7-m/nofp\libc_nano.a(libc_a-memcpy-stub.o)
 .debug_frame   0x0000000000000e9c       0x3c D:/STM32CubeIDE_1.13.0/STM32CubeIDE/plugins/com.st.stm32cube.ide.mcu.externaltools.gnu-tools-for-stm32.11.3.rel1.win32_1.1.0.202305231506/tools/bin/../lib/gcc/arm-none-eabi/11.3.1/../../../../arm-none-eabi/lib/thumb/v7-m/nofp\libc_nano.a(libc_a-reallocr.o)
 .debug_frame   0x0000000000000ed8       0x20 D:/STM32CubeIDE_1.13.0/STM32CubeIDE/plugins/com.st.stm32cube.ide.mcu.externaltools.gnu-tools-for-stm32.11.3.rel1.win32_1.1.0.202305231506/tools/bin/../lib/gcc/arm-none-eabi/11.3.1/../../../../arm-none-eabi/lib/thumb/v7-m/nofp\libc_nano.a(libc_a-msizer.o)

.debug_line_str
                0x0000000000000000       0x7c
 .debug_line_str
                0x0000000000000000       0x7c ./Startup/startup_stm32f103c6tx.o
                                         0x94 (size before relaxing)
